Archive member included because of file (symbol)

c:/program files (x86)/gnu tools arm embedded/4.8 2014q2/bin/../lib/gcc/arm-none-eabi/4.8.4/armv7e-m/fpu\libgcc.a(_arm_addsubdf3.o)
                              ..\obj\GenericUART.o (__aeabi_f2d)
c:/program files (x86)/gnu tools arm embedded/4.8 2014q2/bin/../lib/gcc/arm-none-eabi/4.8.4/armv7e-m/fpu\libgcc.a(unwind-arm.o)
                              ..\obj\main.o (__aeabi_unwind_cpp_pr0)
c:/program files (x86)/gnu tools arm embedded/4.8 2014q2/bin/../lib/gcc/arm-none-eabi/4.8.4/armv7e-m/fpu\libgcc.a(libunwind.o)
                              c:/program files (x86)/gnu tools arm embedded/4.8 2014q2/bin/../lib/gcc/arm-none-eabi/4.8.4/armv7e-m/fpu\libgcc.a(unwind-arm.o) (restore_core_regs)
c:/program files (x86)/gnu tools arm embedded/4.8 2014q2/bin/../lib/gcc/arm-none-eabi/4.8.4/armv7e-m/fpu\libgcc.a(pr-support.o)
                              c:/program files (x86)/gnu tools arm embedded/4.8 2014q2/bin/../lib/gcc/arm-none-eabi/4.8.4/armv7e-m/fpu\libgcc.a(unwind-arm.o) (__gnu_unwind_execute)
..\..\..\..\..\..\..\Program Files (x86)\GNU Tools ARM Embedded\4.8 2014q2\arm-none-eabi\lib\armv7e-m\fpu\libc.a(lib_a-aeabi_atexit.o)
                              ..\obj\FlightDynamics.o (__aeabi_atexit)
..\..\..\..\..\..\..\Program Files (x86)\GNU Tools ARM Embedded\4.8 2014q2\arm-none-eabi\lib\armv7e-m\fpu\libc.a(lib_a-cxa_atexit.o)
                              ..\..\..\..\..\..\..\Program Files (x86)\GNU Tools ARM Embedded\4.8 2014q2\arm-none-eabi\lib\armv7e-m\fpu\libc.a(lib_a-aeabi_atexit.o) (__cxa_atexit)
..\..\..\..\..\..\..\Program Files (x86)\GNU Tools ARM Embedded\4.8 2014q2\arm-none-eabi\lib\armv7e-m\fpu\libc.a(lib_a-exit.o)
                              c:/program files (x86)/gnu tools arm embedded/4.8 2014q2/bin/../lib/gcc/arm-none-eabi/4.8.4/../../../../arm-none-eabi/lib/armv7e-m/fpu/crt0.o (exit)
..\..\..\..\..\..\..\Program Files (x86)\GNU Tools ARM Embedded\4.8 2014q2\arm-none-eabi\lib\armv7e-m\fpu\libc.a(lib_a-impure.o)
                              ..\..\..\..\..\..\..\Program Files (x86)\GNU Tools ARM Embedded\4.8 2014q2\arm-none-eabi\lib\armv7e-m\fpu\libc.a(lib_a-exit.o) (_global_impure_ptr)
..\..\..\..\..\..\..\Program Files (x86)\GNU Tools ARM Embedded\4.8 2014q2\arm-none-eabi\lib\armv7e-m\fpu\libc.a(lib_a-init.o)
                              c:/program files (x86)/gnu tools arm embedded/4.8 2014q2/bin/../lib/gcc/arm-none-eabi/4.8.4/../../../../arm-none-eabi/lib/armv7e-m/fpu/crt0.o (__libc_init_array)
..\..\..\..\..\..\..\Program Files (x86)\GNU Tools ARM Embedded\4.8 2014q2\arm-none-eabi\lib\armv7e-m\fpu\libc.a(lib_a-malloc.o)
                              ..\obj\LibraryHacks.o (malloc)
..\..\..\..\..\..\..\Program Files (x86)\GNU Tools ARM Embedded\4.8 2014q2\arm-none-eabi\lib\armv7e-m\fpu\libc.a(lib_a-mallocr.o)
                              ..\..\..\..\..\..\..\Program Files (x86)\GNU Tools ARM Embedded\4.8 2014q2\arm-none-eabi\lib\armv7e-m\fpu\libc.a(lib_a-malloc.o) (_malloc_r)
..\..\..\..\..\..\..\Program Files (x86)\GNU Tools ARM Embedded\4.8 2014q2\arm-none-eabi\lib\armv7e-m\fpu\libc.a(lib_a-memcmp.o)
                              ..\obj\tasks.o (memcmp)
..\..\..\..\..\..\..\Program Files (x86)\GNU Tools ARM Embedded\4.8 2014q2\arm-none-eabi\lib\armv7e-m\fpu\libc.a(lib_a-memcpy.o)
                              ..\obj\queue.o (memcpy)
..\..\..\..\..\..\..\Program Files (x86)\GNU Tools ARM Embedded\4.8 2014q2\arm-none-eabi\lib\armv7e-m\fpu\libc.a(lib_a-memset.o)
                              c:/program files (x86)/gnu tools arm embedded/4.8 2014q2/bin/../lib/gcc/arm-none-eabi/4.8.4/../../../../arm-none-eabi/lib/armv7e-m/fpu/crt0.o (memset)
..\..\..\..\..\..\..\Program Files (x86)\GNU Tools ARM Embedded\4.8 2014q2\arm-none-eabi\lib\armv7e-m\fpu\libc.a(lib_a-mlock.o)
                              ..\..\..\..\..\..\..\Program Files (x86)\GNU Tools ARM Embedded\4.8 2014q2\arm-none-eabi\lib\armv7e-m\fpu\libc.a(lib_a-mallocr.o) (__malloc_lock)
..\..\..\..\..\..\..\Program Files (x86)\GNU Tools ARM Embedded\4.8 2014q2\arm-none-eabi\lib\armv7e-m\fpu\libc.a(lib_a-sbrkr.o)
                              ..\..\..\..\..\..\..\Program Files (x86)\GNU Tools ARM Embedded\4.8 2014q2\arm-none-eabi\lib\armv7e-m\fpu\libc.a(lib_a-mallocr.o) (_sbrk_r)
..\..\..\..\..\..\..\Program Files (x86)\GNU Tools ARM Embedded\4.8 2014q2\arm-none-eabi\lib\armv7e-m\fpu\libc.a(lib_a-snprintf.o)
                              ..\obj\GenericUART.o (snprintf)
..\..\..\..\..\..\..\Program Files (x86)\GNU Tools ARM Embedded\4.8 2014q2\arm-none-eabi\lib\armv7e-m\fpu\libc.a(lib_a-sprintf.o)
                              ..\obj\tasks.o (sprintf)
..\..\..\..\..\..\..\Program Files (x86)\GNU Tools ARM Embedded\4.8 2014q2\arm-none-eabi\lib\armv7e-m\fpu\libc.a(lib_a-strlen.o)
                              ..\obj\tasks.o (strlen)
..\..\..\..\..\..\..\Program Files (x86)\GNU Tools ARM Embedded\4.8 2014q2\arm-none-eabi\lib\armv7e-m\fpu\libc.a(lib_a-svfprintf.o)
[...]
Memory Configuration

Name             Origin             Length             Attributes
FLASH            0x08000000         0x00080000         xr
RAM              0x20000000         0x00020000         xrw
RAM1             0x10000000         0x00010000         xrw
*default*        0x00000000         0xffffffff

Linker script and memory map

LOAD c:/program files (x86)/gnu tools arm embedded/4.8 2014q2/bin/../lib/gcc/arm-none-eabi/4.8.4/armv7e-m/fpu/crti.o
LOAD c:/program files (x86)/gnu tools arm embedded/4.8 2014q2/bin/../lib/gcc/arm-none-eabi/4.8.4/armv7e-m/fpu/crtbegin.o
LOAD c:/program files (x86)/gnu tools arm embedded/4.8 2014q2/bin/../lib/gcc/arm-none-eabi/4.8.4/../../../../arm-none-eabi/lib/armv7e-m/fpu/crt0.o
                0x20020000                _eram = 0x20020000

.text           0x08000000    0x13128
 *(.isr_vector)
 .isr_vector    0x08000000      0x188 ..\obj\startup_stm32f4xx.o
                0x08000000                g_pfnVectors
 *(.text*)
 .text          0x08000188       0x54 c:/program files (x86)/gnu tools arm embedded/4.8 2014q2/bin/../lib/gcc/arm-none-eabi/4.8.4/armv7e-m/fpu/crtbegin.o
 .text          0x080001dc       0x74 c:/program files (x86)/gnu tools arm embedded/4.8 2014q2/bin/../lib/gcc/arm-none-eabi/4.8.4/../../../../arm-none-eabi/lib/armv7e-m/fpu/crt0.o
                0x080001dc                _start
                0x080001dc                _mainCRTStartup
 .text._ZN5MutexC2ERKS_
                0x08000250       0x20 ..\obj\FlightControl.o
                0x08000250                Mutex::Mutex(Mutex const&)
                0x08000250                Mutex::Mutex(Mutex const&)
 .text._ZN5MutexD2Ev
                0x08000270       0x18 ..\obj\FlightControl.o
                0x08000270                Mutex::~Mutex()
                0x08000270                Mutex::~Mutex()
 .text._ZN5Mutex4takeEv
                0x08000288       0x20 ..\obj\FlightControl.o
                0x08000288                Mutex::take()
 .text._ZN5Mutex7releaseEv
                0x080002a8       0x2c ..\obj\FlightControl.o
                0x080002a8                Mutex::release()
 .text._ZN5MutexaSERS_
                0x080002d4       0x20 ..\obj\FlightControl.o
                0x080002d4                Mutex::operator=(Mutex&)
 .text._ZN5Mutex10get_handleEv
                0x080002f4       0x18 ..\obj\FlightControl.o
                0x080002f4                Mutex::get_handle()
 .text._ZN12MessageQueueD2Ev
                0x0800030c       0x1c ..\obj\FlightControl.o
                0x0800030c                MessageQueue::~MessageQueue()
                0x0800030c                MessageQueue::~MessageQueue()
 .text._ZN4TaskD2Ev
                0x08000328       0x34 ..\obj\FlightControl.o
                0x08000328                Task::~Task()
                0x08000328                Task::~Task()
 .text._ZN4TaskD0Ev
                0x0800035c       0x20 ..\obj\FlightControl.o
                0x0800035c                Task::~Task()
 .text._ZN9MessengerD2Ev
                0x0800037c       0x1c ..\obj\FlightControl.o
                0x0800037c                Messenger::~Messenger()
                0x0800037c                Messenger::~Messenger()
 .text._ZN17APP_InterfaceBase7publishEv
                0x08000398       0xa0 ..\obj\FlightControl.o
                0x08000398                APP_InterfaceBase::publish()
 .text._ZN17APP_InterfaceBase7receiveEv
                0x08000438       0x5c ..\obj\FlightControl.o
                0x08000438                APP_InterfaceBase::receive()
 .text._ZN13FlightControl3runEv
                0x08000494       0x28 ..\obj\FlightControl.o
                0x08000494                FlightControl::run()
 .text._ZN17ApplicationModuleD2Ev
                0x080004bc       0x3c ..\obj\FlightControl.o
                0x080004bc                ApplicationModule::~ApplicationModule()
                0x080004bc                ApplicationModule::~ApplicationModule()
 .text._ZN17ApplicationModuleD0Ev
                0x080004f8       0x20 ..\obj\FlightControl.o
                0x080004f8                ApplicationModule::~ApplicationModule()
 .text._ZN17APP_InterfaceBaseD2Ev
                0x08000518       0x28 ..\obj\FlightControl.o
                0x08000518                APP_InterfaceBase::~APP_InterfaceBase()
                0x08000518                APP_InterfaceBase::~APP_InterfaceBase()
 .text._ZN13APP_InterfaceI14APP_Attitude_IED2Ev
                0x08000540       0x24 ..\obj\FlightControl.o
                0x08000540                APP_Interface<APP_Attitude_I>::~APP_Interface()
                0x08000540                APP_Interface<APP_Attitude_I>::~APP_Interface()
 .text._ZN14APP_Attitude_ID2Ev
                0x08000564       0x24 ..\obj\FlightControl.o
                0x08000564                APP_Attitude_I::~APP_Attitude_I()
                0x08000564                APP_Attitude_I::~APP_Attitude_I()
 .text._ZN13FlightControlD2Ev
                0x08000588       0x3c ..\obj\FlightControl.o
                0x08000588                FlightControl::~FlightControl()
                0x08000588                FlightControl::~FlightControl()
 .text._ZN13FlightControlD0Ev
                0x080005c4       0x20 ..\obj\FlightControl.o
                0x080005c4                FlightControl::~FlightControl()
 .text._ZNK13APP_InterfaceI14APP_Attitude_IE4sizeEv
                0x080005e4       0x18 ..\obj\FlightControl.o
                0x080005e4                APP_Interface<APP_Attitude_I>::size() const
 .text._ZN17APP_InterfaceBaseC2ERKS_
                0x080005fc       0x38 ..\obj\FlightControl.o
                0x080005fc                APP_InterfaceBase::APP_InterfaceBase(APP_InterfaceBase const&)
                0x080005fc                APP_InterfaceBase::APP_InterfaceBase(APP_InterfaceBase const&)
 .text._ZN13APP_InterfaceI14APP_Attitude_IEC2ERKS1_
                0x08000634       0x2c ..\obj\FlightControl.o
                0x08000634                APP_Interface<APP_Attitude_I>::APP_Interface(APP_Interface<APP_Attitude_I> const&)
                0x08000634                APP_Interface<APP_Attitude_I>::APP_Interface(APP_Interface<APP_Attitude_I> const&)
 .text._ZN14APP_Attitude_IC2ERKS_
                0x08000660       0x5c ..\obj\FlightControl.o
                0x08000660                APP_Attitude_I::APP_Attitude_I(APP_Attitude_I const&)
                0x08000660                APP_Attitude_I::APP_Attitude_I(APP_Attitude_I const&)
 .text._ZN13APP_InterfaceI14APP_Attitude_IEplEPS0_
                0x080006bc       0x24 ..\obj\FlightControl.o
                0x080006bc                APP_Interface<APP_Attitude_I>::operator+(APP_Attitude_I*)
 .text._ZN5MutexC2Ev
                0x080006e0       0x28 ..\obj\FlightDynamics.o
                0x080006e0                Mutex::Mutex()
                0x080006e0                Mutex::Mutex()
 .text._ZN12MessageQueue11try_receiveEPv
                0x08000708       0x30 ..\obj\FlightDynamics.o
                0x08000708                MessageQueue::try_receive(void*)
 .text._ZN6EEPROM4loadEPvm
                0x08000738       0x18 ..\obj\FlightDynamics.o
                0x08000738                EEPROM::load(void*, unsigned long)
 .text._ZN7MessageC2Ev
                0x08000750       0x18 ..\obj\FlightDynamics.o
                0x08000750                Message::Message()
                0x08000750                Message::Message()
 .text._ZN19MessageDistributionD2Ev
                0x08000768       0x1c ..\obj\FlightDynamics.o
                0x08000768                MessageDistribution::~MessageDistribution()
                0x08000768                MessageDistribution::~MessageDistribution()
 .text._ZN19MessageDistribution11getInstanceEv
                0x08000784       0x64 ..\obj\FlightDynamics.o
                0x08000784                MessageDistribution::getInstance()
 .text._ZN19MessageDistribution9subscribeE11MessageTypeR12MessageQueue
                0x080007e8       0x70 ..\obj\FlightDynamics.o
                0x080007e8                MessageDistribution::subscribe(MessageType, MessageQueue&)
 .text._ZN19MessageDistributionC2Ev
                0x08000858       0x1c ..\obj\FlightDynamics.o
                0x08000858                MessageDistribution::MessageDistribution()
                0x08000858                MessageDistribution::MessageDistribution()
 .text._ZN9Messenger9subscribeE11MessageType
                0x08000874       0x28 ..\obj\FlightDynamics.o
                0x08000874                Messenger::subscribe(MessageType)
 .text._ZN9Messenger11try_receiveEPv
                0x0800089c       0x20 ..\obj\FlightDynamics.o
                0x0800089c                Messenger::try_receive(void*)
 .text._ZN14FlightDynamics4initEv
                0x080008bc       0x3c ..\obj\FlightDynamics.o
                0x080008bc                FlightDynamics::init()
 .text._ZN14FlightDynamics3runEv
                0x080008f8       0x5c ..\obj\FlightDynamics.o
                0x080008f8                FlightDynamics::run()
 .text._ZN14FlightDynamics14handle_messageER7Message
                0x08000954       0x44 ..\obj\FlightDynamics.o
                0x08000954                FlightDynamics::handle_message(Message&)
 .text._ZN14FlightDynamicsD2Ev
                0x08000998       0x30 ..\obj\FlightDynamics.o
                0x08000998                FlightDynamics::~FlightDynamics()
                0x08000998                FlightDynamics::~FlightDynamics()
 .text._ZN14FlightDynamicsD0Ev
                0x080009c8       0x20 ..\obj\FlightDynamics.o
                0x080009c8                FlightDynamics::~FlightDynamics()
 .text._ZN12MessageQueue4sendEPv
                0x080009e8       0x30 ..\obj\Communication.o
                0x080009e8                MessageQueue::send(void*)
 .text._ZN7MessageC2E11MessageTypehhhhhh
                0x08000a18       0x48 ..\obj\Communication.o
                0x08000a18                Message::Message(MessageType, unsigned char, unsigned char, unsigned char, unsigned char, unsigned char, unsigned char)
                0x08000a18                Message::Message(MessageType, unsigned char, unsigned char, unsigned char, unsigned char, unsigned char, unsigned char)
 .text._ZN19MessageDistribution9broadcastER7Message
                0x08000a60       0x60 ..\obj\Communication.o
                0x08000a60                MessageDistribution::broadcast(Message&)
 .text._ZN9Messenger9broadcastE7Message
                0x08000ac0       0x38 ..\obj\Communication.o
                0x08000ac0                Messenger::broadcast(Message)
 .text._ZN9Messenger9broadcastE11MessageType
                0x08000af8       0x50 ..\obj\Communication.o
                0x08000af8                Messenger::broadcast(MessageType)
 .text._ZN13Communication4initEv
                0x08000b48       0x14 ..\obj\Communication.o
                0x08000b48                Communication::init()
 .text._ZN13Communication3runEv
                0x08000b5c       0xfc ..\obj\Communication.o
                0x08000b5c                Communication::run()
 .text._ZN13Communication14handle_messageER7Message
                0x08000c58       0x2c ..\obj\Communication.o
                0x08000c58                Communication::handle_message(Message&)
 .text._ZN6GlobalIfEC2EfPKc
                0x08000c84       0x40 ..\obj\Communication.o
                0x08000c84                Global<float>::Global(float, char const*)
                0x08000c84                Global<float>::Global(float, char const*)
 .text._ZN6GlobalIfE3setEf
                0x08000cc4       0x2c ..\obj\Communication.o
                0x08000cc4                Global<float>::set(float)
 .text._ZN13CommunicationD2Ev
                0x08000cf0       0x3c ..\obj\Communication.o
                0x08000cf0                Communication::~Communication()
                0x08000cf0                Communication::~Communication()
 .text._ZN13CommunicationD0Ev
                0x08000d2c       0x20 ..\obj\Communication.o
                0x08000d2c                Communication::~Communication()
 .text._ZN6GlobalIfED2Ev
                0x08000d4c       0x1c ..\obj\Communication.o
                0x08000d4c                Global<float>::~Global()
                0x08000d4c                Global<float>::~Global()
 .text._Z41__static_initialization_and_destruction_0ii
                0x08000d68      0x244 ..\obj\Communication.o
 .text._GLOBAL__sub_I__ZN7Globals15angle_control_pE
                0x08000fac       0x10 ..\obj\Communication.o
 .text._ZN12ControlInput3runEv
                0x08000fbc       0x28 ..\obj\ControlInput.o
                0x08000fbc                ControlInput::run()
 .text._ZN12ControlInputD2Ev
                0x08000fe4       0x3c ..\obj\ControlInput.o
                0x08000fe4                ControlInput::~ControlInput()
                0x08000fe4                ControlInput::~ControlInput()
 .text._ZN12ControlInputD0Ev
                0x08001020       0x20 ..\obj\ControlInput.o
                0x08001020                ControlInput::~ControlInput()
 .text.vApplicationStackOverflowHook
                0x08001040        0x8 ..\obj\RTOSHooks.o
                0x08001040                vApplicationStackOverflowHook
 .text.vApplicationTickHook
                0x08001048       0x14 ..\obj\RTOSHooks.o
                0x08001048                vApplicationTickHook
 .text.vApplicationIdleHook
                0x0800105c       0x18 ..\obj\RTOSHooks.o
                0x0800105c                vApplicationIdleHook
 .text.vApplicationMallocFailedHook
                0x08001074        0x8 ..\obj\RTOSHooks.o
                0x08001074                vApplicationMallocFailedHook
 .text.Default_Reset_Handler
                0x0800107c       0x70 ..\obj\startup_stm32f4xx.o
                0x0800107c                Default_Reset_Handler
                0x0800107c                Reset_Handler
 .text.Default_Handler
                0x080010ec        0x8 ..\obj\startup_stm32f4xx.o
                0x080010ec                RTC_Alarm_IRQHandler
                0x080010ec                HASH_RNG_IRQHandler
                0x080010ec                EXTI2_IRQHandler
                0x080010ec                TIM8_CC_IRQHandler
                0x080010ec                DebugMon_Handler
                0x080010ec                TIM1_CC_IRQHandler
                0x080010ec                DMA2_Stream5_IRQHandler
                0x080010ec                HardFault_Handler
                0x080010ec                DMA1_Stream5_IRQHandler
                0x080010ec                PVD_IRQHandler
                0x080010ec                SDIO_IRQHandler
                0x080010ec                TAMP_STAMP_IRQHandler
                0x080010ec                NMI_Handler
                0x080010ec                CAN2_RX1_IRQHandler
                0x080010ec                EXTI3_IRQHandler
                0x080010ec                TIM8_TRG_COM_TIM14_IRQHandler
                0x080010ec                TIM1_UP_TIM10_IRQHandler
                0x080010ec                TIM8_UP_TIM13_IRQHandler
                0x080010ec                I2C3_ER_IRQHandler
                0x080010ec                EXTI0_IRQHandler
                0x080010ec                I2C2_EV_IRQHandler
                0x080010ec                DMA1_Stream2_IRQHandler
                0x080010ec                CAN1_RX0_IRQHandler
                0x080010ec                FPU_IRQHandler
                0x080010ec                OTG_HS_WKUP_IRQHandler
                0x080010ec                UsageFault_Handler
                0x080010ec                CAN2_SCE_IRQHandler
                0x080010ec                DMA2_Stream2_IRQHandler
                0x080010ec                SPI1_IRQHandler
                0x080010ec                TIM6_DAC_IRQHandler
                0x080010ec                TIM1_BRK_TIM9_IRQHandler
                0x080010ec                DCMI_IRQHandler
                0x080010ec                CAN2_RX0_IRQHandler
                0x080010ec                DMA2_Stream3_IRQHandler
                0x080010ec                USART6_IRQHandler
                0x080010ec                USART3_IRQHandler
                0x080010ec                CRYP_IRQHandler
                0x080010ec                CAN1_RX1_IRQHandler
                0x080010ec                UART5_IRQHandler
                0x080010ec                DMA2_Stream0_IRQHandler
                0x080010ec                TIM4_IRQHandler
                0x080010ec                I2C1_EV_IRQHandler
                0x080010ec                DMA1_Stream6_IRQHandler
                0x080010ec                DMA1_Stream1_IRQHandler
                0x080010ec                UART4_IRQHandler
                0x080010ec                TIM3_IRQHandler
                0x080010ec                RCC_IRQHandler
                0x080010ec                TIM8_BRK_TIM12_IRQHandler
                0x080010ec                EXTI15_10_IRQHandler
                0x080010ec                ADC_IRQHandler
                0x080010ec                DMA1_Stream7_IRQHandler
                0x080010ec                TIM7_IRQHandler
                0x080010ec                CAN2_TX_IRQHandler
                0x080010ec                TIM5_IRQHandler
                0x080010ec                DMA2_Stream7_IRQHandler
                0x080010ec                I2C3_EV_IRQHandler
                0x080010ec                EXTI9_5_IRQHandler
                0x080010ec                RTC_WKUP_IRQHandler
                0x080010ec                ETH_WKUP_IRQHandler
                0x080010ec                SPI2_IRQHandler
                0x080010ec                OTG_HS_EP1_IN_IRQHandler
                0x080010ec                MemManage_Handler
                0x080010ec                DMA1_Stream0_IRQHandler
                0x080010ec                CAN1_TX_IRQHandler
                0x080010ec                EXTI4_IRQHandler
                0x080010ec                FSMC_IRQHandler
                0x080010ec                ETH_IRQHandler
                0x080010ec                OTG_HS_EP1_OUT_IRQHandler
                0x080010ec                WWDG_IRQHandler
                0x080010ec                TIM2_IRQHandler
                0x080010ec                OTG_FS_WKUP_IRQHandler
                0x080010ec                TIM1_TRG_COM_TIM11_IRQHandler
                0x080010ec                OTG_HS_IRQHandler
                0x080010ec                EXTI1_IRQHandler
                0x080010ec                USART2_IRQHandler
                0x080010ec                I2C2_ER_IRQHandler
                0x080010ec                DMA2_Stream1_IRQHandler
                0x080010ec                CAN1_SCE_IRQHandler
                0x080010ec                FLASH_IRQHandler
                0x080010ec                DMA2_Stream4_IRQHandler
                0x080010ec                BusFault_Handler
                0x080010ec                USART1_IRQHandler
                0x080010ec                OTG_FS_IRQHandler
                0x080010ec                SPI3_IRQHandler
                0x080010ec                DMA1_Stream4_IRQHandler
                0x080010ec                I2C1_ER_IRQHandler
                0x080010ec                DMA2_Stream6_IRQHandler
                0x080010ec                DMA1_Stream3_IRQHandler
 .text._ZN12MessageQueueC2Ett
                0x080010f4       0x38 ..\obj\main.o
                0x080010f4                MessageQueue::MessageQueue(unsigned short, unsigned short)
                0x080010f4                MessageQueue::MessageQueue(unsigned short, unsigned short)
 .text._ZN4TaskC2EPKcmh
                0x0800112c       0x64 ..\obj\main.o
                0x0800112c                Task::Task(char const*, unsigned long, unsigned char)
                0x0800112c                Task::Task(char const*, unsigned long, unsigned char)
 .text._ZN4Task7runFuncEPv
                0x08001190       0x1c ..\obj\main.o
                0x08001190                Task::runFunc(void*)
 .text._Z14schedulerStartv
                0x080011ac        0xc ..\obj\main.o
                0x080011ac                schedulerStart()
 .text._ZN6EEPROMC2EPKcm
                0x080011b8       0x5c ..\obj\main.o
                0x080011b8                EEPROM::EEPROM(char const*, unsigned long)
                0x080011b8                EEPROM::EEPROM(char const*, unsigned long)
 .text._ZN9MessengerC2Ev
                0x08001214       0x20 ..\obj\main.o
                0x08001214                Messenger::Messenger()
                0x08001214                Messenger::Messenger()
 .text._ZN17ApplicationModuleC2EPKcmhm
                0x08001234       0x58 ..\obj\main.o
                0x08001234                ApplicationModule::ApplicationModule(char const*, unsigned long, unsigned char, unsigned long)
                0x08001234                ApplicationModule::ApplicationModule(char const*, unsigned long, unsigned char, unsigned long)
 .text._ZN13HAL_InterfaceD2Ev
                0x0800128c       0x28 ..\obj\main.o
                0x0800128c                HAL_Interface::~HAL_Interface()
                0x0800128c                HAL_Interface::~HAL_Interface()
 .text._ZN13HAL_InterfaceD0Ev
                0x080012b4       0x20 ..\obj\main.o
                0x080012b4                HAL_Interface::~HAL_Interface()
 .text._ZN13HAL_InterfaceC2Ev
                0x080012d4       0x20 ..\obj\main.o
                0x080012d4                HAL_Interface::HAL_Interface()
                0x080012d4                HAL_Interface::HAL_Interface()
 .text._ZN19HAL_Accelerometer_IC2Ev
                0x080012f4       0x24 ..\obj\main.o
                0x080012f4                HAL_Accelerometer_I::HAL_Accelerometer_I()
                0x080012f4                HAL_Accelerometer_I::HAL_Accelerometer_I()
 .text._ZN19HAL_Accelerometer_ID2Ev
                0x08001318       0x30 ..\obj\main.o
                0x08001318                HAL_Accelerometer_I::~HAL_Accelerometer_I()
                0x08001318                HAL_Accelerometer_I::~HAL_Accelerometer_I()
 .text._ZN19HAL_Accelerometer_ID0Ev
                0x08001348       0x20 ..\obj\main.o
                0x08001348                HAL_Accelerometer_I::~HAL_Accelerometer_I()
 .text._ZN7MPU9150C2Ev
                0x08001368       0x24 ..\obj\main.o
                0x08001368                MPU9150::MPU9150()
                0x08001368                MPU9150::MPU9150()
 .text._ZN7MPU91508is_aliveEv
                0x0800138c       0x18 ..\obj\main.o
                0x0800138c                MPU9150::is_alive()
 .text._ZN7MPU91508is_errorEv
                0x080013a4       0x18 ..\obj\main.o
                0x080013a4                MPU9150::is_error()
 .text._ZN7MPU91508get_dataERfS0_S0_
                0x080013bc       0x1c ..\obj\main.o
                0x080013bc                MPU9150::get_data(float&, float&, float&)
 .text._ZN7MPU91507restartEv
                0x080013d8       0x14 ..\obj\main.o
                0x080013d8                MPU9150::restart()
 .text._ZN7MPU915015set_calibrationER24AccelerometerCalibration
                0x080013ec       0x14 ..\obj\main.o
                0x080013ec                MPU9150::set_calibration(AccelerometerCalibration&)
 .text._ZN7MPU915015get_calibrationER24AccelerometerCalibration
                0x08001400       0x14 ..\obj\main.o
                0x08001400                MPU9150::get_calibration(AccelerometerCalibration&)
 .text._ZN14APP_Attitude_IC2Ev
                0x08001414       0x24 ..\obj\main.o
                0x08001414                APP_Attitude_I::APP_Attitude_I()
                0x08001414                APP_Attitude_I::APP_Attitude_I()
 .text._ZN13CommunicationC2EPKcmhm
                0x08001438       0x60 ..\obj\main.o
                0x08001438                Communication::Communication(char const*, unsigned long, unsigned char, unsigned long)
                0x08001438                Communication::Communication(char const*, unsigned long, unsigned char, unsigned long)
 .text._ZN12ControlInputC2EPKcmhm
                0x08001498       0x4c ..\obj\main.o
                0x08001498                ControlInput::ControlInput(char const*, unsigned long, unsigned char, unsigned long)
                0x08001498                ControlInput::ControlInput(char const*, unsigned long, unsigned char, unsigned long)
 .text._ZN13FlightControlC2EPKcmhm
                0x080014e4       0x4c ..\obj\main.o
                0x080014e4                FlightControl::FlightControl(char const*, unsigned long, unsigned char, unsigned long)
                0x080014e4                FlightControl::FlightControl(char const*, unsigned long, unsigned char, unsigned long)
 .text._ZN14FlightDynamicsC2EPKcmhm
                0x08001530       0x34 ..\obj\main.o
                0x08001530                FlightDynamics::FlightDynamics(char const*, unsigned long, unsigned char, unsigned long)
                0x08001530                FlightDynamics::FlightDynamics(char const*, unsigned long, unsigned char, unsigned long)
 .text._ZN16FlightNavigationC2EPKcmhm
                0x08001564       0x4c ..\obj\main.o
                0x08001564                FlightNavigation::FlightNavigation(char const*, unsigned long, unsigned char, unsigned long)
                0x08001564                FlightNavigation::FlightNavigation(char const*, unsigned long, unsigned char, unsigned long)
 .text._ZN12SystemStatusC2EPKcmhm
                0x080015b0       0x34 ..\obj\main.o
                0x080015b0                SystemStatus::SystemStatus(char const*, unsigned long, unsigned char, unsigned long)
                0x080015b0                SystemStatus::SystemStatus(char const*, unsigned long, unsigned char, unsigned long)
 .text._ZN14APP_Attitude_IC2ESt16initializer_listIPS_E
                0x080015e4       0x30 ..\obj\main.o
                0x080015e4                APP_Attitude_I::APP_Attitude_I(std::initializer_list<APP_Attitude_I*>)
                0x080015e4                APP_Attitude_I::APP_Attitude_I(std::initializer_list<APP_Attitude_I*>)
 .text.main     0x08001614      0x214 ..\obj\main.o
                0x08001614                main
 .text._ZN17APP_InterfaceBaseC2Ev
                0x08001828       0x2c ..\obj\main.o
                0x08001828                APP_InterfaceBase::APP_InterfaceBase()
                0x08001828                APP_InterfaceBase::APP_InterfaceBase()
 .text._ZN13APP_InterfaceI14APP_Attitude_IEC2Ev
                0x08001854       0x2c ..\obj\main.o
                0x08001854                APP_Interface<APP_Attitude_I>::APP_Interface()
                0x08001854                APP_Interface<APP_Attitude_I>::APP_Interface()
 .text._ZNKSt16initializer_listIP14APP_Attitude_IE5beginEv
                0x08001880       0x18 ..\obj\main.o
                0x08001880                std::initializer_list<APP_Attitude_I*>::begin() const
 .text._ZNKSt16initializer_listIP14APP_Attitude_IE4sizeEv
                0x08001898       0x18 ..\obj\main.o
                0x08001898                std::initializer_list<APP_Attitude_I*>::size() const
 .text._ZNKSt16initializer_listIP14APP_Attitude_IE3endEv
                0x080018b0       0x24 ..\obj\main.o
                0x080018b0                std::initializer_list<APP_Attitude_I*>::end() const
 .text._ZN13APP_InterfaceI14APP_Attitude_IEC2ESt16initializer_listIPS0_E
                0x080018d4       0x60 ..\obj\main.o
                0x080018d4                APP_Interface<APP_Attitude_I>::APP_Interface(std::initializer_list<APP_Attitude_I*>)
                0x080018d4                APP_Interface<APP_Attitude_I>::APP_Interface(std::initializer_list<APP_Attitude_I*>)
 .text._ZN7MPU9150D2Ev
                0x08001934       0x30 ..\obj\main.o
                0x08001934                MPU9150::~MPU9150()
                0x08001934                MPU9150::~MPU9150()
 .text._ZN7MPU9150D0Ev
                0x08001964       0x20 ..\obj\main.o
                0x08001964                MPU9150::~MPU9150()
 .text._ZN16FlightNavigationD2Ev
                0x08001984       0x3c ..\obj\main.o
                0x08001984                FlightNavigation::~FlightNavigation()
                0x08001984                FlightNavigation::~FlightNavigation()
 .text._ZN16FlightNavigationD0Ev
                0x080019c0       0x20 ..\obj\main.o
                0x080019c0                FlightNavigation::~FlightNavigation()
 .text._ZN12SystemStatusD2Ev
                0x080019e0       0x30 ..\obj\main.o
                0x080019e0                SystemStatus::~SystemStatus()
                0x080019e0                SystemStatus::~SystemStatus()
 .text._ZN12SystemStatusD0Ev
                0x08001a10       0x20 ..\obj\main.o
                0x08001a10                SystemStatus::~SystemStatus()
 .text.RCC_APB1PeriphClockCmd
                0x08001a30       0x3c ..\obj\stm32f4xx_rcc.o
                0x08001a30                RCC_APB1PeriphClockCmd
 .text.xTimerCreateTimerTask
                0x08001a6c       0x58 ..\obj\timers.o
                0x08001a6c                xTimerCreateTimerTask
 .text.xTimerGenericCommand
                0x08001ac4       0x8c ..\obj\timers.o
                0x08001ac4                xTimerGenericCommand
 .text.prvProcessExpiredTimer
                0x08001b50       0x70 ..\obj\timers.o
 .text.prvTimerTask
                0x08001bc0       0x24 ..\obj\timers.o
 .text.prvProcessTimerOrBlockTask
                0x08001be4       0x6c ..\obj\timers.o
 .text.prvGetNextExpireTime
                0x08001c50       0x48 ..\obj\timers.o
 .text.prvSampleTimeNow
                0x08001c98       0x40 ..\obj\timers.o
 .text.prvInsertTimerInActiveList
                0x08001cd8       0x84 ..\obj\timers.o
 .text.prvProcessReceivedCommands
                0x08001d5c      0x110 ..\obj\timers.o
 .text.prvSwitchTimerLists
                0x08001e6c       0xb0 ..\obj\timers.o
 .text.prvCheckForValidListAndQueue
                0x08001f1c       0x78 ..\obj\timers.o
 .text._ZN16FlightNavigation3runEv
                0x08001f94       0x28 ..\obj\FlightNavigation.o
                0x08001f94                FlightNavigation::run()
 .text.__cxa_pure_virtual
                0x08001fbc        0x8 ..\obj\LibraryHacks.o
                0x08001fbc                __cxa_pure_virtual
 .text._ZdlPv   0x08001fc4       0x14 ..\obj\LibraryHacks.o
                0x08001fc4                operator delete(void*)
 .text.xTaskGenericCreate
                0x08001fd8      0x168 ..\obj\tasks.o
                0x08001fd8                xTaskGenericCreate
 .text.vTaskDelete
                0x08002140       0xac ..\obj\tasks.o
                0x08002140                vTaskDelete
 .text.vTaskDelay
                0x080021ec       0x64 ..\obj\tasks.o
                0x080021ec                vTaskDelay
 .text.vTaskStartScheduler
                0x08002250       0x74 ..\obj\tasks.o
                0x08002250                vTaskStartScheduler
 .text.vTaskSuspendAll
                0x080022c4       0x1c ..\obj\tasks.o
                0x080022c4                vTaskSuspendAll
 .text.xTaskResumeAll
                0x080022e0      0x10c ..\obj\tasks.o
                0x080022e0                xTaskResumeAll
 .text.xTaskGetTickCount
                0x080023ec       0x24 ..\obj\tasks.o
                0x080023ec                xTaskGetTickCount
 .text.xTaskIncrementTick
                0x08002410      0x180 ..\obj\tasks.o
                0x08002410                xTaskIncrementTick
 .text.vTaskSwitchContext
                0x08002590      0x12c ..\obj\tasks.o
                0x08002590                vTaskSwitchContext
 .text.vTaskPlaceOnEventList
                0x080026bc       0x6c ..\obj\tasks.o
                0x080026bc                vTaskPlaceOnEventList
 .text.vTaskPlaceOnEventListRestricted
                0x08002728       0x50 ..\obj\tasks.o
                0x08002728                vTaskPlaceOnEventListRestricted
 .text.xTaskRemoveFromEventList
                0x08002778       0xb8 ..\obj\tasks.o
                0x08002778                xTaskRemoveFromEventList
 .text.vTaskSetTimeOutState
                0x08002830       0x34 ..\obj\tasks.o
                0x08002830                vTaskSetTimeOutState
 .text.xTaskCheckForTimeOut
                0x08002864       0xa0 ..\obj\tasks.o
                0x08002864                xTaskCheckForTimeOut
 .text.vTaskMissedYield
                0x08002904       0x18 ..\obj\tasks.o
                0x08002904                vTaskMissedYield
 .text.prvIdleTask
                0x0800291c       0x24 ..\obj\tasks.o
 .text.prvInitialiseTCBVariables
                0x08002940       0x94 ..\obj\tasks.o
 .text.prvInitialiseTaskLists
                0x080029d4       0x7c ..\obj\tasks.o
 .text.prvCheckTasksWaitingTermination
                0x08002a50       0x74 ..\obj\tasks.o
 .text.prvAddCurrentTaskToDelayedList
                0x08002ac4       0x6c ..\obj\tasks.o
 .text.prvAllocateTCBAndStack
                0x08002b30       0x64 ..\obj\tasks.o
 .text.prvDeleteTCB
                0x08002b94       0x20 ..\obj\tasks.o
 .text.prvResetNextTaskUnblockTime
                0x08002bb4       0x48 ..\obj\tasks.o
 .text.xTaskGetCurrentTaskHandle
                0x08002bfc       0x20 ..\obj\tasks.o
                0x08002bfc                xTaskGetCurrentTaskHandle
 .text.xTaskGetSchedulerState
                0x08002c1c       0x3c ..\obj\tasks.o
                0x08002c1c                xTaskGetSchedulerState
 .text.vTaskPriorityInherit
                0x08002c58       0xbc ..\obj\tasks.o
                0x08002c58                vTaskPriorityInherit
 .text.vTaskPriorityDisinherit
                0x08002d14       0x84 ..\obj\tasks.o
                0x08002d14                vTaskPriorityDisinherit
 .text.vListInitialise
                0x08002d98       0x40 ..\obj\list.o
                0x08002d98                vListInitialise
 .text.vListInitialiseItem
                0x08002dd8       0x18 ..\obj\list.o
                0x08002dd8                vListInitialiseItem
 .text.vListInsertEnd
                0x08002df0       0x48 ..\obj\list.o
                0x08002df0                vListInsertEnd
 .text.vListInsert
                0x08002e38       0x70 ..\obj\list.o
                0x08002e38                vListInsert
 .text.uxListRemove
                0x08002ea8       0x54 ..\obj\list.o
                0x08002ea8                uxListRemove
 .text.SystemInit
                0x08002efc       0x68 ..\obj\system_stm32f4xx.o
                0x08002efc                SystemInit
 .text.SetSysClock
                0x08002f64       0xa4 ..\obj\system_stm32f4xx.o
 .text._sbrk    0x08003008       0x40 ..\obj\syscalls.o
                0x08003008                _sbrk
 .text._close   0x08003048       0x18 ..\obj\syscalls.o
                0x08003048                _close
 .text._fstat   0x08003060       0x20 ..\obj\syscalls.o
                0x08003060                _fstat
 .text._isatty  0x08003080       0x18 ..\obj\syscalls.o
                0x08003080                _isatty
 .text._lseek   0x08003098       0x1c ..\obj\syscalls.o
                0x08003098                _lseek
 .text._read    0x080030b4       0x1c ..\obj\syscalls.o
                0x080030b4                _read
 .text._write   0x080030d0       0x1c ..\obj\syscalls.o
                0x080030d0                _write
 .text.abort    0x080030ec        0x8 ..\obj\syscalls.o
                0x080030ec                abort
 .text.Framework_Time_Init
                0x080030f4       0x3c ..\obj\timerTest.o
                0x080030f4                Framework_Time_Init
 .text.Framework_GetTimeStamp
                0x08003130       0x14 ..\obj\timerTest.o
                0x08003130                Framework_GetTimeStamp
 .text.xQueueGenericReset
                0x08003144       0xb0 ..\obj\queue.o
                0x08003144                xQueueGenericReset
 .text.xQueueGenericCreate
                0x080031f4       0x84 ..\obj\queue.o
                0x080031f4                xQueueGenericCreate
 .text.xQueueCreateMutex
                0x08003278       0x90 ..\obj\queue.o
                0x08003278                xQueueCreateMutex
 .text.xQueueGenericSend
                0x08003308      0x180 ..\obj\queue.o
                0x08003308                xQueueGenericSend
 .text.xQueueGenericSendFromISR
                0x08003488       0xd4 ..\obj\queue.o
                0x08003488                xQueueGenericSendFromISR
 .text.xQueueGenericReceive
                0x0800355c      0x1bc ..\obj\queue.o
                0x0800355c                xQueueGenericReceive
 .text.vQueueDelete
                0x08003718       0x3c ..\obj\queue.o
                0x08003718                vQueueDelete
 .text.prvCopyDataToQueue
                0x08003754       0xd0 ..\obj\queue.o
 .text.prvCopyDataFromQueue
                0x08003824       0x4c ..\obj\queue.o
 .text.prvUnlockQueue
                0x08003870       0x98 ..\obj\queue.o
 .text.prvIsQueueEmpty
                0x08003908       0x2c ..\obj\queue.o
 .text.prvIsQueueFull
                0x08003934       0x30 ..\obj\queue.o
 .text.vQueueAddToRegistry
                0x08003964       0x50 ..\obj\queue.o
                0x08003964                vQueueAddToRegistry
 .text.vQueueUnregisterQueue
                0x080039b4       0x44 ..\obj\queue.o
                0x080039b4                vQueueUnregisterQueue
 .text.vQueueWaitForMessageRestricted
                0x080039f8       0x58 ..\obj\queue.o
                0x080039f8                vQueueWaitForMessageRestricted
 .text.pxPortInitialiseStack
                0x08003a50       0x64 ..\obj\port.o
                0x08003a50                pxPortInitialiseStack
 .text.prvTaskExitError
                0x08003ab4       0x20 ..\obj\port.o
 .text.SVC_Handler
                0x08003ad4       0x20 ..\obj\port.o
                0x08003ad4                SVC_Handler
 .text.prvPortStartFirstTask
                0x08003af4       0x1c ..\obj\port.o
 .text.xPortStartScheduler
                0x08003b10       0xd0 ..\obj\port.o
                0x08003b10                xPortStartScheduler
 .text.vPortYield
                0x08003be0       0x20 ..\obj\port.o
                0x08003be0                vPortYield
 .text.vPortEnterCritical
                0x08003c00       0x20 ..\obj\port.o
                0x08003c00                vPortEnterCritical
 .text.vPortExitCritical
                0x08003c20       0x30 ..\obj\port.o
                0x08003c20                vPortExitCritical
 .text.ulPortSetInterruptMask
                0x08003c50       0x14 ..\obj\port.o
                0x08003c50                ulPortSetInterruptMask
 .text.vPortClearInterruptMask
                0x08003c64        0x8 ..\obj\port.o
                0x08003c64                vPortClearInterruptMask
 .text.PendSV_Handler
                0x08003c6c       0x58 ..\obj\port.o
                0x08003c6c                PendSV_Handler
 .text.SysTick_Handler
                0x08003cc4       0x28 ..\obj\port.o
                0x08003cc4                SysTick_Handler
 .text.vPortSetupTimerInterrupt
                0x08003cec       0x34 ..\obj\port.o
                0x08003cec                vPortSetupTimerInterrupt
 .text.vPortEnableVFP
                0x08003d20       0x14 ..\obj\port.o
 .text.vPortValidateInterruptPriority
                0x08003d34       0x58 ..\obj\port.o
                0x08003d34                vPortValidateInterruptPriority
 .text._ZN9Messenger7send_toEPS_7Message
                0x08003d8c       0x34 ..\obj\SystemStatus.o
                0x08003d8c                Messenger::send_to(Messenger*, Message)
 .text._ZN9Messenger7respondER7MessageS0_
                0x08003dc0       0x34 ..\obj\SystemStatus.o
                0x08003dc0                Messenger::respond(Message&, Message)
 .text._ZN12SystemStatus4initEv
                0x08003df4       0x1c ..\obj\SystemStatus.o
                0x08003df4                SystemStatus::init()
 .text._ZN12SystemStatus3runEv
                0x08003e10       0x4c ..\obj\SystemStatus.o
                0x08003e10                SystemStatus::run()
 .text._ZN12SystemStatus14handle_messageER7Message
                0x08003e5c       0xb8 ..\obj\SystemStatus.o
                0x08003e5c                SystemStatus::handle_message(Message&)
 .text._ZN11GenericUARTC2Ev
                0x08003f14       0x18 ..\obj\GenericUART.o
                0x08003f14                GenericUART::GenericUART()
                0x08003f14                GenericUART::GenericUART()
 .text.TIM_TimeBaseInit
                0x08003f2c       0xd4 ..\obj\stm32f4xx_tim.o
                0x08003f2c                TIM_TimeBaseInit
 .text.TIM_GetCounter
                0x08004000       0x18 ..\obj\stm32f4xx_tim.o
                0x08004000                TIM_GetCounter
 .text.TIM_Cmd  0x08004018       0x40 ..\obj\stm32f4xx_tim.o
                0x08004018                TIM_Cmd
 .text.pvPortMalloc
                0x08004058       0x30 ..\obj\heap_3.o
                0x08004058                pvPortMalloc
 .text.vPortFree
                0x08004088       0x24 ..\obj\heap_3.o
                0x08004088                vPortFree
 .text          0x080040ac      0x370 c:/program files (x86)/gnu tools arm embedded/4.8 2014q2/bin/../lib/gcc/arm-none-eabi/4.8.4/armv7e-m/fpu\libgcc.a(_arm_addsubdf3.o)
                0x080040ac                __aeabi_drsub
                0x080040b4                __aeabi_dsub
                0x080040b4                __subdf3
                0x080040b8                __aeabi_dadd
                0x080040b8                __adddf3
                0x08004330                __floatunsidf
                0x08004330                __aeabi_ui2d
                0x08004350                __floatsidf
                0x08004350                __aeabi_i2d
                0x08004374                __aeabi_f2d
                0x08004374                __extendsfdf2
                0x080043b0                __floatundidf
                0x080043b0                __aeabi_ul2d
                0x080043c0                __floatdidf
                0x080043c0                __aeabi_l2d
 .text          0x0800441c      0xa1c c:/program files (x86)/gnu tools arm embedded/4.8 2014q2/bin/../lib/gcc/arm-none-eabi/4.8.4/armv7e-m/fpu\libgcc.a(unwind-arm.o)
                0x08004700                _Unwind_GetCFA
                0x08004704                __gnu_Unwind_RaiseException
                0x08004764                __gnu_Unwind_ForcedUnwind
                0x08004778                __gnu_Unwind_Resume
                0x080047bc                __gnu_Unwind_Resume_or_Rethrow
                0x080047cc                _Unwind_Complete
                0x080047d0                _Unwind_DeleteException
                0x080047e0                _Unwind_VRS_Get
                0x08004830                _Unwind_VRS_Set
                0x08004880                __gnu_Unwind_Backtrace
                0x08004bd4                __aeabi_unwind_cpp_pr0
                0x08004bdc                __aeabi_unwind_cpp_pr1
                0x08004be4                __aeabi_unwind_cpp_pr2
                0x08004bec                _Unwind_VRS_Pop
 .text          0x08004e38      0x1ac c:/program files (x86)/gnu tools arm embedded/4.8 2014q2/bin/../lib/gcc/arm-none-eabi/4.8.4/armv7e-m/fpu\libgcc.a(libunwind.o)
                0x08004e38                __restore_core_regs
                0x08004e38                restore_core_regs
                0x08004e50                __gnu_Unwind_Restore_VFP
                0x08004e58                __gnu_Unwind_Save_VFP
                0x08004e60                __gnu_Unwind_Restore_VFP_D
                0x08004e68                __gnu_Unwind_Save_VFP_D
                0x08004e70                __gnu_Unwind_Restore_VFP_D_16_to_31
                0x08004e78                __gnu_Unwind_Save_VFP_D_16_to_31
                0x08004e80                __gnu_Unwind_Restore_WMMXD
                0x08004ec4                __gnu_Unwind_Save_WMMXD
                0x08004f08                __gnu_Unwind_Restore_WMMXC
                0x08004f1c                __gnu_Unwind_Save_WMMXC
                0x08004f30                ___Unwind_RaiseException
                0x08004f30                _Unwind_RaiseException
                0x08004f54                _Unwind_Resume
                0x08004f54                ___Unwind_Resume
                0x08004f78                _Unwind_Resume_or_Rethrow
                0x08004f78                ___Unwind_Resume_or_Rethrow
                0x08004f9c                _Unwind_ForcedUnwind
                0x08004f9c                ___Unwind_ForcedUnwind
                0x08004fc0                ___Unwind_Backtrace
                0x08004fc0                _Unwind_Backtrace
 .text          0x08004fe4      0x33c c:/program files (x86)/gnu tools arm embedded/4.8 2014q2/bin/../lib/gcc/arm-none-eabi/4.8.4/armv7e-m/fpu\libgcc.a(pr-support.o)
                0x08005038                __gnu_unwind_execute
                0x080052c4                __gnu_unwind_frame
                0x080052f0                _Unwind_GetRegionStart
                0x080052fc                _Unwind_GetLanguageSpecificData
                0x08005310                _Unwind_GetDataRelBase
                0x08005318                _Unwind_GetTextRelBase
 .text.__aeabi_atexit
                0x08005320        0xc ..\..\..\..\..\..\..\Program Files (x86)\GNU Tools ARM Embedded\4.8 2014q2\arm-none-eabi\lib\armv7e-m\fpu\libc.a(lib_a-aeabi_atexit.o)
                0x08005320                __aeabi_atexit
 .text.__cxa_atexit
                0x0800532c       0x14 ..\..\..\..\..\..\..\Program Files (x86)\GNU Tools ARM Embedded\4.8 2014q2\arm-none-eabi\lib\armv7e-m\fpu\libc.a(lib_a-cxa_atexit.o)
                0x0800532c                __cxa_atexit
 .text.exit     0x08005340       0x20 ..\..\..\..\..\..\..\Program Files (x86)\GNU Tools ARM Embedded\4.8 2014q2\arm-none-eabi\lib\armv7e-m\fpu\libc.a(lib_a-exit.o)
                0x08005340                exit
 .text.__libc_init_array
                0x08005360       0x50 ..\..\..\..\..\..\..\Program Files (x86)\GNU Tools ARM Embedded\4.8 2014q2\arm-none-eabi\lib\armv7e-m\fpu\libc.a(lib_a-init.o)
                0x08005360                __libc_init_array
 .text.malloc   0x080053b0       0x10 ..\..\..\..\..\..\..\Program Files (x86)\GNU Tools ARM Embedded\4.8 2014q2\arm-none-eabi\lib\armv7e-m\fpu\libc.a(lib_a-malloc.o)
                0x080053b0                malloc
 .text.free     0x080053c0       0x10 ..\..\..\..\..\..\..\Program Files (x86)\GNU Tools ARM Embedded\4.8 2014q2\arm-none-eabi\lib\armv7e-m\fpu\libc.a(lib_a-malloc.o)
                0x080053c0                free
 .text._malloc_r
                0x080053d0      0x538 ..\..\..\..\..\..\..\Program Files (x86)\GNU Tools ARM Embedded\4.8 2014q2\arm-none-eabi\lib\armv7e-m\fpu\libc.a(lib_a-mallocr.o)
                0x080053d0                _malloc_r
 .text.memcmp   0x08005908       0x68 ..\..\..\..\..\..\..\Program Files (x86)\GNU Tools ARM Embedded\4.8 2014q2\arm-none-eabi\lib\armv7e-m\fpu\libc.a(lib_a-memcmp.o)
                0x08005908                memcmp
 .text          0x08005970      0x134 ..\..\..\..\..\..\..\Program Files (x86)\GNU Tools ARM Embedded\4.8 2014q2\arm-none-eabi\lib\armv7e-m\fpu\libc.a(lib_a-memcpy.o)
                0x08005970                memcpy
 .text.memset   0x08005aa4       0x94 ..\..\..\..\..\..\..\Program Files (x86)\GNU Tools ARM Embedded\4.8 2014q2\arm-none-eabi\lib\armv7e-m\fpu\libc.a(lib_a-memset.o)
                0x08005aa4                memset
 .text.__malloc_lock
                0x08005b38        0x4 ..\..\..\..\..\..\..\Program Files (x86)\GNU Tools ARM Embedded\4.8 2014q2\arm-none-eabi\lib\armv7e-m\fpu\libc.a(lib_a-mlock.o)
                0x08005b38                __malloc_lock
 .text.__malloc_unlock
                0x08005b3c        0x4 ..\..\..\..\..\..\..\Program Files (x86)\GNU Tools ARM Embedded\4.8 2014q2\arm-none-eabi\lib\armv7e-m\fpu\libc.a(lib_a-mlock.o)
                0x08005b3c                __malloc_unlock
 .text._sbrk_r  0x08005b40       0x24 ..\..\..\..\..\..\..\Program Files (x86)\GNU Tools ARM Embedded\4.8 2014q2\arm-none-eabi\lib\armv7e-m\fpu\libc.a(lib_a-sbrkr.o)
                0x08005b40                _sbrk_r
 .text.sprintf  0x08005b64       0x4c ..\..\..\..\..\..\..\Program Files (x86)\GNU Tools ARM Embedded\4.8 2014q2\arm-none-eabi\lib\armv7e-m\fpu\libc.a(lib_a-sprintf.o)
                0x08005b64                sprintf
 .text.strlen   0x08005bb0       0x60 ..\..\..\..\..\..\..\Program Files (x86)\GNU Tools ARM Embedded\4.8 2014q2\arm-none-eabi\lib\armv7e-m\fpu\libc.a(lib_a-strlen.o)
                0x08005bb0                strlen
 .text._svfprintf_r
                0x08005c10     0x14f0 ..\..\..\..\..\..\..\Program Files (x86)\GNU Tools ARM Embedded\4.8 2014q2\arm-none-eabi\lib\armv7e-m\fpu\libc.a(lib_a-svfprintf.o)
                0x08005c10                _svfprintf_r
 .text.__register_exitproc
                0x08007100       0xa8 ..\..\..\..\..\..\..\Program Files (x86)\GNU Tools ARM Embedded\4.8 2014q2\arm-none-eabi\lib\armv7e-m\fpu\libc.a(lib_a-__atexit.o)
                0x08007100                __register_exitproc
 .text.startup.register_fini
                0x080071a8       0x14 ..\..\..\..\..\..\..\Program Files (x86)\GNU Tools ARM Embedded\4.8 2014q2\arm-none-eabi\lib\armv7e-m\fpu\libc.a(lib_a-__call_atexit.o)
 .text.__call_exitprocs
                0x080071bc       0xf0 ..\..\..\..\..\..\..\Program Files (x86)\GNU Tools ARM Embedded\4.8 2014q2\arm-none-eabi\lib\armv7e-m\fpu\libc.a(lib_a-__call_atexit.o)
                0x080071bc                __call_exitprocs
 .text.atexit   0x080072ac        0xc ..\..\..\..\..\..\..\Program Files (x86)\GNU Tools ARM Embedded\4.8 2014q2\arm-none-eabi\lib\armv7e-m\fpu\libc.a(lib_a-atexit.o)
                0x080072ac                atexit
 .text.quorem   0x080072b8      0x130 ..\..\..\..\..\..\..\Program Files (x86)\GNU Tools ARM Embedded\4.8 2014q2\arm-none-eabi\lib\armv7e-m\fpu\libc.a(lib_a-dtoa.o)
 .text._dtoa_r  0x080073e8      0xe58 ..\..\..\..\..\..\..\Program Files (x86)\GNU Tools ARM Embedded\4.8 2014q2\arm-none-eabi\lib\armv7e-m\fpu\libc.a(lib_a-dtoa.o)
                0x080073e8                _dtoa_r
 .text.__libc_fini_array
                0x08008240       0x30 ..\..\..\..\..\..\..\Program Files (x86)\GNU Tools ARM Embedded\4.8 2014q2\arm-none-eabi\lib\armv7e-m\fpu\libc.a(lib_a-fini.o)
                0x08008240                __libc_fini_array
 .text._malloc_trim_r
                0x08008270       0x9c ..\..\..\..\..\..\..\Program Files (x86)\GNU Tools ARM Embedded\4.8 2014q2\arm-none-eabi\lib\armv7e-m\fpu\libc.a(lib_a-freer.o)
                0x08008270                _malloc_trim_r
 .text._free_r  0x0800830c      0x19c ..\..\..\..\..\..\..\Program Files (x86)\GNU Tools ARM Embedded\4.8 2014q2\arm-none-eabi\lib\armv7e-m\fpu\libc.a(lib_a-freer.o)
                0x0800830c                _free_r
 .text._localeconv_r
                0x080084a8        0x8 ..\..\..\..\..\..\..\Program Files (x86)\GNU Tools ARM Embedded\4.8 2014q2\arm-none-eabi\lib\armv7e-m\fpu\libc.a(lib_a-locale.o)
                0x080084a8                _localeconv_r
 .text.memchr   0x080084b0       0x90 ..\..\..\..\..\..\..\Program Files (x86)\GNU Tools ARM Embedded\4.8 2014q2\arm-none-eabi\lib\armv7e-m\fpu\libc.a(lib_a-memchr-stub.o)
                0x080084b0                memchr
 .text._Balloc  0x08008540       0x4c ..\..\..\..\..\..\..\Program Files (x86)\GNU Tools ARM Embedded\4.8 2014q2\arm-none-eabi\lib\armv7e-m\fpu\libc.a(lib_a-mprec.o)
                0x08008540                _Balloc
 .text._Bfree   0x0800858c       0x14 ..\..\..\..\..\..\..\Program Files (x86)\GNU Tools ARM Embedded\4.8 2014q2\arm-none-eabi\lib\armv7e-m\fpu\libc.a(lib_a-mprec.o)
                0x0800858c                _Bfree
 .text.__multadd
                0x080085a0       0x98 ..\..\..\..\..\..\..\Program Files (x86)\GNU Tools ARM Embedded\4.8 2014q2\arm-none-eabi\lib\armv7e-m\fpu\libc.a(lib_a-mprec.o)
                0x080085a0                __multadd
 .text.__hi0bits
                0x08008638       0x40 ..\..\..\..\..\..\..\Program Files (x86)\GNU Tools ARM Embedded\4.8 2014q2\arm-none-eabi\lib\armv7e-m\fpu\libc.a(lib_a-mprec.o)
                0x08008638                __hi0bits
 .text.__lo0bits
                0x08008678       0x5c ..\..\..\..\..\..\..\Program Files (x86)\GNU Tools ARM Embedded\4.8 2014q2\arm-none-eabi\lib\armv7e-m\fpu\libc.a(lib_a-mprec.o)
                0x08008678                __lo0bits
 .text.__i2b    0x080086d4       0x14 ..\..\..\..\..\..\..\Program Files (x86)\GNU Tools ARM Embedded\4.8 2014q2\arm-none-eabi\lib\armv7e-m\fpu\libc.a(lib_a-mprec.o)
                0x080086d4                __i2b
 .text.__multiply
                0x080086e8      0x13c ..\..\..\..\..\..\..\Program Files (x86)\GNU Tools ARM Embedded\4.8 2014q2\arm-none-eabi\lib\armv7e-m\fpu\libc.a(lib_a-mprec.o)
                0x080086e8                __multiply
 .text.__pow5mult
                0x08008824       0x9c ..\..\..\..\..\..\..\Program Files (x86)\GNU Tools ARM Embedded\4.8 2014q2\arm-none-eabi\lib\armv7e-m\fpu\libc.a(lib_a-mprec.o)
                0x08008824                __pow5mult
 .text.__lshift
                0x080088c0       0xbc ..\..\..\..\..\..\..\Program Files (x86)\GNU Tools ARM Embedded\4.8 2014q2\arm-none-eabi\lib\armv7e-m\fpu\libc.a(lib_a-mprec.o)
                0x080088c0                __lshift
 .text.__mcmp   0x0800897c       0x48 ..\..\..\..\..\..\..\Program Files (x86)\GNU Tools ARM Embedded\4.8 2014q2\arm-none-eabi\lib\armv7e-m\fpu\libc.a(lib_a-mprec.o)
                0x0800897c                __mcmp
 .text.__mdiff  0x080089c4       0xd4 ..\..\..\..\..\..\..\Program Files (x86)\GNU Tools ARM Embedded\4.8 2014q2\arm-none-eabi\lib\armv7e-m\fpu\libc.a(lib_a-mprec.o)
                0x080089c4                __mdiff
 .text.__d2b    0x08008a98       0xb4 ..\..\..\..\..\..\..\Program Files (x86)\GNU Tools ARM Embedded\4.8 2014q2\arm-none-eabi\lib\armv7e-m\fpu\libc.a(lib_a-mprec.o)
                0x08008a98                __d2b
 .text.__fpclassifyd
                0x08008b4c       0x54 ..\..\..\..\..\..\..\Program Files (x86)\GNU Tools ARM Embedded\4.8 2014q2\arm-none-eabi\lib\armv7e-m\fpu\libc.a(lib_a-s_fpclassify.o)
                0x08008b4c                __fpclassifyd
 .text          0x08008ba0      0x21c ..\..\..\..\..\..\..\Program Files (x86)\GNU Tools ARM Embedded\4.8 2014q2\arm-none-eabi\lib\armv7e-m\fpu\libc.a(lib_a-strcmp.o)
                0x08008ba0                strcmp
 .text.__ssprint_r
                0x08008dbc      0x100 ..\..\..\..\..\..\..\Program Files (x86)\GNU Tools ARM Embedded\4.8 2014q2\arm-none-eabi\lib\armv7e-m\fpu\libc.a(lib_a-svfiprintf.o)
                0x08008dbc                __ssprint_r
 .text._calloc_r
                0x08008ebc       0x60 ..\..\..\..\..\..\..\Program Files (x86)\GNU Tools ARM Embedded\4.8 2014q2\arm-none-eabi\lib\armv7e-m\fpu\libc.a(lib_a-callocr.o)
                0x08008ebc                _calloc_r
 .text.memmove  0x08008f1c       0xc0 ..\..\..\..\..\..\..\Program Files (x86)\GNU Tools ARM Embedded\4.8 2014q2\arm-none-eabi\lib\armv7e-m\fpu\libc.a(lib_a-memmove.o)
                0x08008f1c                memmove
 .text._realloc_r
                0x08008fdc      0x3cc ..\..\..\..\..\..\..\Program Files (x86)\GNU Tools ARM Embedded\4.8 2014q2\arm-none-eabi\lib\armv7e-m\fpu\libc.a(lib_a-reallocr.o)
                0x08008fdc                _realloc_r
 .text._ZN10__cxxabiv121__vmi_class_type_infoD2Ev
                0x080093a8       0x14 ..\..\..\..\..\..\..\Program Files (x86)\GNU Tools ARM Embedded\4.8 2014q2\arm-none-eabi\lib\armv7e-m\fpu\libstdc++.a(vmi_class_type_info.o)
                0x080093a8                __cxxabiv1::__vmi_class_type_info::~__vmi_class_type_info()
                0x080093a8                __cxxabiv1::__vmi_class_type_info::~__vmi_class_type_info()
 .text._ZN10__cxxabiv121__vmi_class_type_infoD0Ev
                0x080093bc       0x1c ..\..\..\..\..\..\..\Program Files (x86)\GNU Tools ARM Embedded\4.8 2014q2\arm-none-eabi\lib\armv7e-m\fpu\libstdc++.a(vmi_class_type_info.o)
                0x080093bc                __cxxabiv1::__vmi_class_type_info::~__vmi_class_type_info()
 .text._ZNK10__cxxabiv121__vmi_class_type_info20__do_find_public_srcEiPKvPKNS_17__class_type_infoES2_
                0x080093d8       0x84 ..\..\..\..\..\..\..\Program Files (x86)\GNU Tools ARM Embedded\4.8 2014q2\arm-none-eabi\lib\armv7e-m\fpu\libstdc++.a(vmi_class_type_info.o)
                0x080093d8                __cxxabiv1::__vmi_class_type_info::__do_find_public_src(int, void const*, __cxxabiv1::__class_type_info const*, void const*) const
 .text._ZNK10__cxxabiv121__vmi_class_type_info12__do_dyncastEiNS_17__class_type_info10__sub_kindEPKS1_PKvS4_S6_RNS1_16__dyncast_resultE
                0x0800945c      0x348 ..\..\..\..\..\..\..\Program Files (x86)\GNU Tools ARM Embedded\4.8 2014q2\arm-none-eabi\lib\armv7e-m\fpu\libstdc++.a(vmi_class_type_info.o)
                0x0800945c                __cxxabiv1::__vmi_class_type_info::__do_dyncast(int, __cxxabiv1::__class_type_info::__sub_kind, __cxxabiv1::__class_type_info const*, void const*, __cxxabiv1::__class_type_info const*, void const*, __cxxabiv1::__class_type_info::__dyncast_result&) const
 .text._ZNK10__cxxabiv121__vmi_class_type_info11__do_upcastEPKNS_17__class_type_infoEPKvRNS1_15__upcast_resultE
                0x080097a4      0x16c ..\..\..\..\..\..\..\Program Files (x86)\GNU Tools ARM Embedded\4.8 2014q2\arm-none-eabi\lib\armv7e-m\fpu\libstdc++.a(vmi_class_type_info.o)
                0x080097a4                __cxxabiv1::__vmi_class_type_info::__do_upcast(__cxxabiv1::__class_type_info const*, void const*, __cxxabiv1::__class_type_info::__upcast_result&) const
 .text.__cxa_guard_acquire
                0x08009910       0x38 ..\..\..\..\..\..\..\Program Files (x86)\GNU Tools ARM Embedded\4.8 2014q2\arm-none-eabi\lib\armv7e-m\fpu\libstdc++.a(guard.o)
                0x08009910                __cxa_guard_acquire
 .text.__cxa_guard_abort
                0x08009948        0x8 ..\..\..\..\..\..\..\Program Files (x86)\GNU Tools ARM Embedded\4.8 2014q2\arm-none-eabi\lib\armv7e-m\fpu\libstdc++.a(guard.o)
                0x08009948                __cxa_guard_abort
 .text.__cxa_guard_release
                0x08009950        0x8 ..\..\..\..\..\..\..\Program Files (x86)\GNU Tools ARM Embedded\4.8 2014q2\arm-none-eabi\lib\armv7e-m\fpu\libstdc++.a(guard.o)
                0x08009950                __cxa_guard_release
 .text.__cxa_allocate_exception
                0x08009958       0x58 ..\..\..\..\..\..\..\Program Files (x86)\GNU Tools ARM Embedded\4.8 2014q2\arm-none-eabi\lib\armv7e-m\fpu\libstdc++.a(eh_alloc.o)
                0x08009958                __cxa_allocate_exception
 .text.__cxa_free_exception
                0x080099b0       0x34 ..\..\..\..\..\..\..\Program Files (x86)\GNU Tools ARM Embedded\4.8 2014q2\arm-none-eabi\lib\armv7e-m\fpu\libstdc++.a(eh_alloc.o)
                0x080099b0                __cxa_free_exception
 .text._ZL12read_sleb128PKhPl
                0x080099e4       0x34 ..\..\..\..\..\..\..\Program Files (x86)\GNU Tools ARM Embedded\4.8 2014q2\arm-none-eabi\lib\armv7e-m\fpu\libstdc++.a(eh_personality.o)
 .text._ZL28read_encoded_value_with_basehjPKhPj
                0x08009a18       0xb0 ..\..\..\..\..\..\..\Program Files (x86)\GNU Tools ARM Embedded\4.8 2014q2\arm-none-eabi\lib\armv7e-m\fpu\libstdc++.a(eh_personality.o)
 .text._ZL21base_of_encoded_valuehP15_Unwind_Context
                0x08009ac8       0x4c ..\..\..\..\..\..\..\Program Files (x86)\GNU Tools ARM Embedded\4.8 2014q2\arm-none-eabi\lib\armv7e-m\fpu\libstdc++.a(eh_personality.o)
 .text._ZL17parse_lsda_headerP15_Unwind_ContextPKhP16lsda_header_info
                0x08009b14       0x98 ..\..\..\..\..\..\..\Program Files (x86)\GNU Tools ARM Embedded\4.8 2014q2\arm-none-eabi\lib\armv7e-m\fpu\libstdc++.a(eh_personality.o)
 .text.__gxx_personality_v0
                0x08009bac      0x408 ..\..\..\..\..\..\..\Program Files (x86)\GNU Tools ARM Embedded\4.8 2014q2\arm-none-eabi\lib\armv7e-m\fpu\libstdc++.a(eh_personality.o)
                0x08009bac                __gxx_personality_v0
 .text._ZL23__gxx_exception_cleanup19_Unwind_Reason_CodeP21_Unwind_Control_Block
                0x08009fb4       0x44 ..\..\..\..\..\..\..\Program Files (x86)\GNU Tools ARM Embedded\4.8 2014q2\arm-none-eabi\lib\armv7e-m\fpu\libstdc++.a(eh_throw.o)
 .text.__cxa_throw
                0x08009ff8       0x90 ..\..\..\..\..\..\..\Program Files (x86)\GNU Tools ARM Embedded\4.8 2014q2\arm-none-eabi\lib\armv7e-m\fpu\libstdc++.a(eh_throw.o)
                0x08009ff8                __cxa_throw
 .text.__cxa_rethrow
                0x0800a088       0x70 ..\..\..\..\..\..\..\Program Files (x86)\GNU Tools ARM Embedded\4.8 2014q2\arm-none-eabi\lib\armv7e-m\fpu\libstdc++.a(eh_throw.o)
                0x0800a088                __cxa_rethrow
 .text.__cxa_end_cleanup
                0x0800a0f8        0xc ..\..\..\..\..\..\..\Program Files (x86)\GNU Tools ARM Embedded\4.8 2014q2\arm-none-eabi\lib\armv7e-m\fpu\libstdc++.a(eh_arm.o)
                0x0800a0f8                __cxa_end_cleanup
 .text.__cxa_type_match
                0x0800a104       0xac ..\..\..\..\..\..\..\Program Files (x86)\GNU Tools ARM Embedded\4.8 2014q2\arm-none-eabi\lib\armv7e-m\fpu\libstdc++.a(eh_arm.o)
                0x0800a104                __cxa_type_match
 .text.__cxa_begin_cleanup
                0x0800a1b0       0x64 ..\..\..\..\..\..\..\Program Files (x86)\GNU Tools ARM Embedded\4.8 2014q2\arm-none-eabi\lib\armv7e-m\fpu\libstdc++.a(eh_arm.o)
                0x0800a1b0                __cxa_begin_cleanup
 .text.__gnu_end_cleanup
                0x0800a214       0x70 ..\..\..\..\..\..\..\Program Files (x86)\GNU Tools ARM Embedded\4.8 2014q2\arm-none-eabi\lib\armv7e-m\fpu\libstdc++.a(eh_arm.o)
                0x0800a214                __gnu_end_cleanup
 .text._ZN9__gnu_cxx20recursive_init_errorD2Ev
                0x0800a284       0x14 ..\..\..\..\..\..\..\Program Files (x86)\GNU Tools ARM Embedded\4.8 2014q2\arm-none-eabi\lib\armv7e-m\fpu\libstdc++.a(guard_error.o)
                0x0800a284                __gnu_cxx::recursive_init_error::~recursive_init_error()
                0x0800a284                __gnu_cxx::recursive_init_error::~recursive_init_error()
 .text._ZN9__gnu_cxx20recursive_init_errorD0Ev
                0x0800a298       0x1c ..\..\..\..\..\..\..\Program Files (x86)\GNU Tools ARM Embedded\4.8 2014q2\arm-none-eabi\lib\armv7e-m\fpu\libstdc++.a(guard_error.o)
                0x0800a298                __gnu_cxx::recursive_init_error::~recursive_init_error()
 .text.__cxa_get_globals_fast
                0x0800a2b4        0x8 ..\..\..\..\..\..\..\Program Files (x86)\GNU Tools ARM Embedded\4.8 2014q2\arm-none-eabi\lib\armv7e-m\fpu\libstdc++.a(eh_globals.o)
                0x0800a2b4                __cxa_get_globals_fast
 .text.__cxa_get_globals
                0x0800a2bc        0x8 ..\..\..\..\..\..\..\Program Files (x86)\GNU Tools ARM Embedded\4.8 2014q2\arm-none-eabi\lib\armv7e-m\fpu\libstdc++.a(eh_globals.o)
                0x0800a2bc                __cxa_get_globals
 .text._ZN10__cxxabiv1L24__is_gxx_exception_classEPc
                0x0800a2c4       0x3c ..\..\..\..\..\..\..\Program Files (x86)\GNU Tools ARM Embedded\4.8 2014q2\arm-none-eabi\lib\armv7e-m\fpu\libstdc++.a(eh_call.o)
 .text.__cxa_call_terminate
                0x0800a300       0x20 ..\..\..\..\..\..\..\Program Files (x86)\GNU Tools ARM Embedded\4.8 2014q2\arm-none-eabi\lib\armv7e-m\fpu\libstdc++.a(eh_call.o)
                0x0800a300                __cxa_call_terminate
 .text.__cxa_call_unexpected
                0x0800a320       0xd8 ..\..\..\..\..\..\..\Program Files (x86)\GNU Tools ARM Embedded\4.8 2014q2\arm-none-eabi\lib\armv7e-m\fpu\libstdc++.a(eh_call.o)
                0x0800a320                __cxa_call_unexpected
 .text._ZNSt9type_infoD2Ev
                0x0800a3f8        0xc ..\..\..\..\..\..\..\Program Files (x86)\GNU Tools ARM Embedded\4.8 2014q2\arm-none-eabi\lib\armv7e-m\fpu\libstdc++.a(tinfo.o)
                0x0800a3f8                std::type_info::~type_info()
                0x0800a3f8                std::type_info::~type_info()
 .text._ZNKSt9type_info14__is_pointer_pEv
                0x0800a404        0x4 ..\..\..\..\..\..\..\Program Files (x86)\GNU Tools ARM Embedded\4.8 2014q2\arm-none-eabi\lib\armv7e-m\fpu\libstdc++.a(tinfo.o)
                0x0800a404                std::type_info::__is_pointer_p() const
 .text._ZNKSt9type_info15__is_function_pEv
                0x0800a408        0x4 ..\..\..\..\..\..\..\Program Files (x86)\GNU Tools ARM Embedded\4.8 2014q2\arm-none-eabi\lib\armv7e-m\fpu\libstdc++.a(tinfo.o)
                0x0800a408                std::type_info::__is_function_p() const
 .text._ZNKSt9type_info11__do_upcastEPKN10__cxxabiv117__class_type_infoEPPv
                0x0800a40c        0x4 ..\..\..\..\..\..\..\Program Files (x86)\GNU Tools ARM Embedded\4.8 2014q2\arm-none-eabi\lib\armv7e-m\fpu\libstdc++.a(tinfo.o)
                0x0800a40c                std::type_info::__do_upcast(__cxxabiv1::__class_type_info const*, void**) const
 .text._ZNSt9type_infoD0Ev
                0x0800a410       0x14 ..\..\..\..\..\..\..\Program Files (x86)\GNU Tools ARM Embedded\4.8 2014q2\arm-none-eabi\lib\armv7e-m\fpu\libstdc++.a(tinfo.o)
                0x0800a410                std::type_info::~type_info()
 .text._ZNKSt9type_infoeqERKS_
                0x0800a424       0x30 ..\..\..\..\..\..\..\Program Files (x86)\GNU Tools ARM Embedded\4.8 2014q2\arm-none-eabi\lib\armv7e-m\fpu\libstdc++.a(tinfo.o)
                0x0800a424                std::type_info::operator==(std::type_info const&) const
 .text._ZNKSt9type_info10__do_catchEPKS_PPvj
                0x0800a454        0x4 ..\..\..\..\..\..\..\Program Files (x86)\GNU Tools ARM Embedded\4.8 2014q2\arm-none-eabi\lib\armv7e-m\fpu\libstdc++.a(tinfo.o)
                0x0800a454                std::type_info::__do_catch(std::type_info const*, void**, unsigned int) const
 .text._ZNK10__cxxabiv117__class_type_info11__do_upcastEPKS0_PPv
                0x0800a458       0x38 ..\..\..\..\..\..\..\Program Files (x86)\GNU Tools ARM Embedded\4.8 2014q2\arm-none-eabi\lib\armv7e-m\fpu\libstdc++.a(class_type_info.o)
                0x0800a458                __cxxabiv1::__class_type_info::__do_upcast(__cxxabiv1::__class_type_info const*, void**) const
 .text._ZNK10__cxxabiv117__class_type_info20__do_find_public_srcEiPKvPKS0_S2_
                0x0800a490        0xc ..\..\..\..\..\..\..\Program Files (x86)\GNU Tools ARM Embedded\4.8 2014q2\arm-none-eabi\lib\armv7e-m\fpu\libstdc++.a(class_type_info.o)
                0x0800a490                __cxxabiv1::__class_type_info::__do_find_public_src(int, void const*, __cxxabiv1::__class_type_info const*, void const*) const
 .text._ZN10__cxxabiv117__class_type_infoD2Ev
                0x0800a49c       0x14 ..\..\..\..\..\..\..\Program Files (x86)\GNU Tools ARM Embedded\4.8 2014q2\arm-none-eabi\lib\armv7e-m\fpu\libstdc++.a(class_type_info.o)
                0x0800a49c                __cxxabiv1::__class_type_info::~__class_type_info()
                0x0800a49c                __cxxabiv1::__class_type_info::~__class_type_info()
 .text._ZN10__cxxabiv117__class_type_infoD0Ev
                0x0800a4b0       0x1c ..\..\..\..\..\..\..\Program Files (x86)\GNU Tools ARM Embedded\4.8 2014q2\arm-none-eabi\lib\armv7e-m\fpu\libstdc++.a(class_type_info.o)
                0x0800a4b0                __cxxabiv1::__class_type_info::~__class_type_info()
 .text._ZNK10__cxxabiv117__class_type_info11__do_upcastEPKS0_PKvRNS0_15__upcast_resultE
                0x0800a4cc       0x18 ..\..\..\..\..\..\..\Program Files (x86)\GNU Tools ARM Embedded\4.8 2014q2\arm-none-eabi\lib\armv7e-m\fpu\libstdc++.a(class_type_info.o)
                0x0800a4cc                __cxxabiv1::__class_type_info::__do_upcast(__cxxabiv1::__class_type_info const*, void const*, __cxxabiv1::__class_type_info::__upcast_result&) const
 .text._ZNK10__cxxabiv117__class_type_info10__do_catchEPKSt9type_infoPPvj
                0x0800a4e4       0x24 ..\..\..\..\..\..\..\Program Files (x86)\GNU Tools ARM Embedded\4.8 2014q2\arm-none-eabi\lib\armv7e-m\fpu\libstdc++.a(class_type_info.o)
                0x0800a4e4                __cxxabiv1::__class_type_info::__do_catch(std::type_info const*, void**, unsigned int) const
 .text._ZNK10__cxxabiv117__class_type_info12__do_dyncastEiNS0_10__sub_kindEPKS0_PKvS3_S5_RNS0_16__dyncast_resultE
                0x0800a508       0x40 ..\..\..\..\..\..\..\Program Files (x86)\GNU Tools ARM Embedded\4.8 2014q2\arm-none-eabi\lib\armv7e-m\fpu\libstdc++.a(class_type_info.o)
                0x0800a508                __cxxabiv1::__class_type_info::__do_dyncast(int, __cxxabiv1::__class_type_info::__sub_kind, __cxxabiv1::__class_type_info const*, void const*, __cxxabiv1::__class_type_info const*, void const*, __cxxabiv1::__class_type_info::__dyncast_result&) const
 .text._ZNSt9exceptionD2Ev
                0x0800a548        0xc ..\..\..\..\..\..\..\Program Files (x86)\GNU Tools ARM Embedded\4.8 2014q2\arm-none-eabi\lib\armv7e-m\fpu\libstdc++.a(eh_exception.o)
                0x0800a548                std::exception::~exception()
                0x0800a548                std::exception::~exception()
 .text._ZNSt13bad_exceptionD2Ev
                0x0800a554        0xc ..\..\..\..\..\..\..\Program Files (x86)\GNU Tools ARM Embedded\4.8 2014q2\arm-none-eabi\lib\armv7e-m\fpu\libstdc++.a(eh_exception.o)
                0x0800a554                std::bad_exception::~bad_exception()
                0x0800a554                std::bad_exception::~bad_exception()
 .text._ZNKSt9exception4whatEv
                0x0800a560        0x8 ..\..\..\..\..\..\..\Program Files (x86)\GNU Tools ARM Embedded\4.8 2014q2\arm-none-eabi\lib\armv7e-m\fpu\libstdc++.a(eh_exception.o)
                0x0800a560                std::exception::what() const
 .text._ZNKSt13bad_exception4whatEv
                0x0800a568        0x8 ..\..\..\..\..\..\..\Program Files (x86)\GNU Tools ARM Embedded\4.8 2014q2\arm-none-eabi\lib\armv7e-m\fpu\libstdc++.a(eh_exception.o)
                0x0800a568                std::bad_exception::what() const
 .text._ZNSt9exceptionD0Ev
                0x0800a570       0x14 ..\..\..\..\..\..\..\Program Files (x86)\GNU Tools ARM Embedded\4.8 2014q2\arm-none-eabi\lib\armv7e-m\fpu\libstdc++.a(eh_exception.o)
                0x0800a570                std::exception::~exception()
 .text._ZNSt13bad_exceptionD0Ev
                0x0800a584       0x14 ..\..\..\..\..\..\..\Program Files (x86)\GNU Tools ARM Embedded\4.8 2014q2\arm-none-eabi\lib\armv7e-m\fpu\libstdc++.a(eh_exception.o)
                0x0800a584                std::bad_exception::~bad_exception()
 .text._ZN10__cxxabiv120__si_class_type_infoD2Ev
                0x0800a598       0x14 ..\..\..\..\..\..\..\Program Files (x86)\GNU Tools ARM Embedded\4.8 2014q2\arm-none-eabi\lib\armv7e-m\fpu\libstdc++.a(si_class_type_info.o)
                0x0800a598                __cxxabiv1::__si_class_type_info::~__si_class_type_info()
                0x0800a598                __cxxabiv1::__si_class_type_info::~__si_class_type_info()
 .text._ZN10__cxxabiv120__si_class_type_infoD0Ev
                0x0800a5ac       0x1c ..\..\..\..\..\..\..\Program Files (x86)\GNU Tools ARM Embedded\4.8 2014q2\arm-none-eabi\lib\armv7e-m\fpu\libstdc++.a(si_class_type_info.o)
                0x0800a5ac                __cxxabiv1::__si_class_type_info::~__si_class_type_info()
 .text._ZNK10__cxxabiv120__si_class_type_info20__do_find_public_srcEiPKvPKNS_17__class_type_infoES2_
                0x0800a5c8       0x34 ..\..\..\..\..\..\..\Program Files (x86)\GNU Tools ARM Embedded\4.8 2014q2\arm-none-eabi\lib\armv7e-m\fpu\libstdc++.a(si_class_type_info.o)
                0x0800a5c8                __cxxabiv1::__si_class_type_info::__do_find_public_src(int, void const*, __cxxabiv1::__class_type_info const*, void const*) const
 .text._ZNK10__cxxabiv120__si_class_type_info12__do_dyncastEiNS_17__class_type_info10__sub_kindEPKS1_PKvS4_S6_RNS1_16__dyncast_resultE
                0x0800a5fc       0x98 ..\..\..\..\..\..\..\Program Files (x86)\GNU Tools ARM Embedded\4.8 2014q2\arm-none-eabi\lib\armv7e-m\fpu\libstdc++.a(si_class_type_info.o)
                0x0800a5fc                __cxxabiv1::__si_class_type_info::__do_dyncast(int, __cxxabiv1::__class_type_info::__sub_kind, __cxxabiv1::__class_type_info const*, void const*, __cxxabiv1::__class_type_info const*, void const*, __cxxabiv1::__class_type_info::__dyncast_result&) const
 .text._ZNK10__cxxabiv120__si_class_type_info11__do_upcastEPKNS_17__class_type_infoEPKvRNS1_15__upcast_resultE
                0x0800a694       0x20 ..\..\..\..\..\..\..\Program Files (x86)\GNU Tools ARM Embedded\4.8 2014q2\arm-none-eabi\lib\armv7e-m\fpu\libstdc++.a(si_class_type_info.o)
                0x0800a694                __cxxabiv1::__si_class_type_info::__do_upcast(__cxxabiv1::__class_type_info const*, void const*, __cxxabiv1::__class_type_info::__upcast_result&) const
 .text._ZN10__cxxabiv111__terminateEPFvvE
                0x0800a6b4       0x28 ..\..\..\..\..\..\..\Program Files (x86)\GNU Tools ARM Embedded\4.8 2014q2\arm-none-eabi\lib\armv7e-m\fpu\libstdc++.a(eh_terminate.o)
                0x0800a6b4                __cxxabiv1::__terminate(void (*)())
 .text._ZSt9terminatev
                0x0800a6dc       0x10 ..\..\..\..\..\..\..\Program Files (x86)\GNU Tools ARM Embedded\4.8 2014q2\arm-none-eabi\lib\armv7e-m\fpu\libstdc++.a(eh_terminate.o)
                0x0800a6dc                std::terminate()
 .text._ZN10__cxxabiv112__unexpectedEPFvvE
                0x0800a6ec        0x8 ..\..\..\..\..\..\..\Program Files (x86)\GNU Tools ARM Embedded\4.8 2014q2\arm-none-eabi\lib\armv7e-m\fpu\libstdc++.a(eh_terminate.o)
                0x0800a6ec                __cxxabiv1::__unexpected(void (*)())
 .text._ZSt10unexpectedv
                0x0800a6f4       0x10 ..\..\..\..\..\..\..\Program Files (x86)\GNU Tools ARM Embedded\4.8 2014q2\arm-none-eabi\lib\armv7e-m\fpu\libstdc++.a(eh_terminate.o)
                0x0800a6f4                std::unexpected()
 .text.__cxa_begin_catch
                0x0800a704       0x8c ..\..\..\..\..\..\..\Program Files (x86)\GNU Tools ARM Embedded\4.8 2014q2\arm-none-eabi\lib\armv7e-m\fpu\libstdc++.a(eh_catch.o)
                0x0800a704                __cxa_begin_catch
 .text.__cxa_end_catch
                0x0800a790       0x8c ..\..\..\..\..\..\..\Program Files (x86)\GNU Tools ARM Embedded\4.8 2014q2\arm-none-eabi\lib\armv7e-m\fpu\libstdc++.a(eh_catch.o)
                0x0800a790                __cxa_end_catch
 .text._ZN9__gnu_cxx27__verbose_terminate_handlerEv
                0x0800a81c      0x114 ..\..\..\..\..\..\..\Program Files (x86)\GNU Tools ARM Embedded\4.8 2014q2\arm-none-eabi\lib\armv7e-m\fpu\libstdc++.a(vterminate.o)
                0x0800a81c                __gnu_cxx::__verbose_terminate_handler()
 .text.__cxa_current_exception_type
                0x0800a930       0x1c ..\..\..\..\..\..\..\Program Files (x86)\GNU Tools ARM Embedded\4.8 2014q2\arm-none-eabi\lib\armv7e-m\fpu\libstdc++.a(eh_type.o)
                0x0800a930                __cxa_current_exception_type
 .text          0x0800a94c     0x5784 ..\..\..\..\..\..\..\Program Files (x86)\GNU Tools ARM Embedded\4.8 2014q2\arm-none-eabi\lib\armv7e-m\fpu\libstdc++.a(cp-demangle.o)
                0x0800fff0                __cxa_demangle
                0x080100b4                __gcclibcxx_demangle_callback
 .text._exit    0x080100d0        0x4 ..\..\..\..\..\..\..\Program Files (x86)\GNU Tools ARM Embedded\4.8 2014q2\arm-none-eabi\lib\armv7e-m\fpu\libnosys.a(_exit.o)
                0x080100d0                _exit
 .text          0x080100d4      0x424 c:/program files (x86)/gnu tools arm embedded/4.8 2014q2/bin/../lib/gcc/arm-none-eabi/4.8.4/armv7e-m/fpu\libgcc.a(_arm_muldivdf3.o)
                0x080100d4                __aeabi_dmul
                0x080100d4                __muldf3
                0x08010328                __divdf3
                0x08010328                __aeabi_ddiv
 .text          0x080104f8      0x110 c:/program files (x86)/gnu tools arm embedded/4.8 2014q2/bin/../lib/gcc/arm-none-eabi/4.8.4/armv7e-m/fpu\libgcc.a(_arm_cmpdf2.o)
                0x080104f8                __gtdf2
                0x080104f8                __gedf2
                0x08010500                __ltdf2
                0x08010500                __ledf2
                0x08010508                __nedf2
                0x08010508                __eqdf2
                0x08010508                __cmpdf2
                0x08010584                __aeabi_cdrcmple
                0x08010594                __aeabi_cdcmpeq
                0x08010594                __aeabi_cdcmple
                0x080105a4                __aeabi_dcmpeq
                0x080105b8                __aeabi_dcmplt
                0x080105cc                __aeabi_dcmple
                0x080105e0                __aeabi_dcmpge
                0x080105f4                __aeabi_dcmpgt
 .text          0x08010608       0x50 c:/program files (x86)/gnu tools arm embedded/4.8 2014q2/bin/../lib/gcc/arm-none-eabi/4.8.4/armv7e-m/fpu\libgcc.a(_arm_fixdfsi.o)
                0x08010608                __aeabi_d2iz
                0x08010608                __fixdfsi
 .text          0x08010658       0x2c c:/program files (x86)/gnu tools arm embedded/4.8 2014q2/bin/../lib/gcc/arm-none-eabi/4.8.4/armv7e-m/fpu\libgcc.a(_aeabi_uldivmod.o)
                0x08010658                __aeabi_uldivmod
 .text          0x08010684       0x60 c:/program files (x86)/gnu tools arm embedded/4.8 2014q2/bin/../lib/gcc/arm-none-eabi/4.8.4/armv7e-m/fpu\libgcc.a(bpabi.o)
                0x08010684                __gnu_ldivmod_helper
                0x080106b4                __gnu_uldivmod_helper
 .text          0x080106e4        0x4 c:/program files (x86)/gnu tools arm embedded/4.8 2014q2/bin/../lib/gcc/arm-none-eabi/4.8.4/armv7e-m/fpu\libgcc.a(_dvmd_tls.o)
                0x080106e4                __aeabi_idiv0
                0x080106e4                __aeabi_ldiv0
 .text          0x080106e8      0x298 c:/program files (x86)/gnu tools arm embedded/4.8 2014q2/bin/../lib/gcc/arm-none-eabi/4.8.4/armv7e-m/fpu\libgcc.a(_divdi3.o)
                0x080106e8                __divdi3
 .text          0x08010980      0x284 c:/program files (x86)/gnu tools arm embedded/4.8 2014q2/bin/../lib/gcc/arm-none-eabi/4.8.4/armv7e-m/fpu\libgcc.a(_udivdi3.o)
                0x08010980                __udivdi3
 .text.fputc    0x08010c04       0x28 ..\..\..\..\..\..\..\Program Files (x86)\GNU Tools ARM Embedded\4.8 2014q2\arm-none-eabi\lib\armv7e-m\fpu\libg.a(lib_a-fputc.o)
                0x08010c04                fputc
 .text._fputs_r
                0x08010c2c       0x4c ..\..\..\..\..\..\..\Program Files (x86)\GNU Tools ARM Embedded\4.8 2014q2\arm-none-eabi\lib\armv7e-m\fpu\libg.a(lib_a-fputs.o)
                0x08010c2c                _fputs_r
 .text.fputs    0x08010c78       0x10 ..\..\..\..\..\..\..\Program Files (x86)\GNU Tools ARM Embedded\4.8 2014q2\arm-none-eabi\lib\armv7e-m\fpu\libg.a(lib_a-fputs.o)
                0x08010c78                fputs
 .text.__sfvwrite_r
                0x08010c88      0x318 ..\..\..\..\..\..\..\Program Files (x86)\GNU Tools ARM Embedded\4.8 2014q2\arm-none-eabi\lib\armv7e-m\fpu\libg.a(lib_a-fvwrite.o)
                0x08010c88                __sfvwrite_r
 .text._fwrite_r
                0x08010fa0       0x64 ..\..\..\..\..\..\..\Program Files (x86)\GNU Tools ARM Embedded\4.8 2014q2\arm-none-eabi\lib\armv7e-m\fpu\libg.a(lib_a-fwrite.o)
                0x08010fa0                _fwrite_r
 .text.fwrite   0x08011004       0x20 ..\..\..\..\..\..\..\Program Files (x86)\GNU Tools ARM Embedded\4.8 2014q2\arm-none-eabi\lib\armv7e-m\fpu\libg.a(lib_a-fwrite.o)
                0x08011004                fwrite
 .text._putc_r  0x08011024       0x58 ..\..\..\..\..\..\..\Program Files (x86)\GNU Tools ARM Embedded\4.8 2014q2\arm-none-eabi\lib\armv7e-m\fpu\libg.a(lib_a-putc.o)
                0x08011024                _putc_r
 .text.realloc  0x0801107c       0x10 ..\..\..\..\..\..\..\Program Files (x86)\GNU Tools ARM Embedded\4.8 2014q2\arm-none-eabi\lib\armv7e-m\fpu\libg.a(lib_a-realloc.o)
                0x0801107c                realloc
 .text.strncmp  0x0801108c       0xb4 ..\..\..\..\..\..\..\Program Files (x86)\GNU Tools ARM Embedded\4.8 2014q2\arm-none-eabi\lib\armv7e-m\fpu\libg.a(lib_a-strncmp.o)
                0x0801108c                strncmp
 .text.__swbuf_r
                0x08011140       0xa8 ..\..\..\..\..\..\..\Program Files (x86)\GNU Tools ARM Embedded\4.8 2014q2\arm-none-eabi\lib\armv7e-m\fpu\libg.a(lib_a-wbuf.o)
                0x08011140                __swbuf_r
 .text.__swsetup_r
                0x080111e8       0xc4 ..\..\..\..\..\..\..\Program Files (x86)\GNU Tools ARM Embedded\4.8 2014q2\arm-none-eabi\lib\armv7e-m\fpu\libg.a(lib_a-wsetup.o)
                0x080111e8                __swsetup_r
 .text.__sflush_r
                0x080112ac      0x154 ..\..\..\..\..\..\..\Program Files (x86)\GNU Tools ARM Embedded\4.8 2014q2\arm-none-eabi\lib\armv7e-m\fpu\libg.a(lib_a-fflush.o)
                0x080112ac                __sflush_r
 .text._fflush_r
                0x08011400       0x2c ..\..\..\..\..\..\..\Program Files (x86)\GNU Tools ARM Embedded\4.8 2014q2\arm-none-eabi\lib\armv7e-m\fpu\libg.a(lib_a-fflush.o)
                0x08011400                _fflush_r
 .text._cleanup_r
                0x0801142c        0xc ..\..\..\..\..\..\..\Program Files (x86)\GNU Tools ARM Embedded\4.8 2014q2\arm-none-eabi\lib\armv7e-m\fpu\libg.a(lib_a-findfp.o)
                0x0801142c                _cleanup_r
 .text.__sinit  0x08011438       0xf4 ..\..\..\..\..\..\..\Program Files (x86)\GNU Tools ARM Embedded\4.8 2014q2\arm-none-eabi\lib\armv7e-m\fpu\libg.a(lib_a-findfp.o)
                0x08011438                __sinit
 .text.__sfp_lock_acquire
                0x0801152c        0x4 ..\..\..\..\..\..\..\Program Files (x86)\GNU Tools ARM Embedded\4.8 2014q2\arm-none-eabi\lib\armv7e-m\fpu\libg.a(lib_a-findfp.o)
                0x0801152c                __sfp_lock_acquire
 .text.__sfp_lock_release
                0x08011530        0x4 ..\..\..\..\..\..\..\Program Files (x86)\GNU Tools ARM Embedded\4.8 2014q2\arm-none-eabi\lib\armv7e-m\fpu\libg.a(lib_a-findfp.o)
                0x08011530                __sfp_lock_release
 .text._fwalk   0x08011534       0x4c ..\..\..\..\..\..\..\Program Files (x86)\GNU Tools ARM Embedded\4.8 2014q2\arm-none-eabi\lib\armv7e-m\fpu\libg.a(lib_a-fwalk.o)
                0x08011534                _fwalk
 .text.__smakebuf_r
                0x08011580       0xe0 ..\..\..\..\..\..\..\Program Files (x86)\GNU Tools ARM Embedded\4.8 2014q2\arm-none-eabi\lib\armv7e-m\fpu\libg.a(lib_a-makebuf.o)
                0x08011580                __smakebuf_r
 .text.__sread  0x08011660       0x24 ..\..\..\..\..\..\..\Program Files (x86)\GNU Tools ARM Embedded\4.8 2014q2\arm-none-eabi\lib\armv7e-m\fpu\libg.a(lib_a-stdio.o)
                0x08011660                __sread
 .text.__swrite
                0x08011684       0x38 ..\..\..\..\..\..\..\Program Files (x86)\GNU Tools ARM Embedded\4.8 2014q2\arm-none-eabi\lib\armv7e-m\fpu\libg.a(lib_a-stdio.o)
                0x08011684                __swrite
 .text.__sseek  0x080116bc       0x20 ..\..\..\..\..\..\..\Program Files (x86)\GNU Tools ARM Embedded\4.8 2014q2\arm-none-eabi\lib\armv7e-m\fpu\libg.a(lib_a-stdio.o)
                0x080116bc                __sseek
 .text.__sclose
                0x080116dc        0x8 ..\..\..\..\..\..\..\Program Files (x86)\GNU Tools ARM Embedded\4.8 2014q2\arm-none-eabi\lib\armv7e-m\fpu\libg.a(lib_a-stdio.o)
                0x080116dc                __sclose
 .text._write_r
                0x080116e4       0x28 ..\..\..\..\..\..\..\Program Files (x86)\GNU Tools ARM Embedded\4.8 2014q2\arm-none-eabi\lib\armv7e-m\fpu\libg.a(lib_a-writer.o)
                0x080116e4                _write_r
 .text._close_r
                0x0801170c       0x24 ..\..\..\..\..\..\..\Program Files (x86)\GNU Tools ARM Embedded\4.8 2014q2\arm-none-eabi\lib\armv7e-m\fpu\libg.a(lib_a-closer.o)
                0x0801170c                _close_r
 .text._fclose_r
                0x08011730       0x80 ..\..\..\..\..\..\..\Program Files (x86)\GNU Tools ARM Embedded\4.8 2014q2\arm-none-eabi\lib\armv7e-m\fpu\libg.a(lib_a-fclose.o)
                0x08011730                _fclose_r
 .text.fclose   0x080117b0       0x10 ..\..\..\..\..\..\..\Program Files (x86)\GNU Tools ARM Embedded\4.8 2014q2\arm-none-eabi\lib\armv7e-m\fpu\libg.a(lib_a-fclose.o)
                0x080117b0                fclose
 .text._fstat_r
                0x080117c0       0x28 ..\..\..\..\..\..\..\Program Files (x86)\GNU Tools ARM Embedded\4.8 2014q2\arm-none-eabi\lib\armv7e-m\fpu\libg.a(lib_a-fstatr.o)
                0x080117c0                _fstat_r
 .text._isatty_r
                0x080117e8       0x24 ..\..\..\..\..\..\..\Program Files (x86)\GNU Tools ARM Embedded\4.8 2014q2\arm-none-eabi\lib\armv7e-m\fpu\libg.a(lib_a-isattyr.o)
                0x080117e8                _isatty_r
 .text._lseek_r
                0x0801180c       0x28 ..\..\..\..\..\..\..\Program Files (x86)\GNU Tools ARM Embedded\4.8 2014q2\arm-none-eabi\lib\armv7e-m\fpu\libg.a(lib_a-lseekr.o)
                0x0801180c                _lseek_r
 .text._read_r  0x08011834       0x28 ..\..\..\..\..\..\..\Program Files (x86)\GNU Tools ARM Embedded\4.8 2014q2\arm-none-eabi\lib\armv7e-m\fpu\libg.a(lib_a-readr.o)
                0x08011834                _read_r
 *(.init)
 .init          0x0801185c        0x4 c:/program files (x86)/gnu tools arm embedded/4.8 2014q2/bin/../lib/gcc/arm-none-eabi/4.8.4/armv7e-m/fpu/crti.o
                0x0801185c                _init
 .init          0x08011860        0x8 c:/program files (x86)/gnu tools arm embedded/4.8 2014q2/bin/../lib/gcc/arm-none-eabi/4.8.4/armv7e-m/fpu/crtn.o
 *(.fini)
 .fini          0x08011868        0x4 c:/program files (x86)/gnu tools arm embedded/4.8 2014q2/bin/../lib/gcc/arm-none-eabi/4.8.4/armv7e-m/fpu/crti.o
                0x08011868                _fini
 .fini          0x0801186c        0x8 c:/program files (x86)/gnu tools arm embedded/4.8 2014q2/bin/../lib/gcc/arm-none-eabi/4.8.4/armv7e-m/fpu/crtn.o
 *crtbegin.o(.ctors)
 *crtbegin?.o(.ctors)
 *(EXCLUDE_FILE(*crtend.o *crtend?.o) .ctors)
 *(SORT(.ctors.*))
 *(.ctors)
 *crtbegin.o(.dtors)
 *crtbegin?.o(.dtors)
 *(EXCLUDE_FILE(*crtend.o *crtend?.o) .dtors)
 *(SORT(.dtors.*))
 *(.dtors)
 *(.rodata*)
 *fill*         0x08011874        0x4 
 .rodata        0x08011878       0x30 ..\obj\FlightControl.o
                0x08011878                vtable for FlightControl
                0x0801188c                typeinfo for FlightControl
                0x08011898                typeinfo name for FlightControl
 .rodata._ZTV14APP_Attitude_I
                0x080118a8       0x18 ..\obj\FlightControl.o
                0x080118a8                vtable for APP_Attitude_I
 .rodata._ZTV13APP_InterfaceI14APP_Attitude_IE
                0x080118c0       0x18 ..\obj\FlightControl.o
                0x080118c0                vtable for APP_Interface<APP_Attitude_I>
 .rodata._ZTV17APP_InterfaceBase
                0x080118d8       0x18 ..\obj\FlightControl.o
                0x080118d8                vtable for APP_InterfaceBase
 .rodata._ZTV17ApplicationModule
                0x080118f0       0x18 ..\obj\FlightControl.o
                0x080118f0                vtable for ApplicationModule
 .rodata._ZTV4Task
                0x08011908       0x18 ..\obj\FlightControl.o
                0x08011908                vtable for Task
 .rodata._ZTS14APP_Attitude_I
                0x08011920       0x14 ..\obj\FlightControl.o
                0x08011920                typeinfo name for APP_Attitude_I
 .rodata._ZTI14APP_Attitude_I
                0x08011934        0xc ..\obj\FlightControl.o
                0x08011934                typeinfo for APP_Attitude_I
 .rodata._ZTS13APP_InterfaceI14APP_Attitude_IE
                0x08011940       0x24 ..\obj\FlightControl.o
                0x08011940                typeinfo name for APP_Interface<APP_Attitude_I>
 .rodata._ZTI13APP_InterfaceI14APP_Attitude_IE
                0x08011964        0xc ..\obj\FlightControl.o
                0x08011964                typeinfo for APP_Interface<APP_Attitude_I>
 .rodata._ZTS17APP_InterfaceBase
                0x08011970       0x14 ..\obj\FlightControl.o
                0x08011970                typeinfo name for APP_InterfaceBase
 .rodata._ZTI17APP_InterfaceBase
                0x08011984        0x8 ..\obj\FlightControl.o
                0x08011984                typeinfo for APP_InterfaceBase
 .rodata._ZTS17ApplicationModule
                0x0801198c       0x14 ..\obj\FlightControl.o
                0x0801198c                typeinfo name for ApplicationModule
 .rodata._ZTI17ApplicationModule
                0x080119a0       0x18 ..\obj\FlightControl.o
                0x080119a0                typeinfo for ApplicationModule
 .rodata._ZTS4Task
                0x080119b8        0x8 ..\obj\FlightControl.o
                0x080119b8                typeinfo name for Task
 .rodata._ZTI4Task
                0x080119c0        0x8 ..\obj\FlightControl.o
                0x080119c0                typeinfo for Task
 .rodata        0x080119c8       0x38 ..\obj\FlightDynamics.o
                0x080119c8                vtable for FlightDynamics
                0x080119dc                typeinfo for FlightDynamics
                0x080119e8                typeinfo name for FlightDynamics
 .rodata        0x08011a00      0x140 ..\obj\Communication.o
                0x08011a00                vtable for Communication
                0x08011a14                typeinfo for Communication
                0x08011a20                typeinfo name for Communication
 .rodata        0x08011b40       0x30 ..\obj\ControlInput.o
                0x08011b40                vtable for ControlInput
                0x08011b54                typeinfo for ControlInput
                0x08011b60                typeinfo name for ControlInput
 .rodata        0x08011b70       0x64 ..\obj\main.o
 *fill*         0x08011bd4        0x4 
 .rodata._ZTV7MPU9150
                0x08011bd8       0x28 ..\obj\main.o
                0x08011bd8                vtable for MPU9150
 .rodata._ZTV19HAL_Accelerometer_I
                0x08011c00       0x28 ..\obj\main.o
                0x08011c00                vtable for HAL_Accelerometer_I
 .rodata._ZTV13HAL_Interface
                0x08011c28       0x10 ..\obj\main.o
                0x08011c28                vtable for HAL_Interface
 .rodata._ZTS7MPU9150
                0x08011c38        0xc ..\obj\main.o
                0x08011c38                typeinfo name for MPU9150
 .rodata._ZTI7MPU9150
                0x08011c44        0xc ..\obj\main.o
                0x08011c44                typeinfo for MPU9150
 .rodata._ZTS19HAL_Accelerometer_I
                0x08011c50       0x18 ..\obj\main.o
                0x08011c50                typeinfo name for HAL_Accelerometer_I
 .rodata._ZTI19HAL_Accelerometer_I
                0x08011c68        0xc ..\obj\main.o
                0x08011c68                typeinfo for HAL_Accelerometer_I
 .rodata._ZTS13HAL_Interface
                0x08011c74       0x10 ..\obj\main.o
                0x08011c74                typeinfo name for HAL_Interface
 .rodata._ZTI13HAL_Interface
                0x08011c84        0x8 ..\obj\main.o
                0x08011c84                typeinfo for HAL_Interface
 .rodata        0x08011c8c       0x10 ..\obj\timers.o
 *fill*         0x08011c9c        0x4 
 .rodata        0x08011ca0       0x38 ..\obj\FlightNavigation.o
                0x08011ca0                vtable for FlightNavigation
                0x08011cb4                typeinfo for FlightNavigation
                0x08011cc0                typeinfo name for FlightNavigation
 .rodata        0x08011cd8       0x50 ..\obj\tasks.o
 .rodata        0x08011d28       0x30 ..\obj\SystemStatus.o
                0x08011d28                vtable for SystemStatus
                0x08011d3c                typeinfo for SystemStatus
                0x08011d48                typeinfo name for SystemStatus
 .rodata.str1.4
                0x08011d58        0x2 ..\..\..\..\..\..\..\Program Files (x86)\GNU Tools ARM Embedded\4.8 2014q2\arm-none-eabi\lib\armv7e-m\fpu\libc.a(lib_a-impure.o)
                                  0x4 (size before relaxing)
 *fill*         0x08011d5a        0x2 
 .rodata._global_impure_ptr
                0x08011d5c        0x4 ..\..\..\..\..\..\..\Program Files (x86)\GNU Tools ARM Embedded\4.8 2014q2\arm-none-eabi\lib\armv7e-m\fpu\libc.a(lib_a-impure.o)
                0x08011d5c                _global_impure_ptr
 .rodata.zeroes.6763
                0x08011d60       0x10 ..\..\..\..\..\..\..\Program Files (x86)\GNU Tools ARM Embedded\4.8 2014q2\arm-none-eabi\lib\armv7e-m\fpu\libc.a(lib_a-svfprintf.o)
 .rodata.str1.4
                0x08011d70       0x42 ..\..\..\..\..\..\..\Program Files (x86)\GNU Tools ARM Embedded\4.8 2014q2\arm-none-eabi\lib\armv7e-m\fpu\libc.a(lib_a-svfprintf.o)
                                 0x44 (size before relaxing)
 *fill*         0x08011db2        0x2 
 .rodata.blanks.6762
                0x08011db4       0x10 ..\..\..\..\..\..\..\Program Files (x86)\GNU Tools ARM Embedded\4.8 2014q2\arm-none-eabi\lib\armv7e-m\fpu\libc.a(lib_a-svfprintf.o)
 .rodata.str1.4
                0x08011dc4       0x10 ..\..\..\..\..\..\..\Program Files (x86)\GNU Tools ARM Embedded\4.8 2014q2\arm-none-eabi\lib\armv7e-m\fpu\libc.a(lib_a-dtoa.o)
                                 0x14 (size before relaxing)
 .rodata.str1.4
                0x08011dd4        0xa ..\..\..\..\..\..\..\Program Files (x86)\GNU Tools ARM Embedded\4.8 2014q2\arm-none-eabi\lib\armv7e-m\fpu\libc.a(lib_a-locale.o)
                                 0x14 (size before relaxing)
 *fill*         0x08011dde        0x2 
 .rodata.__mprec_tens