Archive member included because of file (symbol)

c:/program files (x86)/gnu tools arm embedded/4.8 2014q2/bin/../lib/gcc/arm-none-eabi/4.8.4/armv7e-m/fpu\libgcc.a(_arm_addsubdf3.o)
                              ..\obj\GenericUART.o (__aeabi_f2d)
c:/program files (x86)/gnu tools arm embedded/4.8 2014q2/bin/../lib/gcc/arm-none-eabi/4.8.4/armv7e-m/fpu\libgcc.a(unwind-arm.o)
                              ..\obj\main.o (__aeabi_unwind_cpp_pr0)
c:/program files (x86)/gnu tools arm embedded/4.8 2014q2/bin/../lib/gcc/arm-none-eabi/4.8.4/armv7e-m/fpu\libgcc.a(libunwind.o)
                              c:/program files (x86)/gnu tools arm embedded/4.8 2014q2/bin/../lib/gcc/arm-none-eabi/4.8.4/armv7e-m/fpu\libgcc.a(unwind-arm.o) (restore_core_regs)
c:/program files (x86)/gnu tools arm embedded/4.8 2014q2/bin/../lib/gcc/arm-none-eabi/4.8.4/armv7e-m/fpu\libgcc.a(pr-support.o)
                              c:/program files (x86)/gnu tools arm embedded/4.8 2014q2/bin/../lib/gcc/arm-none-eabi/4.8.4/armv7e-m/fpu\libgcc.a(unwind-arm.o) (__gnu_unwind_execute)
C:\Program Files (x86)\GNU Tools ARM Embedded\4.8 2014q2\arm-none-eabi\lib\armv7e-m\fpu\libc.a(lib_a-aeabi_atexit.o)
                              ..\obj\FlightDynamics.o (__aeabi_atexit)
C:\Program Files (x86)\GNU Tools ARM Embedded\4.8 2014q2\arm-none-eabi\lib\armv7e-m\fpu\libc.a(lib_a-cxa_atexit.o)
                              C:\Program Files (x86)\GNU Tools ARM Embedded\4.8 2014q2\arm-none-eabi\lib\armv7e-m\fpu\libc.a(lib_a-aeabi_atexit.o) (__cxa_atexit)
C:\Program Files (x86)\GNU Tools ARM Embedded\4.8 2014q2\arm-none-eabi\lib\armv7e-m\fpu\libc.a(lib_a-exit.o)
                              c:/program files (x86)/gnu tools arm embedded/4.8 2014q2/bin/../lib/gcc/arm-none-eabi/4.8.4/../../../../arm-none-eabi/lib/armv7e-m/fpu/crt0.o (exit)
C:\Program Files (x86)\GNU Tools ARM Embedded\4.8 2014q2\arm-none-eabi\lib\armv7e-m\fpu\libc.a(lib_a-impure.o)
                              C:\Program Files (x86)\GNU Tools ARM Embedded\4.8 2014q2\arm-none-eabi\lib\armv7e-m\fpu\libc.a(lib_a-exit.o) (_global_impure_ptr)
C:\Program Files (x86)\GNU Tools ARM Embedded\4.8 2014q2\arm-none-eabi\lib\armv7e-m\fpu\libc.a(lib_a-init.o)
                              c:/program files (x86)/gnu tools arm embedded/4.8 2014q2/bin/../lib/gcc/arm-none-eabi/4.8.4/../../../../arm-none-eabi/lib/armv7e-m/fpu/crt0.o (__libc_init_array)
C:\Program Files (x86)\GNU Tools ARM Embedded\4.8 2014q2\arm-none-eabi\lib\armv7e-m\fpu\libc.a(lib_a-malloc.o)
                              ..\obj\LibraryHacks.o (malloc)
C:\Program Files (x86)\GNU Tools ARM Embedded\4.8 2014q2\arm-none-eabi\lib\armv7e-m\fpu\libc.a(lib_a-mallocr.o)
                              C:\Program Files (x86)\GNU Tools ARM Embedded\4.8 2014q2\arm-none-eabi\lib\armv7e-m\fpu\libc.a(lib_a-malloc.o) (_malloc_r)
C:\Program Files (x86)\GNU Tools ARM Embedded\4.8 2014q2\arm-none-eabi\lib\armv7e-m\fpu\libc.a(lib_a-memcmp.o)
                              ..\obj\tasks.o (memcmp)
C:\Program Files (x86)\GNU Tools ARM Embedded\4.8 2014q2\arm-none-eabi\lib\armv7e-m\fpu\libc.a(lib_a-memcpy.o)
                              ..\obj\queue.o (memcpy)
C:\Program Files (x86)\GNU Tools ARM Embedded\4.8 2014q2\arm-none-eabi\lib\armv7e-m\fpu\libc.a(lib_a-memset.o)
                              c:/program files (x86)/gnu tools arm embedded/4.8 2014q2/bin/../lib/gcc/arm-none-eabi/4.8.4/../../../../arm-none-eabi/lib/armv7e-m/fpu/crt0.o (memset)
C:\Program Files (x86)\GNU Tools ARM Embedded\4.8 2014q2\arm-none-eabi\lib\armv7e-m\fpu\libc.a(lib_a-mlock.o)
                              C:\Program Files (x86)\GNU Tools ARM Embedded\4.8 2014q2\arm-none-eabi\lib\armv7e-m\fpu\libc.a(lib_a-mallocr.o) (__malloc_lock)
C:\Program Files (x86)\GNU Tools ARM Embedded\4.8 2014q2\arm-none-eabi\lib\armv7e-m\fpu\libc.a(lib_a-sbrkr.o)
                              C:\Program Files (x86)\GNU Tools ARM Embedded\4.8 2014q2\arm-none-eabi\lib\armv7e-m\fpu\libc.a(lib_a-mallocr.o) (_sbrk_r)
C:\Program Files (x86)\GNU Tools ARM Embedded\4.8 2014q2\arm-none-eabi\lib\armv7e-m\fpu\libc.a(lib_a-snprintf.o)
                              ..\obj\GenericUART.o (snprintf)
C:\Program Files (x86)\GNU Tools ARM Embedded\4.8 2014q2\arm-none-eabi\lib\armv7e-m\fpu\libc.a(lib_a-sprintf.o)
                              ..\obj\tasks.o (sprintf)
C:\Program Files (x86)\GNU Tools ARM Embedded\4.8 2014q2\arm-none-eabi\lib\armv7e-m\fpu\libc.a(lib_a-strlen.o)
                              ..\obj\tasks.o (strlen)
C:\Program Files (x86)\GNU Tools ARM Embedded\4.8 2014q2\arm-none-eabi\lib\armv7e-m\fpu\libc.a(lib_a-svfprintf.o)
                              C:\Program Files (x86)\GNU Tools ARM Embedded\4.8 2014q2\arm-none-eabi\lib\armv7e-m\fpu\libc.a(lib_a-snprintf.o) (_svfprintf_r)
C:\Program Files (x86)\GNU Tools ARM Embedded\4.8 2014q2\arm-none-eabi\lib\armv7e-m\fpu\libc.a(lib_a-__atexit.o)
[...]
Memory Configuration

Name             Origin             Length             Attributes
FLASH            0x08000000         0x00080000         xr
RAM              0x20000000         0x00020000         xrw
RAM1             0x10000000         0x00010000         xrw
*default*        0x00000000         0xffffffff

Linker script and memory map

LOAD c:/program files (x86)/gnu tools arm embedded/4.8 2014q2/bin/../lib/gcc/arm-none-eabi/4.8.4/armv7e-m/fpu/crti.o
LOAD c:/program files (x86)/gnu tools arm embedded/4.8 2014q2/bin/../lib/gcc/arm-none-eabi/4.8.4/armv7e-m/fpu/crtbegin.o
LOAD c:/program files (x86)/gnu tools arm embedded/4.8 2014q2/bin/../lib/gcc/arm-none-eabi/4.8.4/../../../../arm-none-eabi/lib/armv7e-m/fpu/crt0.o
                0x20020000                _eram = 0x20020000

.text           0x08000000     0x79ac
 *(.isr_vector)
 .isr_vector    0x08000000      0x188 ..\obj\startup_stm32f4xx.o
                0x08000000                g_pfnVectors
 *(.text*)
 .text          0x08000188       0x54 c:/program files (x86)/gnu tools arm embedded/4.8 2014q2/bin/../lib/gcc/arm-none-eabi/4.8.4/armv7e-m/fpu/crtbegin.o
 .text          0x080001dc       0x74 c:/program files (x86)/gnu tools arm embedded/4.8 2014q2/bin/../lib/gcc/arm-none-eabi/4.8.4/../../../../arm-none-eabi/lib/armv7e-m/fpu/crt0.o
                0x080001dc                _start
                0x080001dc                _mainCRTStartup
 .text._ZN5MutexC2ERKS_
                0x08000250       0x20 ..\obj\FlightControl.o
                0x08000250                Mutex::Mutex(Mutex const&)
                0x08000250                Mutex::Mutex(Mutex const&)
 .text._ZN5MutexD2Ev
                0x08000270       0x18 ..\obj\FlightControl.o
                0x08000270                Mutex::~Mutex()
                0x08000270                Mutex::~Mutex()
 .text._ZN5Mutex4takeEv
                0x08000288       0x20 ..\obj\FlightControl.o
                0x08000288                Mutex::take()
 .text._ZN5Mutex7releaseEv
                0x080002a8       0x2c ..\obj\FlightControl.o
                0x080002a8                Mutex::release()
 .text._ZN5MutexaSERS_
                0x080002d4       0x20 ..\obj\FlightControl.o
                0x080002d4                Mutex::operator=(Mutex&)
 .text._ZN5Mutex10get_handleEv
                0x080002f4       0x18 ..\obj\FlightControl.o
                0x080002f4                Mutex::get_handle()
 .text._ZN12MessageQueueD2Ev
                0x0800030c       0x1c ..\obj\FlightControl.o
                0x0800030c                MessageQueue::~MessageQueue()
                0x0800030c                MessageQueue::~MessageQueue()
 .text._ZN4TaskD2Ev
                0x08000328       0x34 ..\obj\FlightControl.o
                0x08000328                Task::~Task()
                0x08000328                Task::~Task()
 .text._ZN4TaskD0Ev
                0x0800035c       0x20 ..\obj\FlightControl.o
                0x0800035c                Task::~Task()
 .text._ZN9MessengerD2Ev
                0x0800037c       0x1c ..\obj\FlightControl.o
                0x0800037c                Messenger::~Messenger()
                0x0800037c                Messenger::~Messenger()
 .text._ZN17APP_InterfaceBase7publishEv
                0x08000398       0xa0 ..\obj\FlightControl.o
                0x08000398                APP_InterfaceBase::publish()
 .text._ZN17APP_InterfaceBase7receiveEv
                0x08000438       0x5c ..\obj\FlightControl.o
                0x08000438                APP_InterfaceBase::receive()
 .text._ZN13FlightControl3runEv
                0x08000494       0x28 ..\obj\FlightControl.o
                0x08000494                FlightControl::run()
 .text._ZN17ApplicationModuleD2Ev
                0x080004bc       0x3c ..\obj\FlightControl.o
                0x080004bc                ApplicationModule::~ApplicationModule()
                0x080004bc                ApplicationModule::~ApplicationModule()
 .text._ZN17ApplicationModuleD0Ev
                0x080004f8       0x20 ..\obj\FlightControl.o
                0x080004f8                ApplicationModule::~ApplicationModule()
 .text._ZN17APP_InterfaceBaseD2Ev
                0x08000518       0x28 ..\obj\FlightControl.o
                0x08000518                APP_InterfaceBase::~APP_InterfaceBase()
                0x08000518                APP_InterfaceBase::~APP_InterfaceBase()
 .text._ZN13APP_InterfaceI14APP_Attitude_IED2Ev
                0x08000540       0x24 ..\obj\FlightControl.o
                0x08000540                APP_Interface<APP_Attitude_I>::~APP_Interface()
                0x08000540                APP_Interface<APP_Attitude_I>::~APP_Interface()
 .text._ZN14APP_Attitude_ID2Ev
                0x08000564       0x24 ..\obj\FlightControl.o
                0x08000564                APP_Attitude_I::~APP_Attitude_I()
                0x08000564                APP_Attitude_I::~APP_Attitude_I()
 .text._ZN13FlightControlD2Ev
                0x08000588       0x3c ..\obj\FlightControl.o
                0x08000588                FlightControl::~FlightControl()
                0x08000588                FlightControl::~FlightControl()
 .text._ZN13FlightControlD0Ev
                0x080005c4       0x20 ..\obj\FlightControl.o
                0x080005c4                FlightControl::~FlightControl()
 .text._ZNK13APP_InterfaceI14APP_Attitude_IE4sizeEv
                0x080005e4       0x18 ..\obj\FlightControl.o
                0x080005e4                APP_Interface<APP_Attitude_I>::size() const
 .text._ZN17APP_InterfaceBaseC2ERKS_
                0x080005fc       0x38 ..\obj\FlightControl.o
                0x080005fc                APP_InterfaceBase::APP_InterfaceBase(APP_InterfaceBase const&)
                0x080005fc                APP_InterfaceBase::APP_InterfaceBase(APP_InterfaceBase const&)
 .text._ZN13APP_InterfaceI14APP_Attitude_IEC2ERKS1_
                0x08000634       0x2c ..\obj\FlightControl.o
                0x08000634                APP_Interface<APP_Attitude_I>::APP_Interface(APP_Interface<APP_Attitude_I> const&)
                0x08000634                APP_Interface<APP_Attitude_I>::APP_Interface(APP_Interface<APP_Attitude_I> const&)
 .text._ZN14APP_Attitude_IC2ERKS_
                0x08000660       0x5c ..\obj\FlightControl.o
                0x08000660                APP_Attitude_I::APP_Attitude_I(APP_Attitude_I const&)
                0x08000660                APP_Attitude_I::APP_Attitude_I(APP_Attitude_I const&)
 .text._ZN13APP_InterfaceI14APP_Attitude_IEplEPS0_
                0x080006bc       0x24 ..\obj\FlightControl.o
                0x080006bc                APP_Interface<APP_Attitude_I>::operator+(APP_Attitude_I*)
 .text._ZN5MutexC2Ev
                0x080006e0       0x28 ..\obj\FlightDynamics.o
                0x080006e0                Mutex::Mutex()
                0x080006e0                Mutex::Mutex()
 .text._ZN12MessageQueue11try_receiveEPv
                0x08000708       0x30 ..\obj\FlightDynamics.o
                0x08000708                MessageQueue::try_receive(void*)
 .text._ZN6EEPROM4loadEPvm
                0x08000738       0x1c ..\obj\FlightDynamics.o
                0x08000738                EEPROM::load(void*, unsigned long)
 .text._ZN7MessageC2Ev
                0x08000754       0x18 ..\obj\FlightDynamics.o
                0x08000754                Message::Message()
                0x08000754                Message::Message()
 .text._ZN19MessageDistributionD2Ev
                0x0800076c       0x1c ..\obj\FlightDynamics.o
                0x0800076c                MessageDistribution::~MessageDistribution()
                0x0800076c                MessageDistribution::~MessageDistribution()
 .text._ZN19MessageDistribution11getInstanceEv
                0x08000788       0x64 ..\obj\FlightDynamics.o
                0x08000788                MessageDistribution::getInstance()
 .text._ZN19MessageDistribution9subscribeE11MessageTypeR12MessageQueue
                0x080007ec       0x70 ..\obj\FlightDynamics.o
                0x080007ec                MessageDistribution::subscribe(MessageType, MessageQueue&)
 .text._ZN19MessageDistributionC2Ev
                0x0800085c       0x1c ..\obj\FlightDynamics.o
                0x0800085c                MessageDistribution::MessageDistribution()
                0x0800085c                MessageDistribution::MessageDistribution()
 .text._ZN9Messenger9subscribeE11MessageType
                0x08000878       0x28 ..\obj\FlightDynamics.o
                0x08000878                Messenger::subscribe(MessageType)
 .text._ZN9Messenger11try_receiveEPv
                0x080008a0       0x20 ..\obj\FlightDynamics.o
                0x080008a0                Messenger::try_receive(void*)
 .text._ZN14FlightDynamics4initEv
                0x080008c0       0x3c ..\obj\FlightDynamics.o
                0x080008c0                FlightDynamics::init()
 .text._ZN14FlightDynamics3runEv
                0x080008fc       0x5c ..\obj\FlightDynamics.o
                0x080008fc                FlightDynamics::run()
 .text._ZN14FlightDynamics14handle_messageER7Message
                0x08000958       0x44 ..\obj\FlightDynamics.o
                0x08000958                FlightDynamics::handle_message(Message&)
 .text._ZN14FlightDynamicsD2Ev
                0x0800099c       0x30 ..\obj\FlightDynamics.o
                0x0800099c                FlightDynamics::~FlightDynamics()
                0x0800099c                FlightDynamics::~FlightDynamics()
 .text._ZN14FlightDynamicsD0Ev
                0x080009cc       0x20 ..\obj\FlightDynamics.o
                0x080009cc                FlightDynamics::~FlightDynamics()
 .text._ZN12MessageQueue4sendEPv
                0x080009ec       0x30 ..\obj\Communication.o
                0x080009ec                MessageQueue::send(void*)
 .text._ZN7MessageC2E11MessageTypehhhhhh
                0x08000a1c       0x48 ..\obj\Communication.o
                0x08000a1c                Message::Message(MessageType, unsigned char, unsigned char, unsigned char, unsigned char, unsigned char, unsigned char)
                0x08000a1c                Message::Message(MessageType, unsigned char, unsigned char, unsigned char, unsigned char, unsigned char, unsigned char)
 .text._ZN19MessageDistribution9broadcastER7Message
                0x08000a64       0x60 ..\obj\Communication.o
                0x08000a64                MessageDistribution::broadcast(Message&)
 .text._ZN9Messenger9broadcastE7Message
                0x08000ac4       0x38 ..\obj\Communication.o
                0x08000ac4                Messenger::broadcast(Message)
 .text._ZN9Messenger9broadcastE11MessageType
                0x08000afc       0x50 ..\obj\Communication.o
                0x08000afc                Messenger::broadcast(MessageType)
 .text._ZN13Communication4initEv
                0x08000b4c       0x14 ..\obj\Communication.o
                0x08000b4c                Communication::init()
 .text._ZN13Communication3runEv
                0x08000b60       0xfc ..\obj\Communication.o
                0x08000b60                Communication::run()
 .text._ZN13Communication14handle_messageER7Message
                0x08000c5c       0x30 ..\obj\Communication.o
                0x08000c5c                Communication::handle_message(Message&)
 .text._ZN6GlobalIfEC2EfPKc
                0x08000c8c       0x40 ..\obj\Communication.o
                0x08000c8c                Global<float>::Global(float, char const*)
                0x08000c8c                Global<float>::Global(float, char const*)
 .text._ZN6GlobalIfE3setEf
                0x08000ccc       0x2c ..\obj\Communication.o
                0x08000ccc                Global<float>::set(float)
 .text._ZN13CommunicationD2Ev
                0x08000cf8       0x3c ..\obj\Communication.o
                0x08000cf8                Communication::~Communication()
                0x08000cf8                Communication::~Communication()
 .text._ZN13CommunicationD0Ev
                0x08000d34       0x20 ..\obj\Communication.o
                0x08000d34                Communication::~Communication()
 .text._ZN6GlobalIfED2Ev
                0x08000d54       0x1c ..\obj\Communication.o
                0x08000d54                Global<float>::~Global()
                0x08000d54                Global<float>::~Global()
 .text._Z41__static_initialization_and_destruction_0ii
                0x08000d70      0x244 ..\obj\Communication.o
 .text._GLOBAL__sub_I__ZN7Globals15angle_control_pE
                0x08000fb4       0x10 ..\obj\Communication.o
 .text._ZN12ControlInput3runEv
                0x08000fc4       0x28 ..\obj\ControlInput.o
                0x08000fc4                ControlInput::run()
 .text._ZN12ControlInputD2Ev
                0x08000fec       0x3c ..\obj\ControlInput.o
                0x08000fec                ControlInput::~ControlInput()
                0x08000fec                ControlInput::~ControlInput()
 .text._ZN12ControlInputD0Ev
                0x08001028       0x20 ..\obj\ControlInput.o
                0x08001028                ControlInput::~ControlInput()
 .text.vApplicationStackOverflowHook
                0x08001048        0x8 ..\obj\RTOSHooks.o
                0x08001048                vApplicationStackOverflowHook
 .text.vApplicationTickHook
                0x08001050       0x14 ..\obj\RTOSHooks.o
                0x08001050                vApplicationTickHook
 .text.vApplicationIdleHook
                0x08001064       0x18 ..\obj\RTOSHooks.o
                0x08001064                vApplicationIdleHook
 .text.vApplicationMallocFailedHook
                0x0800107c        0x8 ..\obj\RTOSHooks.o
                0x0800107c                vApplicationMallocFailedHook
 .text.Default_Reset_Handler
                0x08001084       0x70 ..\obj\startup_stm32f4xx.o
                0x08001084                Default_Reset_Handler
                0x08001084                Reset_Handler
 .text.Default_Handler
                0x080010f4        0x8 ..\obj\startup_stm32f4xx.o
                0x080010f4                RTC_Alarm_IRQHandler
                0x080010f4                HASH_RNG_IRQHandler
                0x080010f4                EXTI2_IRQHandler
                0x080010f4                TIM8_CC_IRQHandler
                0x080010f4                DebugMon_Handler
                0x080010f4                TIM1_CC_IRQHandler
                0x080010f4                DMA2_Stream5_IRQHandler
                0x080010f4                HardFault_Handler
                0x080010f4                DMA1_Stream5_IRQHandler
                0x080010f4                PVD_IRQHandler
                0x080010f4                SDIO_IRQHandler
                0x080010f4                TAMP_STAMP_IRQHandler
                0x080010f4                NMI_Handler
                0x080010f4                CAN2_RX1_IRQHandler
                0x080010f4                EXTI3_IRQHandler
                0x080010f4                TIM8_TRG_COM_TIM14_IRQHandler
                0x080010f4                TIM1_UP_TIM10_IRQHandler
                0x080010f4                TIM8_UP_TIM13_IRQHandler
                0x080010f4                I2C3_ER_IRQHandler
                0x080010f4                EXTI0_IRQHandler
                0x080010f4                I2C2_EV_IRQHandler
                0x080010f4                DMA1_Stream2_IRQHandler
                0x080010f4                CAN1_RX0_IRQHandler
                0x080010f4                FPU_IRQHandler
                0x080010f4                OTG_HS_WKUP_IRQHandler
                0x080010f4                UsageFault_Handler
                0x080010f4                CAN2_SCE_IRQHandler
                0x080010f4                DMA2_Stream2_IRQHandler
                0x080010f4                SPI1_IRQHandler
                0x080010f4                TIM6_DAC_IRQHandler
                0x080010f4                TIM1_BRK_TIM9_IRQHandler
                0x080010f4                DCMI_IRQHandler
                0x080010f4                CAN2_RX0_IRQHandler
                0x080010f4                DMA2_Stream3_IRQHandler
                0x080010f4                USART6_IRQHandler
                0x080010f4                USART3_IRQHandler
                0x080010f4                CRYP_IRQHandler
                0x080010f4                CAN1_RX1_IRQHandler
                0x080010f4                UART5_IRQHandler
                0x080010f4                DMA2_Stream0_IRQHandler
                0x080010f4                TIM4_IRQHandler
                0x080010f4                I2C1_EV_IRQHandler
                0x080010f4                DMA1_Stream6_IRQHandler
                0x080010f4                DMA1_Stream1_IRQHandler
                0x080010f4                UART4_IRQHandler
                0x080010f4                TIM3_IRQHandler
                0x080010f4                RCC_IRQHandler
                0x080010f4                TIM8_BRK_TIM12_IRQHandler
                0x080010f4                EXTI15_10_IRQHandler
                0x080010f4                ADC_IRQHandler
                0x080010f4                DMA1_Stream7_IRQHandler
                0x080010f4                TIM7_IRQHandler
                0x080010f4                CAN2_TX_IRQHandler
                0x080010f4                TIM5_IRQHandler
                0x080010f4                DMA2_Stream7_IRQHandler
                0x080010f4                I2C3_EV_IRQHandler
                0x080010f4                EXTI9_5_IRQHandler
                0x080010f4                RTC_WKUP_IRQHandler
                0x080010f4                ETH_WKUP_IRQHandler
                0x080010f4                SPI2_IRQHandler
                0x080010f4                OTG_HS_EP1_IN_IRQHandler
                0x080010f4                MemManage_Handler
                0x080010f4                DMA1_Stream0_IRQHandler
                0x080010f4                CAN1_TX_IRQHandler
                0x080010f4                EXTI4_IRQHandler
                0x080010f4                FSMC_IRQHandler
                0x080010f4                ETH_IRQHandler
                0x080010f4                OTG_HS_EP1_OUT_IRQHandler
                0x080010f4                WWDG_IRQHandler
                0x080010f4                TIM2_IRQHandler
                0x080010f4                OTG_FS_WKUP_IRQHandler
                0x080010f4                TIM1_TRG_COM_TIM11_IRQHandler
                0x080010f4                OTG_HS_IRQHandler
                0x080010f4                EXTI1_IRQHandler
                0x080010f4                USART2_IRQHandler
                0x080010f4                I2C2_ER_IRQHandler
                0x080010f4                DMA2_Stream1_IRQHandler
                0x080010f4                CAN1_SCE_IRQHandler
                0x080010f4                FLASH_IRQHandler
                0x080010f4                DMA2_Stream4_IRQHandler
                0x080010f4                BusFault_Handler
                0x080010f4                USART1_IRQHandler
                0x080010f4                OTG_FS_IRQHandler
                0x080010f4                SPI3_IRQHandler
                0x080010f4                DMA1_Stream4_IRQHandler
                0x080010f4                I2C1_ER_IRQHandler
                0x080010f4                DMA2_Stream6_IRQHandler
                0x080010f4                DMA1_Stream3_IRQHandler
 .text._ZN12MessageQueueC2Ett
                0x080010fc       0x38 ..\obj\main.o
                0x080010fc                MessageQueue::MessageQueue(unsigned short, unsigned short)
                0x080010fc                MessageQueue::MessageQueue(unsigned short, unsigned short)
 .text._ZN4TaskC2EPKcmh
                0x08001134       0x64 ..\obj\main.o
                0x08001134                Task::Task(char const*, unsigned long, unsigned char)
                0x08001134                Task::Task(char const*, unsigned long, unsigned char)
 .text._ZN4Task7runFuncEPv
                0x08001198       0x1c ..\obj\main.o
                0x08001198                Task::runFunc(void*)
 .text._Z14schedulerStartv
                0x080011b4        0xc ..\obj\main.o
                0x080011b4                schedulerStart()
 .text._ZN6EEPROMC2EPKcm
                0x080011c0       0x5c ..\obj\main.o
                0x080011c0                EEPROM::EEPROM(char const*, unsigned long)
                0x080011c0                EEPROM::EEPROM(char const*, unsigned long)
 .text._ZN9MessengerC2Ev
                0x0800121c       0x20 ..\obj\main.o
                0x0800121c                Messenger::Messenger()
                0x0800121c                Messenger::Messenger()
 .text._ZN17ApplicationModuleC2EPKcmhm
                0x0800123c       0x58 ..\obj\main.o
                0x0800123c                ApplicationModule::ApplicationModule(char const*, unsigned long, unsigned char, unsigned long)
                0x0800123c                ApplicationModule::ApplicationModule(char const*, unsigned long, unsigned char, unsigned long)
 .text._ZN13HAL_InterfaceD2Ev
                0x08001294       0x28 ..\obj\main.o
                0x08001294                HAL_Interface::~HAL_Interface()
                0x08001294                HAL_Interface::~HAL_Interface()
 .text._ZN13HAL_InterfaceD0Ev
                0x080012bc       0x20 ..\obj\main.o
                0x080012bc                HAL_Interface::~HAL_Interface()
 .text._ZN13HAL_InterfaceC2Ev
                0x080012dc       0x20 ..\obj\main.o
                0x080012dc                HAL_Interface::HAL_Interface()
                0x080012dc                HAL_Interface::HAL_Interface()
 .text._ZN19HAL_Accelerometer_IC2Ev
                0x080012fc       0x24 ..\obj\main.o
                0x080012fc                HAL_Accelerometer_I::HAL_Accelerometer_I()
                0x080012fc                HAL_Accelerometer_I::HAL_Accelerometer_I()
 .text._ZN19HAL_Accelerometer_ID2Ev
                0x08001320       0x30 ..\obj\main.o
                0x08001320                HAL_Accelerometer_I::~HAL_Accelerometer_I()
                0x08001320                HAL_Accelerometer_I::~HAL_Accelerometer_I()
 .text._ZN19HAL_Accelerometer_ID0Ev
                0x08001350       0x20 ..\obj\main.o
                0x08001350                HAL_Accelerometer_I::~HAL_Accelerometer_I()
 .text._ZN7MPU9150C2Ev
                0x08001370       0x24 ..\obj\main.o
                0x08001370                MPU9150::MPU9150()
                0x08001370                MPU9150::MPU9150()
 .text._ZN7MPU91508is_aliveEv
                0x08001394       0x18 ..\obj\main.o
                0x08001394                MPU9150::is_alive()
 .text._ZN7MPU91508is_errorEv
                0x080013ac       0x18 ..\obj\main.o
                0x080013ac                MPU9150::is_error()
 .text._ZN7MPU91508get_dataERfS0_S0_
                0x080013c4       0x20 ..\obj\main.o
                0x080013c4                MPU9150::get_data(float&, float&, float&)
 .text._ZN7MPU91507restartEv
                0x080013e4       0x14 ..\obj\main.o
                0x080013e4                MPU9150::restart()
 .text._ZN7MPU915015set_calibrationER24AccelerometerCalibration
                0x080013f8       0x14 ..\obj\main.o
                0x080013f8                MPU9150::set_calibration(AccelerometerCalibration&)
 .text._ZN7MPU915015get_calibrationER24AccelerometerCalibration
                0x0800140c       0x14 ..\obj\main.o
                0x0800140c                MPU9150::get_calibration(AccelerometerCalibration&)
 .text._ZN14APP_Attitude_IC2Ev
                0x08001420       0x24 ..\obj\main.o
                0x08001420                APP_Attitude_I::APP_Attitude_I()
                0x08001420                APP_Attitude_I::APP_Attitude_I()
 .text._ZN13CommunicationC2EPKcmhm
                0x08001444       0x60 ..\obj\main.o
                0x08001444                Communication::Communication(char const*, unsigned long, unsigned char, unsigned long)
                0x08001444                Communication::Communication(char const*, unsigned long, unsigned char, unsigned long)
 .text._ZN12ControlInputC2EPKcmhm
                0x080014a4       0x4c ..\obj\main.o
                0x080014a4                ControlInput::ControlInput(char const*, unsigned long, unsigned char, unsigned long)
                0x080014a4                ControlInput::ControlInput(char const*, unsigned long, unsigned char, unsigned long)
 .text._ZN13FlightControlC2EPKcmhm
                0x080014f0       0x4c ..\obj\main.o
                0x080014f0                FlightControl::FlightControl(char const*, unsigned long, unsigned char, unsigned long)
                0x080014f0                FlightControl::FlightControl(char const*, unsigned long, unsigned char, unsigned long)
 .text._ZN14FlightDynamicsC2EPKcmhm
                0x0800153c       0x34 ..\obj\main.o
                0x0800153c                FlightDynamics::FlightDynamics(char const*, unsigned long, unsigned char, unsigned long)
                0x0800153c                FlightDynamics::FlightDynamics(char const*, unsigned long, unsigned char, unsigned long)
 .text._ZN16FlightNavigationC2EPKcmhm
                0x08001570       0x4c ..\obj\main.o
                0x08001570                FlightNavigation::FlightNavigation(char const*, unsigned long, unsigned char, unsigned long)
                0x08001570                FlightNavigation::FlightNavigation(char const*, unsigned long, unsigned char, unsigned long)
 .text._ZN12SystemStatusC2EPKcmhm
                0x080015bc       0x34 ..\obj\main.o
                0x080015bc                SystemStatus::SystemStatus(char const*, unsigned long, unsigned char, unsigned long)
                0x080015bc                SystemStatus::SystemStatus(char const*, unsigned long, unsigned char, unsigned long)
 .text._ZN14APP_Attitude_IC2ESt16initializer_listIPS_E
                0x080015f0       0x30 ..\obj\main.o
                0x080015f0                APP_Attitude_I::APP_Attitude_I(std::initializer_list<APP_Attitude_I*>)
                0x080015f0                APP_Attitude_I::APP_Attitude_I(std::initializer_list<APP_Attitude_I*>)
 .text.main     0x08001620      0x214 ..\obj\main.o
                0x08001620                main
 .text._ZN17APP_InterfaceBaseC2Ev
                0x08001834       0x2c ..\obj\main.o
                0x08001834                APP_InterfaceBase::APP_InterfaceBase()
                0x08001834                APP_InterfaceBase::APP_InterfaceBase()
 .text._ZN13APP_InterfaceI14APP_Attitude_IEC2Ev
                0x08001860       0x2c ..\obj\main.o
                0x08001860                APP_Interface<APP_Attitude_I>::APP_Interface()
                0x08001860                APP_Interface<APP_Attitude_I>::APP_Interface()
 .text._ZNKSt16initializer_listIP14APP_Attitude_IE5beginEv
                0x0800188c       0x18 ..\obj\main.o
                0x0800188c                std::initializer_list<APP_Attitude_I*>::begin() const
 .text._ZNKSt16initializer_listIP14APP_Attitude_IE4sizeEv
                0x080018a4       0x18 ..\obj\main.o
                0x080018a4                std::initializer_list<APP_Attitude_I*>::size() const
 .text._ZNKSt16initializer_listIP14APP_Attitude_IE3endEv
                0x080018bc       0x24 ..\obj\main.o
                0x080018bc                std::initializer_list<APP_Attitude_I*>::end() const
 .text._ZN13APP_InterfaceI14APP_Attitude_IEC2ESt16initializer_listIPS0_E
                0x080018e0       0x60 ..\obj\main.o
                0x080018e0                APP_Interface<APP_Attitude_I>::APP_Interface(std::initializer_list<APP_Attitude_I*>)
                0x080018e0                APP_Interface<APP_Attitude_I>::APP_Interface(std::initializer_list<APP_Attitude_I*>)
 .text._ZN7MPU9150D2Ev
                0x08001940       0x30 ..\obj\main.o
                0x08001940                MPU9150::~MPU9150()
                0x08001940                MPU9150::~MPU9150()
 .text._ZN7MPU9150D0Ev
                0x08001970       0x20 ..\obj\main.o
                0x08001970                MPU9150::~MPU9150()
 .text._ZN16FlightNavigationD2Ev
                0x08001990       0x3c ..\obj\main.o
                0x08001990                FlightNavigation::~FlightNavigation()
                0x08001990                FlightNavigation::~FlightNavigation()
 .text._ZN16FlightNavigationD0Ev
                0x080019cc       0x20 ..\obj\main.o
                0x080019cc                FlightNavigation::~FlightNavigation()
 .text._ZN12SystemStatusD2Ev
                0x080019ec       0x30 ..\obj\main.o
                0x080019ec                SystemStatus::~SystemStatus()
                0x080019ec                SystemStatus::~SystemStatus()
 .text._ZN12SystemStatusD0Ev
                0x08001a1c       0x20 ..\obj\main.o
                0x08001a1c                SystemStatus::~SystemStatus()
 .text.RCC_APB1PeriphClockCmd
                0x08001a3c       0x3c ..\obj\stm32f4xx_rcc.o
                0x08001a3c                RCC_APB1PeriphClockCmd
 .text.xTimerCreateTimerTask
                0x08001a78       0x58 ..\obj\timers.o
                0x08001a78                xTimerCreateTimerTask
 .text.xTimerGenericCommand
                0x08001ad0       0x8c ..\obj\timers.o
                0x08001ad0                xTimerGenericCommand
 .text.prvProcessExpiredTimer
                0x08001b5c       0x70 ..\obj\timers.o
 .text.prvTimerTask
                0x08001bcc       0x24 ..\obj\timers.o
 .text.prvProcessTimerOrBlockTask
                0x08001bf0       0x6c ..\obj\timers.o
 .text.prvGetNextExpireTime
                0x08001c5c       0x48 ..\obj\timers.o
 .text.prvSampleTimeNow
                0x08001ca4       0x40 ..\obj\timers.o
 .text.prvInsertTimerInActiveList
                0x08001ce4       0x84 ..\obj\timers.o
 .text.prvProcessReceivedCommands
                0x08001d68      0x110 ..\obj\timers.o
 .text.prvSwitchTimerLists
                0x08001e78       0xb0 ..\obj\timers.o
 .text.prvCheckForValidListAndQueue
                0x08001f28       0x78 ..\obj\timers.o
 .text._ZN16FlightNavigation3runEv
                0x08001fa0       0x28 ..\obj\FlightNavigation.o
                0x08001fa0                FlightNavigation::run()
 .text._ZN9__gnu_cxx27__verbose_terminate_handlerEv
                0x08001fc8        0x8 ..\obj\LibraryHacks.o
                0x08001fc8                __gnu_cxx::__verbose_terminate_handler()
 .text.__cxa_pure_virtual
                0x08001fd0        0x8 ..\obj\LibraryHacks.o
                0x08001fd0                __cxa_pure_virtual
 .text._ZdlPv   0x08001fd8       0x14 ..\obj\LibraryHacks.o
                0x08001fd8                operator delete(void*)
 .text.xTaskGenericCreate
                0x08001fec      0x168 ..\obj\tasks.o
                0x08001fec                xTaskGenericCreate
 .text.vTaskDelete
                0x08002154       0xac ..\obj\tasks.o
                0x08002154                vTaskDelete
 .text.vTaskDelay
                0x08002200       0x64 ..\obj\tasks.o
                0x08002200                vTaskDelay
 .text.vTaskStartScheduler
                0x08002264       0x74 ..\obj\tasks.o
                0x08002264                vTaskStartScheduler
 .text.vTaskSuspendAll
                0x080022d8       0x1c ..\obj\tasks.o
                0x080022d8                vTaskSuspendAll
 .text.xTaskResumeAll
                0x080022f4      0x10c ..\obj\tasks.o
                0x080022f4                xTaskResumeAll
 .text.xTaskGetTickCount
                0x08002400       0x24 ..\obj\tasks.o
                0x08002400                xTaskGetTickCount
 .text.xTaskIncrementTick
                0x08002424      0x180 ..\obj\tasks.o
                0x08002424                xTaskIncrementTick
 .text.vTaskSwitchContext
                0x080025a4      0x12c ..\obj\tasks.o
                0x080025a4                vTaskSwitchContext
 .text.vTaskPlaceOnEventList
                0x080026d0       0x6c ..\obj\tasks.o
                0x080026d0                vTaskPlaceOnEventList
 .text.vTaskPlaceOnEventListRestricted
                0x0800273c       0x50 ..\obj\tasks.o
                0x0800273c                vTaskPlaceOnEventListRestricted
 .text.xTaskRemoveFromEventList
                0x0800278c       0xb8 ..\obj\tasks.o
                0x0800278c                xTaskRemoveFromEventList
 .text.vTaskSetTimeOutState
                0x08002844       0x34 ..\obj\tasks.o
                0x08002844                vTaskSetTimeOutState
 .text.xTaskCheckForTimeOut
                0x08002878       0xa0 ..\obj\tasks.o
                0x08002878                xTaskCheckForTimeOut
 .text.vTaskMissedYield
                0x08002918       0x18 ..\obj\tasks.o
                0x08002918                vTaskMissedYield
 .text.prvIdleTask
                0x08002930       0x24 ..\obj\tasks.o
 .text.prvInitialiseTCBVariables
                0x08002954       0x94 ..\obj\tasks.o
 .text.prvInitialiseTaskLists
                0x080029e8       0x7c ..\obj\tasks.o
 .text.prvCheckTasksWaitingTermination
                0x08002a64       0x74 ..\obj\tasks.o
 .text.prvAddCurrentTaskToDelayedList
                0x08002ad8       0x6c ..\obj\tasks.o
 .text.prvAllocateTCBAndStack
                0x08002b44       0x64 ..\obj\tasks.o
 .text.prvDeleteTCB
                0x08002ba8       0x20 ..\obj\tasks.o
 .text.prvResetNextTaskUnblockTime
                0x08002bc8       0x48 ..\obj\tasks.o
 .text.xTaskGetCurrentTaskHandle
                0x08002c10       0x20 ..\obj\tasks.o
                0x08002c10                xTaskGetCurrentTaskHandle
 .text.xTaskGetSchedulerState
                0x08002c30       0x3c ..\obj\tasks.o
                0x08002c30                xTaskGetSchedulerState
 .text.vTaskPriorityInherit
                0x08002c6c       0xbc ..\obj\tasks.o
                0x08002c6c                vTaskPriorityInherit
 .text.vTaskPriorityDisinherit
                0x08002d28       0x84 ..\obj\tasks.o
                0x08002d28                vTaskPriorityDisinherit
 .text.vListInitialise
                0x08002dac       0x40 ..\obj\list.o
                0x08002dac                vListInitialise
 .text.vListInitialiseItem
                0x08002dec       0x18 ..\obj\list.o
                0x08002dec                vListInitialiseItem
 .text.vListInsertEnd
                0x08002e04       0x48 ..\obj\list.o
                0x08002e04                vListInsertEnd
 .text.vListInsert
                0x08002e4c       0x70 ..\obj\list.o
                0x08002e4c                vListInsert
 .text.uxListRemove
                0x08002ebc       0x54 ..\obj\list.o
                0x08002ebc                uxListRemove
 .text.SystemInit
                0x08002f10       0x68 ..\obj\system_stm32f4xx.o
                0x08002f10                SystemInit
 .text.SetSysClock
                0x08002f78       0xa4 ..\obj\system_stm32f4xx.o
 .text._sbrk    0x0800301c       0x40 ..\obj\syscalls.o
                0x0800301c                _sbrk
 .text.abort    0x0800305c        0x8 ..\obj\syscalls.o
                0x0800305c                abort
 .text.Framework_Time_Init
                0x08003064       0x3c ..\obj\timerTest.o
                0x08003064                Framework_Time_Init
 .text.Framework_GetTimeStamp
                0x080030a0       0x14 ..\obj\timerTest.o
                0x080030a0                Framework_GetTimeStamp
 .text.xQueueGenericReset
                0x080030b4       0xb0 ..\obj\queue.o
                0x080030b4                xQueueGenericReset
 .text.xQueueGenericCreate
                0x08003164       0x84 ..\obj\queue.o
                0x08003164                xQueueGenericCreate
 .text.xQueueCreateMutex
                0x080031e8       0x90 ..\obj\queue.o
                0x080031e8                xQueueCreateMutex
 .text.xQueueGenericSend
                0x08003278      0x180 ..\obj\queue.o
                0x08003278                xQueueGenericSend
 .text.xQueueGenericSendFromISR
                0x080033f8       0xd4 ..\obj\queue.o
                0x080033f8                xQueueGenericSendFromISR
 .text.xQueueGenericReceive
                0x080034cc      0x1bc ..\obj\queue.o
                0x080034cc                xQueueGenericReceive
 .text.vQueueDelete
                0x08003688       0x3c ..\obj\queue.o
                0x08003688                vQueueDelete
 .text.prvCopyDataToQueue
                0x080036c4       0xd0 ..\obj\queue.o
 .text.prvCopyDataFromQueue
                0x08003794       0x4c ..\obj\queue.o
 .text.prvUnlockQueue
                0x080037e0       0x98 ..\obj\queue.o
 .text.prvIsQueueEmpty
                0x08003878       0x2c ..\obj\queue.o
 .text.prvIsQueueFull
                0x080038a4       0x30 ..\obj\queue.o
 .text.vQueueAddToRegistry
                0x080038d4       0x50 ..\obj\queue.o
                0x080038d4                vQueueAddToRegistry
 .text.vQueueUnregisterQueue
                0x08003924       0x44 ..\obj\queue.o
                0x08003924                vQueueUnregisterQueue
 .text.vQueueWaitForMessageRestricted
                0x08003968       0x58 ..\obj\queue.o
                0x08003968                vQueueWaitForMessageRestricted
 .text.pxPortInitialiseStack
                0x080039c0       0x64 ..\obj\port.o
                0x080039c0                pxPortInitialiseStack
 .text.prvTaskExitError
                0x08003a24       0x20 ..\obj\port.o
 .text.SVC_Handler
                0x08003a44       0x20 ..\obj\port.o
                0x08003a44                SVC_Handler
 .text.prvPortStartFirstTask
                0x08003a64       0x1c ..\obj\port.o
 .text.xPortStartScheduler
                0x08003a80       0xd0 ..\obj\port.o
                0x08003a80                xPortStartScheduler
 .text.vPortYield
                0x08003b50       0x20 ..\obj\port.o
                0x08003b50                vPortYield
 .text.vPortEnterCritical
                0x08003b70       0x20 ..\obj\port.o
                0x08003b70                vPortEnterCritical
 .text.vPortExitCritical
                0x08003b90       0x30 ..\obj\port.o
                0x08003b90                vPortExitCritical
 .text.ulPortSetInterruptMask
                0x08003bc0       0x14 ..\obj\port.o
                0x08003bc0                ulPortSetInterruptMask
 .text.vPortClearInterruptMask
                0x08003bd4        0x8 ..\obj\port.o
                0x08003bd4                vPortClearInterruptMask
 .text.PendSV_Handler
                0x08003bdc       0x58 ..\obj\port.o
                0x08003bdc                PendSV_Handler
 .text.SysTick_Handler
                0x08003c34       0x28 ..\obj\port.o
                0x08003c34                SysTick_Handler
 .text.vPortSetupTimerInterrupt
                0x08003c5c       0x34 ..\obj\port.o
                0x08003c5c                vPortSetupTimerInterrupt
 .text.vPortEnableVFP
                0x08003c90       0x14 ..\obj\port.o
 .text.vPortValidateInterruptPriority
                0x08003ca4       0x58 ..\obj\port.o
                0x08003ca4                vPortValidateInterruptPriority
 .text._ZN9Messenger7send_toEPS_7Message
                0x08003cfc       0x34 ..\obj\SystemStatus.o
                0x08003cfc                Messenger::send_to(Messenger*, Message)
 .text._ZN9Messenger7respondER7MessageS0_
                0x08003d30       0x34 ..\obj\SystemStatus.o
                0x08003d30                Messenger::respond(Message&, Message)
 .text._ZN12SystemStatus4initEv
                0x08003d64       0x1c ..\obj\SystemStatus.o
                0x08003d64                SystemStatus::init()
 .text._ZN12SystemStatus3runEv
                0x08003d80       0x4c ..\obj\SystemStatus.o
                0x08003d80                SystemStatus::run()
 .text._ZN12SystemStatus14handle_messageER7Message
                0x08003dcc       0xb8 ..\obj\SystemStatus.o
                0x08003dcc                SystemStatus::handle_message(Message&)
 .text._ZN11GenericUARTC2Ev
                0x08003e84       0x18 ..\obj\GenericUART.o
                0x08003e84                GenericUART::GenericUART()
                0x08003e84                GenericUART::GenericUART()
 .text.TIM_TimeBaseInit
                0x08003e9c       0xd4 ..\obj\stm32f4xx_tim.o
                0x08003e9c                TIM_TimeBaseInit
 .text.TIM_GetCounter
                0x08003f70       0x18 ..\obj\stm32f4xx_tim.o
                0x08003f70                TIM_GetCounter
 .text.TIM_Cmd  0x08003f88       0x40 ..\obj\stm32f4xx_tim.o
                0x08003f88                TIM_Cmd
 .text.pvPortMalloc
                0x08003fc8       0x30 ..\obj\heap_3.o
                0x08003fc8                pvPortMalloc
 .text.vPortFree
                0x08003ff8       0x24 ..\obj\heap_3.o
                0x08003ff8                vPortFree
 .text          0x0800401c      0xa1c c:/program files (x86)/gnu tools arm embedded/4.8 2014q2/bin/../lib/gcc/arm-none-eabi/4.8.4/armv7e-m/fpu\libgcc.a(unwind-arm.o)
                0x08004300                _Unwind_GetCFA
                0x08004304                __gnu_Unwind_RaiseException
                0x08004364                __gnu_Unwind_ForcedUnwind
                0x08004378                __gnu_Unwind_Resume
                0x080043bc                __gnu_Unwind_Resume_or_Rethrow
                0x080043cc                _Unwind_Complete
                0x080043d0                _Unwind_DeleteException
                0x080043e0                _Unwind_VRS_Get
                0x08004430                _Unwind_VRS_Set
                0x08004480                __gnu_Unwind_Backtrace
                0x080047d4                __aeabi_unwind_cpp_pr0
                0x080047dc                __aeabi_unwind_cpp_pr1
                0x080047e4                __aeabi_unwind_cpp_pr2
                0x080047ec                _Unwind_VRS_Pop
 .text          0x08004a38      0x1ac c:/program files (x86)/gnu tools arm embedded/4.8 2014q2/bin/../lib/gcc/arm-none-eabi/4.8.4/armv7e-m/fpu\libgcc.a(libunwind.o)
                0x08004a38                __restore_core_regs
                0x08004a38                restore_core_regs
                0x08004a50                __gnu_Unwind_Restore_VFP
                0x08004a58                __gnu_Unwind_Save_VFP
                0x08004a60                __gnu_Unwind_Restore_VFP_D
                0x08004a68                __gnu_Unwind_Save_VFP_D
                0x08004a70                __gnu_Unwind_Restore_VFP_D_16_to_31
                0x08004a78                __gnu_Unwind_Save_VFP_D_16_to_31
                0x08004a80                __gnu_Unwind_Restore_WMMXD
                0x08004ac4                __gnu_Unwind_Save_WMMXD
                0x08004b08                __gnu_Unwind_Restore_WMMXC
                0x08004b1c                __gnu_Unwind_Save_WMMXC
                0x08004b30                ___Unwind_RaiseException
                0x08004b30                _Unwind_RaiseException
                0x08004b54                _Unwind_Resume
                0x08004b54                ___Unwind_Resume
                0x08004b78                _Unwind_Resume_or_Rethrow
                0x08004b78                ___Unwind_Resume_or_Rethrow
                0x08004b9c                _Unwind_ForcedUnwind
                0x08004b9c                ___Unwind_ForcedUnwind
                0x08004bc0                ___Unwind_Backtrace
                0x08004bc0                _Unwind_Backtrace
 .text          0x08004be4      0x33c c:/program files (x86)/gnu tools arm embedded/4.8 2014q2/bin/../lib/gcc/arm-none-eabi/4.8.4/armv7e-m/fpu\libgcc.a(pr-support.o)
                0x08004c38                __gnu_unwind_execute
                0x08004ec4                __gnu_unwind_frame
                0x08004ef0                _Unwind_GetRegionStart
                0x08004efc                _Unwind_GetLanguageSpecificData
                0x08004f10                _Unwind_GetDataRelBase
                0x08004f18                _Unwind_GetTextRelBase
 .text.__aeabi_atexit
                0x08004f20        0xc C:\Program Files (x86)\GNU Tools ARM Embedded\4.8 2014q2\arm-none-eabi\lib\armv7e-m\fpu\libc.a(lib_a-aeabi_atexit.o)
                0x08004f20                __aeabi_atexit
 .text.__cxa_atexit
                0x08004f2c       0x14 C:\Program Files (x86)\GNU Tools ARM Embedded\4.8 2014q2\arm-none-eabi\lib\armv7e-m\fpu\libc.a(lib_a-cxa_atexit.o)
                0x08004f2c                __cxa_atexit
 .text.exit     0x08004f40       0x20 C:\Program Files (x86)\GNU Tools ARM Embedded\4.8 2014q2\arm-none-eabi\lib\armv7e-m\fpu\libc.a(lib_a-exit.o)
                0x08004f40                exit
 .text.__libc_init_array
                0x08004f60       0x50 C:\Program Files (x86)\GNU Tools ARM Embedded\4.8 2014q2\arm-none-eabi\lib\armv7e-m\fpu\libc.a(lib_a-init.o)
                0x08004f60                __libc_init_array
 .text.malloc   0x08004fb0       0x10 C:\Program Files (x86)\GNU Tools ARM Embedded\4.8 2014q2\arm-none-eabi\lib\armv7e-m\fpu\libc.a(lib_a-malloc.o)
                0x08004fb0                malloc
 .text.free     0x08004fc0       0x10 C:\Program Files (x86)\GNU Tools ARM Embedded\4.8 2014q2\arm-none-eabi\lib\armv7e-m\fpu\libc.a(lib_a-malloc.o)
                0x08004fc0                free
 .text._malloc_r
                0x08004fd0      0x538 C:\Program Files (x86)\GNU Tools ARM Embedded\4.8 2014q2\arm-none-eabi\lib\armv7e-m\fpu\libc.a(lib_a-mallocr.o)
                0x08004fd0                _malloc_r
 .text.memcmp   0x08005508       0x68 C:\Program Files (x86)\GNU Tools ARM Embedded\4.8 2014q2\arm-none-eabi\lib\armv7e-m\fpu\libc.a(lib_a-memcmp.o)
                0x08005508                memcmp
 .text          0x08005570      0x134 C:\Program Files (x86)\GNU Tools ARM Embedded\4.8 2014q2\arm-none-eabi\lib\armv7e-m\fpu\libc.a(lib_a-memcpy.o)
                0x08005570                memcpy
 .text.memset   0x080056a4       0x94 C:\Program Files (x86)\GNU Tools ARM Embedded\4.8 2014q2\arm-none-eabi\lib\armv7e-m\fpu\libc.a(lib_a-memset.o)
                0x080056a4                memset
 .text.__malloc_lock
                0x08005738        0x4 C:\Program Files (x86)\GNU Tools ARM Embedded\4.8 2014q2\arm-none-eabi\lib\armv7e-m\fpu\libc.a(lib_a-mlock.o)
                0x08005738                __malloc_lock
 .text.__malloc_unlock
                0x0800573c        0x4 C:\Program Files (x86)\GNU Tools ARM Embedded\4.8 2014q2\arm-none-eabi\lib\armv7e-m\fpu\libc.a(lib_a-mlock.o)
                0x0800573c                __malloc_unlock
 .text._sbrk_r  0x08005740       0x24 C:\Program Files (x86)\GNU Tools ARM Embedded\4.8 2014q2\arm-none-eabi\lib\armv7e-m\fpu\libc.a(lib_a-sbrkr.o)
                0x08005740                _sbrk_r
 .text.__register_exitproc
                0x08005764       0xa8 C:\Program Files (x86)\GNU Tools ARM Embedded\4.8 2014q2\arm-none-eabi\lib\armv7e-m\fpu\libc.a(lib_a-__atexit.o)
                0x08005764                __register_exitproc
 .text.startup.register_fini
                0x0800580c       0x14 C:\Program Files (x86)\GNU Tools ARM Embedded\4.8 2014q2\arm-none-eabi\lib\armv7e-m\fpu\libc.a(lib_a-__call_atexit.o)
 .text.__call_exitprocs
                0x08005820       0xf0 C:\Program Files (x86)\GNU Tools ARM Embedded\4.8 2014q2\arm-none-eabi\lib\armv7e-m\fpu\libc.a(lib_a-__call_atexit.o)
                0x08005820                __call_exitprocs
 .text.atexit   0x08005910        0xc C:\Program Files (x86)\GNU Tools ARM Embedded\4.8 2014q2\arm-none-eabi\lib\armv7e-m\fpu\libc.a(lib_a-atexit.o)
                0x08005910                atexit
 .text.__libc_fini_array
                0x0800591c       0x30 C:\Program Files (x86)\GNU Tools ARM Embedded\4.8 2014q2\arm-none-eabi\lib\armv7e-m\fpu\libc.a(lib_a-fini.o)
                0x0800591c                __libc_fini_array
 .text._malloc_trim_r
                0x0800594c       0x9c C:\Program Files (x86)\GNU Tools ARM Embedded\4.8 2014q2\arm-none-eabi\lib\armv7e-m\fpu\libc.a(lib_a-freer.o)
                0x0800594c                _malloc_trim_r
 .text._free_r  0x080059e8      0x19c C:\Program Files (x86)\GNU Tools ARM Embedded\4.8 2014q2\arm-none-eabi\lib\armv7e-m\fpu\libc.a(lib_a-freer.o)
                0x080059e8                _free_r
 .text          0x08005b84      0x21c C:\Program Files (x86)\GNU Tools ARM Embedded\4.8 2014q2\arm-none-eabi\lib\armv7e-m\fpu\libc.a(lib_a-strcmp.o)
                0x08005b84                strcmp
 .text._ZN10__cxxabiv121__vmi_class_type_infoD2Ev
                0x08005da0       0x14 C:\Program Files (x86)\GNU Tools ARM Embedded\4.8 2014q2\arm-none-eabi\lib\armv7e-m\fpu\libstdc++.a(vmi_class_type_info.o)
                0x08005da0                __cxxabiv1::__vmi_class_type_info::~__vmi_class_type_info()
                0x08005da0                __cxxabiv1::__vmi_class_type_info::~__vmi_class_type_info()
 .text._ZN10__cxxabiv121__vmi_class_type_infoD0Ev
                0x08005db4       0x1c C:\Program Files (x86)\GNU Tools ARM Embedded\4.8 2014q2\arm-none-eabi\lib\armv7e-m\fpu\libstdc++.a(vmi_class_type_info.o)
                0x08005db4                __cxxabiv1::__vmi_class_type_info::~__vmi_class_type_info()
 .text._ZNK10__cxxabiv121__vmi_class_type_info20__do_find_public_srcEiPKvPKNS_17__class_type_infoES2_
                0x08005dd0       0x84 C:\Program Files (x86)\GNU Tools ARM Embedded\4.8 2014q2\arm-none-eabi\lib\armv7e-m\fpu\libstdc++.a(vmi_class_type_info.o)
                0x08005dd0                __cxxabiv1::__vmi_class_type_info::__do_find_public_src(int, void const*, __cxxabiv1::__class_type_info const*, void const*) const
 .text._ZNK10__cxxabiv121__vmi_class_type_info12__do_dyncastEiNS_17__class_type_info10__sub_kindEPKS1_PKvS4_S6_RNS1_16__dyncast_resultE
                0x08005e54      0x348 C:\Program Files (x86)\GNU Tools ARM Embedded\4.8 2014q2\arm-none-eabi\lib\armv7e-m\fpu\libstdc++.a(vmi_class_type_info.o)
                0x08005e54                __cxxabiv1::__vmi_class_type_info::__do_dyncast(int, __cxxabiv1::__class_type_info::__sub_kind, __cxxabiv1::__class_type_info const*, void const*, __cxxabiv1::__class_type_info const*, void const*, __cxxabiv1::__class_type_info::__dyncast_result&) const
 .text._ZNK10__cxxabiv121__vmi_class_type_info11__do_upcastEPKNS_17__class_type_infoEPKvRNS1_15__upcast_resultE
                0x0800619c      0x16c C:\Program Files (x86)\GNU Tools ARM Embedded\4.8 2014q2\arm-none-eabi\lib\armv7e-m\fpu\libstdc++.a(vmi_class_type_info.o)
                0x0800619c                __cxxabiv1::__vmi_class_type_info::__do_upcast(__cxxabiv1::__class_type_info const*, void const*, __cxxabiv1::__class_type_info::__upcast_result&) const
 .text.__cxa_guard_acquire
                0x08006308       0x38 C:\Program Files (x86)\GNU Tools ARM Embedded\4.8 2014q2\arm-none-eabi\lib\armv7e-m\fpu\libstdc++.a(guard.o)
                0x08006308                __cxa_guard_acquire
 .text.__cxa_guard_abort
                0x08006340        0x8 C:\Program Files (x86)\GNU Tools ARM Embedded\4.8 2014q2\arm-none-eabi\lib\armv7e-m\fpu\libstdc++.a(guard.o)
                0x08006340                __cxa_guard_abort
 .text.__cxa_guard_release
                0x08006348        0x8 C:\Program Files (x86)\GNU Tools ARM Embedded\4.8 2014q2\arm-none-eabi\lib\armv7e-m\fpu\libstdc++.a(guard.o)
                0x08006348                __cxa_guard_release
 .text.__cxa_allocate_exception
                0x08006350       0x58 C:\Program Files (x86)\GNU Tools ARM Embedded\4.8 2014q2\arm-none-eabi\lib\armv7e-m\fpu\libstdc++.a(eh_alloc.o)
                0x08006350                __cxa_allocate_exception
 .text.__cxa_free_exception
                0x080063a8       0x34 C:\Program Files (x86)\GNU Tools ARM Embedded\4.8 2014q2\arm-none-eabi\lib\armv7e-m\fpu\libstdc++.a(eh_alloc.o)
                0x080063a8                __cxa_free_exception
 .text._ZL12read_sleb128PKhPl
                0x080063dc       0x34 C:\Program Files (x86)\GNU Tools ARM Embedded\4.8 2014q2\arm-none-eabi\lib\armv7e-m\fpu\libstdc++.a(eh_personality.o)
 .text._ZL28read_encoded_value_with_basehjPKhPj
                0x08006410       0xb0 C:\Program Files (x86)\GNU Tools ARM Embedded\4.8 2014q2\arm-none-eabi\lib\armv7e-m\fpu\libstdc++.a(eh_personality.o)
 .text._ZL21base_of_encoded_valuehP15_Unwind_Context
                0x080064c0       0x4c C:\Program Files (x86)\GNU Tools ARM Embedded\4.8 2014q2\arm-none-eabi\lib\armv7e-m\fpu\libstdc++.a(eh_personality.o)
 .text._ZL17parse_lsda_headerP15_Unwind_ContextPKhP16lsda_header_info
                0x0800650c       0x98 C:\Program Files (x86)\GNU Tools ARM Embedded\4.8 2014q2\arm-none-eabi\lib\armv7e-m\fpu\libstdc++.a(eh_personality.o)
 .text.__gxx_personality_v0
                0x080065a4      0x408 C:\Program Files (x86)\GNU Tools ARM Embedded\4.8 2014q2\arm-none-eabi\lib\armv7e-m\fpu\libstdc++.a(eh_personality.o)
                0x080065a4                __gxx_personality_v0
 .text._ZL23__gxx_exception_cleanup19_Unwind_Reason_CodeP21_Unwind_Control_Block
                0x080069ac       0x44 C:\Program Files (x86)\GNU Tools ARM Embedded\4.8 2014q2\arm-none-eabi\lib\armv7e-m\fpu\libstdc++.a(eh_throw.o)
 .text.__cxa_throw
                0x080069f0       0x90 C:\Program Files (x86)\GNU Tools ARM Embedded\4.8 2014q2\arm-none-eabi\lib\armv7e-m\fpu\libstdc++.a(eh_throw.o)
                0x080069f0                __cxa_throw
 .text.__cxa_rethrow
                0x08006a80       0x70 C:\Program Files (x86)\GNU Tools ARM Embedded\4.8 2014q2\arm-none-eabi\lib\armv7e-m\fpu\libstdc++.a(eh_throw.o)
                0x08006a80                __cxa_rethrow
 .text.__cxa_end_cleanup
                0x08006af0        0xc C:\Program Files (x86)\GNU Tools ARM Embedded\4.8 2014q2\arm-none-eabi\lib\armv7e-m\fpu\libstdc++.a(eh_arm.o)
                0x08006af0                __cxa_end_cleanup
 .text.__cxa_type_match
                0x08006afc       0xac C:\Program Files (x86)\GNU Tools ARM Embedded\4.8 2014q2\arm-none-eabi\lib\armv7e-m\fpu\libstdc++.a(eh_arm.o)
                0x08006afc                __cxa_type_match
 .text.__cxa_begin_cleanup
                0x08006ba8       0x64 C:\Program Files (x86)\GNU Tools ARM Embedded\4.8 2014q2\arm-none-eabi\lib\armv7e-m\fpu\libstdc++.a(eh_arm.o)
                0x08006ba8                __cxa_begin_cleanup
 .text.__gnu_end_cleanup
                0x08006c0c       0x70 C:\Program Files (x86)\GNU Tools ARM Embedded\4.8 2014q2\arm-none-eabi\lib\armv7e-m\fpu\libstdc++.a(eh_arm.o)
                0x08006c0c                __gnu_end_cleanup
 .text._ZN9__gnu_cxx20recursive_init_errorD2Ev
                0x08006c7c       0x14 C:\Program Files (x86)\GNU Tools ARM Embedded\4.8 2014q2\arm-none-eabi\lib\armv7e-m\fpu\libstdc++.a(guard_error.o)
                0x08006c7c                __gnu_cxx::recursive_init_error::~recursive_init_error()
                0x08006c7c                __gnu_cxx::recursive_init_error::~recursive_init_error()
 .text._ZN9__gnu_cxx20recursive_init_errorD0Ev
                0x08006c90       0x1c C:\Program Files (x86)\GNU Tools ARM Embedded\4.8 2014q2\arm-none-eabi\lib\armv7e-m\fpu\libstdc++.a(guard_error.o)
                0x08006c90                __gnu_cxx::recursive_init_error::~recursive_init_error()
 .text.__cxa_get_globals_fast
                0x08006cac        0x8 C:\Program Files (x86)\GNU Tools ARM Embedded\4.8 2014q2\arm-none-eabi\lib\armv7e-m\fpu\libstdc++.a(eh_globals.o)
                0x08006cac                __cxa_get_globals_fast
 .text.__cxa_get_globals
                0x08006cb4        0x8 C:\Program Files (x86)\GNU Tools ARM Embedded\4.8 2014q2\arm-none-eabi\lib\armv7e-m\fpu\libstdc++.a(eh_globals.o)
                0x08006cb4                __cxa_get_globals
 .text._ZN10__cxxabiv1L24__is_gxx_exception_classEPc
                0x08006cbc       0x3c C:\Program Files (x86)\GNU Tools ARM Embedded\4.8 2014q2\arm-none-eabi\lib\armv7e-m\fpu\libstdc++.a(eh_call.o)
 .text.__cxa_call_terminate
                0x08006cf8       0x20 C:\Program Files (x86)\GNU Tools ARM Embedded\4.8 2014q2\arm-none-eabi\lib\armv7e-m\fpu\libstdc++.a(eh_call.o)
                0x08006cf8                __cxa_call_terminate
 .text.__cxa_call_unexpected
                0x08006d18       0xd8 C:\Program Files (x86)\GNU Tools ARM Embedded\4.8 2014q2\arm-none-eabi\lib\armv7e-m\fpu\libstdc++.a(eh_call.o)
                0x08006d18                __cxa_call_unexpected
 .text._ZNSt9type_infoD2Ev
                0x08006df0        0xc C:\Program Files (x86)\GNU Tools ARM Embedded\4.8 2014q2\arm-none-eabi\lib\armv7e-m\fpu\libstdc++.a(tinfo.o)
                0x08006df0                std::type_info::~type_info()
                0x08006df0                std::type_info::~type_info()
 .text._ZNKSt9type_info14__is_pointer_pEv
                0x08006dfc        0x4 C:\Program Files (x86)\GNU Tools ARM Embedded\4.8 2014q2\arm-none-eabi\lib\armv7e-m\fpu\libstdc++.a(tinfo.o)
                0x08006dfc                std::type_info::__is_pointer_p() const
 .text._ZNKSt9type_info15__is_function_pEv
                0x08006e00        0x4 C:\Program Files (x86)\GNU Tools ARM Embedded\4.8 2014q2\arm-none-eabi\lib\armv7e-m\fpu\libstdc++.a(tinfo.o)
                0x08006e00                std::type_info::__is_function_p() const
 .text._ZNKSt9type_info11__do_upcastEPKN10__cxxabiv117__class_type_infoEPPv
                0x08006e04        0x4 C:\Program Files (x86)\GNU Tools ARM Embedded\4.8 2014q2\arm-none-eabi\lib\armv7e-m\fpu\libstdc++.a(tinfo.o)
                0x08006e04                std::type_info::__do_upcast(__cxxabiv1::__class_type_info const*, void**) const
 .text._ZNSt9type_infoD0Ev
                0x08006e08       0x14 C:\Program Files (x86)\GNU Tools ARM Embedded\4.8 2014q2\arm-none-eabi\lib\armv7e-m\fpu\libstdc++.a(tinfo.o)
                0x08006e08                std::type_info::~type_info()
 .text._ZNKSt9type_infoeqERKS_
                0x08006e1c       0x30 C:\Program Files (x86)\GNU Tools ARM Embedded\4.8 2014q2\arm-none-eabi\lib\armv7e-m\fpu\libstdc++.a(tinfo.o)
                0x08006e1c                std::type_info::operator==(std::type_info const&) const
 .text._ZNKSt9type_info10__do_catchEPKS_PPvj
                0x08006e4c        0x4 C:\Program Files (x86)\GNU Tools ARM Embedded\4.8 2014q2\arm-none-eabi\lib\armv7e-m\fpu\libstdc++.a(tinfo.o)
                0x08006e4c                std::type_info::__do_catch(std::type_info const*, void**, unsigned int) const
 .text._ZNK10__cxxabiv117__class_type_info11__do_upcastEPKS0_PPv
                0x08006e50       0x38 C:\Program Files (x86)\GNU Tools ARM Embedded\4.8 2014q2\arm-none-eabi\lib\armv7e-m\fpu\libstdc++.a(class_type_info.o)
                0x08006e50                __cxxabiv1::__class_type_info::__do_upcast(__cxxabiv1::__class_type_info const*, void**) const
 .text._ZNK10__cxxabiv117__class_type_info20__do_find_public_srcEiPKvPKS0_S2_
                0x08006e88        0xc C:\Program Files (x86)\GNU Tools ARM Embedded\4.8 2014q2\arm-none-eabi\lib\armv7e-m\fpu\libstdc++.a(class_type_info.o)
                0x08006e88                __cxxabiv1::__class_type_info::__do_find_public_src(int, void const*, __cxxabiv1::__class_type_info const*, void const*) const
 .text._ZN10__cxxabiv117__class_type_infoD2Ev
                0x08006e94       0x14 C:\Program Files (x86)\GNU Tools ARM Embedded\4.8 2014q2\arm-none-eabi\lib\armv7e-m\fpu\libstdc++.a(class_type_info.o)
                0x08006e94                __cxxabiv1::__class_type_info::~__class_type_info()
                0x08006e94                __cxxabiv1::__class_type_info::~__class_type_info()
 .text._ZN10__cxxabiv117__class_type_infoD0Ev
                0x08006ea8       0x1c C:\Program Files (x86)\GNU Tools ARM Embedded\4.8 2014q2\arm-none-eabi\lib\armv7e-m\fpu\libstdc++.a(class_type_info.o)
                0x08006ea8                __cxxabiv1::__class_type_info::~__class_type_info()
 .text._ZNK10__cxxabiv117__class_type_info11__do_upcastEPKS0_PKvRNS0_15__upcast_resultE
                0x08006ec4       0x18 C:\Program Files (x86)\GNU Tools ARM Embedded\4.8 2014q2\arm-none-eabi\lib\armv7e-m\fpu\libstdc++.a(class_type_info.o)
                0x08006ec4                __cxxabiv1::__class_type_info::__do_upcast(__cxxabiv1::__class_type_info const*, void const*, __cxxabiv1::__class_type_info::__upcast_result&) const
 .text._ZNK10__cxxabiv117__class_type_info10__do_catchEPKSt9type_infoPPvj
                0x08006edc       0x24 C:\Program Files (x86)\GNU Tools ARM Embedded\4.8 2014q2\arm-none-eabi\lib\armv7e-m\fpu\libstdc++.a(class_type_info.o)
                0x08006edc                __cxxabiv1::__class_type_info::__do_catch(std::type_info const*, void**, unsigned int) const
 .text._ZNK10__cxxabiv117__class_type_info12__do_dyncastEiNS0_10__sub_kindEPKS0_PKvS3_S5_RNS0_16__dyncast_resultE
                0x08006f00       0x40 C:\Program Files (x86)\GNU Tools ARM Embedded\4.8 2014q2\arm-none-eabi\lib\armv7e-m\fpu\libstdc++.a(class_type_info.o)
                0x08006f00                __cxxabiv1::__class_type_info::__do_dyncast(int, __cxxabiv1::__class_type_info::__sub_kind, __cxxabiv1::__class_type_info const*, void const*, __cxxabiv1::__class_type_info const*, void const*, __cxxabiv1::__class_type_info::__dyncast_result&) const
 .text._ZNSt9exceptionD2Ev
                0x08006f40        0xc C:\Program Files (x86)\GNU Tools ARM Embedded\4.8 2014q2\arm-none-eabi\lib\armv7e-m\fpu\libstdc++.a(eh_exception.o)
                0x08006f40                std::exception::~exception()
                0x08006f40                std::exception::~exception()
 .text._ZNSt13bad_exceptionD2Ev
                0x08006f4c        0xc C:\Program Files (x86)\GNU Tools ARM Embedded\4.8 2014q2\arm-none-eabi\lib\armv7e-m\fpu\libstdc++.a(eh_exception.o)
                0x08006f4c                std::bad_exception::~bad_exception()
                0x08006f4c                std::bad_exception::~bad_exception()
 .text._ZNKSt9exception4whatEv
                0x08006f58        0x8 C:\Program Files (x86)\GNU Tools ARM Embedded\4.8 2014q2\arm-none-eabi\lib\armv7e-m\fpu\libstdc++.a(eh_exception.o)
                0x08006f58                std::exception::what() const
 .text._ZNKSt13bad_exception4whatEv
                0x08006f60        0x8 C:\Program Files (x86)\GNU Tools ARM Embedded\4.8 2014q2\arm-none-eabi\lib\armv7e-m\fpu\libstdc++.a(eh_exception.o)
                0x08006f60                std::bad_exception::what() const
 .text._ZNSt9exceptionD0Ev
                0x08006f68       0x14 C:\Program Files (x86)\GNU Tools ARM Embedded\4.8 2014q2\arm-none-eabi\lib\armv7e-m\fpu\libstdc++.a(eh_exception.o)
                0x08006f68                std::exception::~exception()
 .text._ZNSt13bad_exceptionD0Ev
                0x08006f7c       0x14 C:\Program Files (x86)\GNU Tools ARM Embedded\4.8 2014q2\arm-none-eabi\lib\armv7e-m\fpu\libstdc++.a(eh_exception.o)
                0x08006f7c                std::bad_exception::~bad_exception()
 .text._ZN10__cxxabiv120__si_class_type_infoD2Ev
                0x08006f90       0x14 C:\Program Files (x86)\GNU Tools ARM Embedded\4.8 2014q2\arm-none-eabi\lib\armv7e-m\fpu\libstdc++.a(si_class_type_info.o)
                0x08006f90                __cxxabiv1::__si_class_type_info::~__si_class_type_info()
                0x08006f90                __cxxabiv1::__si_class_type_info::~__si_class_type_info()
 .text._ZN10__cxxabiv120__si_class_type_infoD0Ev
                0x08006fa4       0x1c C:\Program Files (x86)\GNU Tools ARM Embedded\4.8 2014q2\arm-none-eabi\lib\armv7e-m\fpu\libstdc++.a(si_class_type_info.o)
                0x08006fa4                __cxxabiv1::__si_class_type_info::~__si_class_type_info()
 .text._ZNK10__cxxabiv120__si_class_type_info20__do_find_public_srcEiPKvPKNS_17__class_type_infoES2_
                0x08006fc0       0x34 C:\Program Files (x86)\GNU Tools ARM Embedded\4.8 2014q2\arm-none-eabi\lib\armv7e-m\fpu\libstdc++.a(si_class_type_info.o)
                0x08006fc0                __cxxabiv1::__si_class_type_info::__do_find_public_src(int, void const*, __cxxabiv1::__class_type_info const*, void const*) const
 .text._ZNK10__cxxabiv120__si_class_type_info12__do_dyncastEiNS_17__class_type_info10__sub_kindEPKS1_PKvS4_S6_RNS1_16__dyncast_resultE
                0x08006ff4       0x98 C:\Program Files (x86)\GNU Tools ARM Embedded\4.8 2014q2\arm-none-eabi\lib\armv7e-m\fpu\libstdc++.a(si_class_type_info.o)
                0x08006ff4                __cxxabiv1::__si_class_type_info::__do_dyncast(int, __cxxabiv1::__class_type_info::__sub_kind, __cxxabiv1::__class_type_info const*, void const*, __cxxabiv1::__class_type_info const*, void const*, __cxxabiv1::__class_type_info::__dyncast_result&) const
 .text._ZNK10__cxxabiv120__si_class_type_info11__do_upcastEPKNS_17__class_type_infoEPKvRNS1_15__upcast_resultE
                0x0800708c       0x20 C:\Program Files (x86)\GNU Tools ARM Embedded\4.8 2014q2\arm-none-eabi\lib\armv7e-m\fpu\libstdc++.a(si_class_type_info.o)
                0x0800708c                __cxxabiv1::__si_class_type_info::__do_upcast(__cxxabiv1::__class_type_info const*, void const*, __cxxabiv1::__class_type_info::__upcast_result&) const
 .text._ZN10__cxxabiv111__terminateEPFvvE
                0x080070ac       0x28 C:\Program Files (x86)\GNU Tools ARM Embedded\4.8 2014q2\arm-none-eabi\lib\armv7e-m\fpu\libstdc++.a(eh_terminate.o)
                0x080070ac                __cxxabiv1::__terminate(void (*)())
 .text._ZSt9terminatev
                0x080070d4       0x10 C:\Program Files (x86)\GNU Tools ARM Embedded\4.8 2014q2\arm-none-eabi\lib\armv7e-m\fpu\libstdc++.a(eh_terminate.o)
                0x080070d4                std::terminate()
 .text._ZN10__cxxabiv112__unexpectedEPFvvE
                0x080070e4        0x8 C:\Program Files (x86)\GNU Tools ARM Embedded\4.8 2014q2\arm-none-eabi\lib\armv7e-m\fpu\libstdc++.a(eh_terminate.o)
                0x080070e4                __cxxabiv1::__unexpected(void (*)())
 .text._ZSt10unexpectedv
                0x080070ec       0x10 C:\Program Files (x86)\GNU Tools ARM Embedded\4.8 2014q2\arm-none-eabi\lib\armv7e-m\fpu\libstdc++.a(eh_terminate.o)
                0x080070ec                std::unexpected()
 .text.__cxa_begin_catch
                0x080070fc       0x8c C:\Program Files (x86)\GNU Tools ARM Embedded\4.8 2014q2\arm-none-eabi\lib\armv7e-m\fpu\libstdc++.a(eh_catch.o)
                0x080070fc                __cxa_begin_catch
 .text.__cxa_end_catch
                0x08007188       0x8c C:\Program Files (x86)\GNU Tools ARM Embedded\4.8 2014q2\arm-none-eabi\lib\armv7e-m\fpu\libstdc++.a(eh_catch.o)
                0x08007188                __cxa_end_catch
 .text._exit    0x08007214        0x4 C:\Program Files (x86)\GNU Tools ARM Embedded\4.8 2014q2\arm-none-eabi\lib\armv7e-m\fpu\libnosys.a(_exit.o)
                0x08007214                _exit
 *(.init)
 .init          0x08007218        0x4 c:/program files (x86)/gnu tools arm embedded/4.8 2014q2/bin/../lib/gcc/arm-none-eabi/4.8.4/armv7e-m/fpu/crti.o
                0x08007218                _init
 .init          0x0800721c        0x8 c:/program files (x86)/gnu tools arm embedded/4.8 2014q2/bin/../lib/gcc/arm-none-eabi/4.8.4/armv7e-m/fpu/crtn.o
 *(.fini)
 .fini          0x08007224        0x4 c:/program files (x86)/gnu tools arm embedded/4.8 2014q2/bin/../lib/gcc/arm-none-eabi/4.8.4/armv7e-m/fpu/crti.o
                0x08007224                _fini
 .fini          0x08007228        0x8 c:/program files (x86)/gnu tools arm embedded/4.8 2014q2/bin/../lib/gcc/arm-none-eabi/4.8.4/armv7e-m/fpu/crtn.o
 *crtbegin.o(.ctors)
 *crtbegin?.o(.ctors)
 *(EXCLUDE_FILE(*crtend.o *crtend?.o) .ctors)
 *(SORT(.ctors.*))
 *(.ctors)
 *crtbegin.o(.dtors)
 *crtbegin?.o(.dtors)
 *(EXCLUDE_FILE(*crtend.o *crtend?.o) .dtors)
 *(SORT(.dtors.*))
 *(.dtors)
 *(.rodata*)
 .rodata        0x08007230       0x30 ..\obj\FlightControl.o
                0x08007230                vtable for FlightControl
                0x08007244                typeinfo for FlightControl
                0x08007250                typeinfo name for FlightControl
 .rodata._ZTV14APP_Attitude_I
                0x08007260       0x18 ..\obj\FlightControl.o
                0x08007260                vtable for APP_Attitude_I
 .rodata._ZTV13APP_InterfaceI14APP_Attitude_IE
                0x08007278       0x18 ..\obj\FlightControl.o
                0x08007278                vtable for APP_Interface<APP_Attitude_I>
 .rodata._ZTV17APP_InterfaceBase
                0x08007290       0x18 ..\obj\FlightControl.o
                0x08007290                vtable for APP_InterfaceBase
 .rodata._ZTV17ApplicationModule
                0x080072a8       0x18 ..\obj\FlightControl.o
                0x080072a8                vtable for ApplicationModule
 .rodata._ZTV4Task
                0x080072c0       0x18 ..\obj\FlightControl.o
                0x080072c0                vtable for Task
 .rodata._ZTS14APP_Attitude_I
                0x080072d8       0x14 ..\obj\FlightControl.o
                0x080072d8                typeinfo name for APP_Attitude_I
 .rodata._ZTI14APP_Attitude_I
                0x080072ec        0xc ..\obj\FlightControl.o
                0x080072ec                typeinfo for APP_Attitude_I
 .rodata._ZTS13APP_InterfaceI14APP_Attitude_IE
                0x080072f8       0x24 ..\obj\FlightControl.o
                0x080072f8                typeinfo name for APP_Interface<APP_Attitude_I>
 .rodata._ZTI13APP_InterfaceI14APP_Attitude_IE
                0x0800731c        0xc ..\obj\FlightControl.o
                0x0800731c                typeinfo for APP_Interface<APP_Attitude_I>
 .rodata._ZTS17APP_InterfaceBase
                0x08007328       0x14 ..\obj\FlightControl.o
                0x08007328                typeinfo name for APP_InterfaceBase
 .rodata._ZTI17APP_InterfaceBase
                0x0800733c        0x8 ..\obj\FlightControl.o
                0x0800733c                typeinfo for APP_InterfaceBase
 .rodata._ZTS17ApplicationModule
                0x08007344       0x14 ..\obj\FlightControl.o
                0x08007344                typeinfo name for ApplicationModule
 .rodata._ZTI17ApplicationModule
                0x08007358       0x18 ..\obj\FlightControl.o
                0x08007358                typeinfo for ApplicationModule
 .rodata._ZTS4Task
                0x08007370        0x8 ..\obj\FlightControl.o
                0x08007370                typeinfo name for Task
 .rodata._ZTI4Task
                0x08007378        0x8 ..\obj\FlightControl.o
                0x08007378                typeinfo for Task
 .rodata        0x08007380       0x38 ..\obj\FlightDynamics.o
                0x08007380                vtable for FlightDynamics
                0x08007394                typeinfo for FlightDynamics
                0x080073a0                typeinfo name for FlightDynamics
 .rodata        0x080073b8      0x140 ..\obj\Communication.o
                0x080073b8                vtable for Communication
                0x080073cc                typeinfo for Communication
                0x080073d8                typeinfo name for Communication
 .rodata        0x080074f8       0x30 ..\obj\ControlInput.o
                0x080074f8                vtable for ControlInput
                0x0800750c                typeinfo for ControlInput
                0x08007518                typeinfo name for ControlInput
 .rodata        0x08007528       0x64 ..\obj\main.o
 *fill*         0x0800758c        0x4 
 .rodata._ZTV7MPU9150
                0x08007590       0x28 ..\obj\main.o
                0x08007590                vtable for MPU9150
 .rodata._ZTV19HAL_Accelerometer_I
                0x080075b8       0x28 ..\obj\main.o
                0x080075b8                vtable for HAL_Accelerometer_I
 .rodata._ZTV13HAL_Interface
                0x080075e0       0x10 ..\obj\main.o
                0x080075e0                vtable for HAL_Interface
 .rodata._ZTS7MPU9150
                0x080075f0        0xc ..\obj\main.o
                0x080075f0                typeinfo name for MPU9150
 .rodata._ZTI7MPU9150
                0x080075fc        0xc ..\obj\main.o
                0x080075fc                typeinfo for MPU9150
 .rodata._ZTS19HAL_Accelerometer_I
                0x08007608       0x18 ..\obj\main.o
                0x08007608                typeinfo name for HAL_Accelerometer_I
 .rodata._ZTI19HAL_Accelerometer_I
                0x08007620        0xc ..\obj\main.o
                0x08007620                typeinfo for HAL_Accelerometer_I
 .rodata._ZTS13HAL_Interface
                0x0800762c       0x10 ..\obj\main.o
                0x0800762c                typeinfo name for HAL_Interface
 .rodata._ZTI13HAL_Interface
                0x0800763c        0x8 ..\obj\main.o
                0x0800763c                typeinfo for HAL_Interface
 .rodata        0x08007644       0x10 ..\obj\timers.o
 *fill*         0x08007654        0x4 
 .rodata        0x08007658       0x38 ..\obj\FlightNavigation.o
                0x08007658                vtable for FlightNavigation
                0x0800766c                typeinfo for FlightNavigation
                0x08007678                typeinfo name for FlightNavigation
 .rodata        0x08007690       0x50 ..\obj\tasks.o
 .rodata        0x080076e0       0x30 ..\obj\SystemStatus.o
                0x080076e0                vtable for SystemStatus
                0x080076f4                typeinfo for SystemStatus
                0x08007700                typeinfo name for SystemStatus
 .rodata.str1.4
                0x08007710        0x2 C:\Program Files (x86)\GNU Tools ARM Embedded\4.8 2014q2\arm-none-eabi\lib\armv7e-m\fpu\libc.a(lib_a-impure.o)
                                  0x4 (size before relaxing)
 *fill*         0x08007712        0x2 
 .rodata._global_impure_ptr
                0x08007714        0x4 C:\Program Files (x86)\GNU Tools ARM Embedded\4.8 2014q2\arm-none-eabi\lib\armv7e-m\fpu\libc.a(lib_a-impure.o)
                0x08007714                _global_impure_ptr
 .rodata._ZTIN10__cxxabiv121__vmi_class_type_infoE
                0x08007718        0xc C:\Program Files (x86)\GNU Tools ARM Embedded\4.8 2014q2\arm-none-eabi\lib\armv7e-m\fpu\libstdc++.a(vmi_class_type_info.o)
                0x08007718                typeinfo for __cxxabiv1::__vmi_class_type_info
 .rodata._ZTSN10__cxxabiv121__vmi_class_type_infoE
                0x08007724       0x28 C:\Program Files (x86)\GNU Tools ARM Embedded\4.8 2014q2\arm-none-eabi\lib\armv7e-m\fpu\libstdc++.a(vmi_class_type_info.o)
                0x08007724                typeinfo name for __cxxabiv1::__vmi_class_type_info
 *fill*         0x0800774c        0x4 
 .rodata._ZTVN10__cxxabiv121__vmi_class_type_infoE
                0x08007750       0x30 C:\Program Files (x86)\GNU Tools ARM Embedded\4.8 2014q2\arm-none-eabi\lib\armv7e-m\fpu\libstdc++.a(vmi_class_type_info.o)
                0x08007750                vtable for __cxxabiv1::__vmi_class_type_info
 .rodata._ZTIN9__gnu_cxx20recursive_init_errorE
                0x08007780        0xc C:\Program Files (x86)\GNU Tools ARM Embedded\4.8 2014q2\arm-none-eabi\lib\armv7e-m\fpu\libstdc++.a(guard_error.o)
                0x08007780                typeinfo for __gnu_cxx::recursive_init_error
 .rodata._ZTSN9__gnu_cxx20recursive_init_errorE
                0x0800778c       0x24 C:\Program Files (x86)\GNU Tools ARM Embedded\4.8 2014q2\arm-none-eabi\lib\armv7e-m\fpu\libstdc++.a(guard_error.o)
                0x0800778c                typeinfo name for __gnu_cxx::recursive_init_error
 .rodata._ZTVN9__gnu_cxx20recursive_init_errorE
                0x080077b0       0x18 C:\Program Files (x86)\GNU Tools ARM Embedded\4.8 2014q2\arm-none-eabi\lib\armv7e-m\fpu\libstdc++.a(guard_error.o)
                0x080077b0                vtable for __gnu_cxx::recursive_init_error
 .rodata._ZTISt9type_info
                0x080077c8        0x8 C:\Program Files (x86)\GNU Tools ARM Embedded\4.8 2014q2\arm-none-eabi\lib\armv7e-m\fpu\libstdc++.a(tinfo.o)
                0x080077c8                typeinfo for std::type_info
 .rodata._ZTSSt9type_info
                0x080077d0       0x10 C:\Program Files (x86)\GNU Tools ARM Embedded\4.8 2014q2\arm-none-eabi\lib\armv7e-m\fpu\libstdc++.a(tinfo.o)
                0x080077d0                typeinfo name for std::type_info
 .rodata._ZTVSt9type_info
                0x080077e0       0x20 C:\Program Files (x86)\GNU Tools ARM Embedded\4.8 2014q2\arm-none-eabi\lib\armv7e-m\fpu\libstdc++.a(tinfo.o)
                0x080077e0                vtable for std::type_info
 .rodata._ZTVN10__cxxabiv117__class_type_infoE
                0x08007800       0x30 C:\Program Files (x86)\GNU Tools ARM Embedded\4.8 2014q2\arm-none-eabi\lib\armv7e-m\fpu\libstdc++.a(class_type_info.o)
                0x08007800                vtable for __cxxabiv1::__class_type_info
 .rodata._ZTIN10__cxxabiv117__class_type_infoE
                0x08007830        0xc C:\Program Files (x86)\GNU Tools ARM Embedded\4.8 2014q2\arm-none-eabi\lib\armv7e-m\fpu\libstdc++.a(class_type_info.o)
                0x08007830                typeinfo for __cxxabiv1::__class_type_info
 .rodata._ZTSN10__cxxabiv117__class_type_infoE
                0x0800783c       0x24 C:\Program Files (x86)\GNU Tools ARM Embedded\4.8 2014q2\arm-none-eabi\lib\armv7e-m\fpu\libstdc++.a(class_type_info.o)
                0x0800783c                typeinfo name for __cxxabiv1::__class_type_info
 .rodata._ZTVSt9exception
                0x08007860       0x18 C:\Program Files (x86)\GNU Tools ARM Embedded\4.8 2014q2\arm-none-eabi\lib\armv7e-m\fpu\libstdc++.a(eh_exception.o)
                0x08007860                vtable for std::exception
 .rodata._ZTIN10__cxxabiv115__forced_unwindE
                0x08007878        0x8 C:\Program Files (x86)\GNU Tools ARM Embedded\4.8 2014q2\arm-none-eabi\lib\armv7e-m\fpu\libstdc++.a(eh_exception.o)
                0x08007878                typeinfo for __cxxabiv1::__forced_unwind
 .rodata._ZTISt9exception
                0x08007880        0x8 C:\Program Files (x86)\GNU Tools ARM Embedded\4.8 2014q2\arm-none-eabi\lib\armv7e-m\fpu\libstdc++.a(eh_exception.o)
                0x08007880                typeinfo for std::exception
 .rodata._ZTSSt13bad_exception
                0x08007888       0x14 C:\Program Files (x86)\GNU Tools ARM Embedded\4.8 2014q2\arm-none-eabi\lib\armv7e-m\fpu\libstdc++.a(eh_exception.o)
                0x08007888                typeinfo name for std::bad_exception
 .rodata.str1.4
                0x0800789c       0x24 C:\Program Files (x86)\GNU Tools ARM Embedded\4.8 2014q2\arm-none-eabi\lib\armv7e-m\fpu\libstdc++.a(eh_exception.o)
 .rodata._ZTSN10__cxxabiv119__foreign_exceptionE
                0x080078c0       0x24 C:\Program Files (x86)\GNU Tools ARM Embedded\4.8 2014q2\arm-none-eabi\lib\armv7e-m\fpu\libstdc++.a(eh_exception.o)
                0x080078c0                typeinfo name for __cxxabiv1::__foreign_exception
 .rodata._ZTIN10__cxxabiv119__foreign_exceptionE
                0x080078e4        0x8 C:\Program Files (x86)\GNU Tools ARM Embedded\4.8 2014q2\arm-none-eabi\lib\armv7e-m\fpu\libstdc++.a(eh_exception.o)
                0x080078e4                typeinfo for __cxxabiv1::__foreign_exception
 *fill*         0x080078ec        0x4 
 .rodata._ZTVSt13bad_exception
                0x080078f0       0x18 C:\Program Files (x86)\GNU Tools ARM Embedded\4.8 2014q2\arm-none-eabi\lib\armv7e-m\fpu\libstdc++.a(eh_exception.o)
                0x080078f0                vtable for std::bad_exception
 .rodata._ZTSSt9exception
                0x08007908       0x10 C:\Program Files (x86)\GNU Tools ARM Embedded\4.8 2014q2\arm-none-eabi\lib\armv7e-m\fpu\libstdc++.a(eh_exception.o)
                0x08007908                typeinfo name for std::exception
 .rodata._ZTSN10__cxxabiv115__forced_unwindE
                0x08007918       0x20 C:\Program Files (x86)\GNU Tools ARM Embedded\4.8 2014q2\arm-none-eabi\lib\armv7e-m\fpu\libstdc++.a(eh_exception.o)
                0x08007918                typeinfo name for __cxxabiv1::__forced_unwind
 .rodata._ZTISt13bad_exception
                0x08007938        0xc C:\Program Files (x86)\GNU Tools ARM Embedded\4.8 2014q2\arm-none-eabi\lib\armv7e-m\fpu\libstdc++.a(eh_exception.o)
                0x08007938                typeinfo for std::bad_exception
 *fill*         0x08007944        0x4 
 .rodata._ZTVN10__cxxabiv120__si_class_type_infoE
                0x08007948       0x30 C:\Program Files (x86)\GNU Tools ARM Embedded\4.8 2014q2\arm-none-eabi\lib\armv7e-m\fpu\libstdc++.a(si_class_type_info.o)
                0x08007948                vtable for __cxxabiv1::__si_class_type_info
 .rodata._ZTIN10__cxxabiv120__si_class_type_infoE
                0x08007978        0xc C:\Program Files (x86)\GNU Tools ARM Embedded\4.8 2014q2\arm-none-eabi\lib\armv7e-m\fpu\libstdc++.a(si_class_type_info.o)
                0x08007978                typeinfo for __cxxabiv1::__si_class_type_info
 .rodata._ZTSN10__cxxabiv120__si_class_type_infoE
                0x08007984       0x28 C:\Program Files (x86)\GNU Tools ARM Embedded\4.8 2014q2\arm-none-eabi\lib\armv7e-m\fpu\libstdc++.a(si_class_type_info.o)
                0x08007984                typeinfo name for __cxxabiv1::__si_class_type_info
 *(.eh_fram e*)

.glue_7         0x080079ac        0x0
 .glue_7        0x00000000        0x0 linker stubs

.glue_7t        0x080079ac        0x0
 .glue_7t       0x00000000        0x0 linker stubs

.vfp11_veneer   0x080079ac        0x0
 .vfp11_veneer  0x00000000        0x0 linker stubs

.v4_bx          0x080079ac        0x0
 .v4_bx         0x00000000        0x0 linker stubs

.iplt           0x080079ac        0x0
 .iplt          0x00000000        0x0 c:/program files (x86)/gnu tools arm embedded/4.8 2014q2/bin/../lib/gcc/arm-none-eabi/4.8.4/armv7e-m/fpu/crtbegin.o

.ARM.extab      0x080079ac      0x3d0
 *(.ARM.extab* .gnu.linkonce.armextab.*)
 .ARM.extab.text._ZN5MutexC2ERKS_
                0x080079ac        0x0 ..\obj\FlightControl.o
 .ARM.extab.text._ZN5MutexD2Ev
                0x080079ac        0x0 ..\obj\FlightControl.o
 .ARM.extab.text._ZN5Mutex4takeEv
                0x080079ac        0xc ..\obj\FlightControl.o
 .ARM.extab.text._ZN5Mutex7releaseEv
                0x080079b8        0xc ..\obj\FlightControl.o
 .ARM.extab.text._ZN5MutexaSERS_
                0x080079c4        0x0 ..\obj\FlightControl.o
 .ARM.extab.text._ZN5Mutex10get_handleEv
                0x080079c4        0x0 ..\obj\FlightControl.o
 .ARM.extab.text._ZN12MessageQueueD2Ev
                0x080079c4       0x10 ..\obj\FlightControl.o
 .ARM.extab.text._ZN4TaskD2Ev
                0x080079d4       0x10 ..\obj\FlightControl.o
 .ARM.extab.text._ZN4TaskD0Ev
                0x080079e4        0x0 ..\obj\FlightControl.o
 .ARM.extab.text._ZN9MessengerD2Ev
                0x080079e4        0x0 ..\obj\FlightControl.o
 .ARM.extab.text._ZN17APP_InterfaceBase7publishEv
                0x080079e4       0x1c ..\obj\FlightControl.o
 .ARM.extab.text._ZN17APP_InterfaceBase7receiveEv
                0x08007a00        0xc ..\obj\FlightControl.o
 .ARM.extab.text._ZN13FlightControl3runEv
                0x08007a0c        0xc ..\obj\FlightControl.o
 .ARM.extab.text._ZN17ApplicationModuleD2Ev
                0x08007a18        0x0 ..\obj\FlightControl.o
 .ARM.extab.text._ZN17ApplicationModuleD0Ev
                0x08007a18        0x0 ..\obj\FlightControl.o
 .ARM.extab.text._ZN17APP_InterfaceBaseD2Ev
                0x08007a18        0x0 ..\obj\FlightControl.o
 .ARM.extab.text._ZN13APP_InterfaceI14APP_Attitude_IED2Ev
                0x08007a18        0x0 ..\obj\FlightControl.o
 .ARM.extab.text._ZN14APP_Attitude_ID2Ev
                0x08007a18        0x0 ..\obj\FlightControl.o
 .ARM.extab.text._ZN13FlightControlD2Ev
                0x08007a18        0x0 ..\obj\FlightControl.o
 .ARM.extab.text._ZN13FlightControlD0Ev
                0x08007a18        0x0 ..\obj\FlightControl.o
 .ARM.extab.text._ZNK13APP_InterfaceI14APP_Attitude_IE4sizeEv
                0x08007a18        0x0 ..\obj\FlightControl.o
 .ARM.extab.text._ZN17APP_InterfaceBaseC2ERKS_
                0x08007a18        0x0 ..\obj\FlightControl.o
 .ARM.extab.text._ZN13APP_InterfaceI14APP_Attitude_IEC2ERKS1_
                0x08007a18        0x0 ..\obj\FlightControl.o
 .ARM.extab.text._ZN14APP_Attitude_IC2ERKS_
                0x08007a18        0x0 ..\obj\FlightControl.o
 .ARM.extab.text._ZN13APP_InterfaceI14APP_Attitude_IEplEPS0_
                0x08007a18        0x0 ..\obj\FlightControl.o
 .ARM.extab.text._ZN5MutexC2Ev
                0x08007a18        0xc ..\obj\FlightDynamics.o
 .ARM.extab.text._ZN12MessageQueue11try_receiveEPv
                0x08007a24        0xc ..\obj\FlightDynamics.o
 .ARM.extab.text._ZN6EEPROM4loadEPvm
                0x08007a30        0x0 ..\obj\FlightDynamics.o
 .ARM.extab.text._ZN7MessageC2Ev
                0x08007a30        0x0 ..\obj\FlightDynamics.o
 .ARM.extab.text._ZN19MessageDistributionD2Ev
                0x08007a30        0x0 ..\obj\FlightDynamics.o
 .ARM.extab.text._ZN19MessageDistribution11getInstanceEv
                0x08007a30       0x18 ..\obj\FlightDynamics.o
 .ARM.extab.text._ZN19MessageDistribution9subscribeE11MessageTypeR12MessageQueue
                0x08007a48        0xc ..\obj\FlightDynamics.o
 .ARM.extab.text._ZN19MessageDistributionC2Ev
                0x08007a54        0xc ..\obj\FlightDynamics.o
 .ARM.extab.text._ZN9Messenger9subscribeE11MessageType
                0x08007a60        0xc ..\obj\FlightDynamics.o
 .ARM.extab.text._ZN9Messenger11try_receiveEPv
                0x08007a6c        0xc ..\obj\FlightDynamics.o
 .ARM.extab.text._ZN14FlightDynamics4initEv
                0x08007a78        0xc ..\obj\FlightDynamics.o
 .ARM.extab.text._ZN14FlightDynamics3runEv
                0x08007a84        0xc ..\obj\FlightDynamics.o
 .ARM.extab.text._ZN14FlightDynamicsD2Ev
                0x08007a90        0x0 ..\obj\FlightDynamics.o
 .ARM.extab.text._ZN14FlightDynamicsD0Ev
                0x08007a90        0x0 ..\obj\FlightDynamics.o
 .ARM.extab.text._ZN12MessageQueue4sendEPv
                0x08007a90        0xc ..\obj\Communication.o
 .ARM.extab.text._ZN7MessageC2E11MessageTypehhhhhh
                0x08007a9c        0x0 ..\obj\Communication.o
 .ARM.extab.text._ZN19MessageDistribution9broadcastER7Message
                0x08007a9c        0xc ..\obj\Communication.o
 .ARM.extab.text._ZN9Messenger9broadcastE7Message
                0x08007aa8        0xc ..\obj\Communication.o
 .ARM.extab.text._ZN9Messenger9broadcastE11MessageType
                0x08007ab4        0xc ..\obj\Communication.o
 .ARM.extab.text._ZN13Communication3runEv
                0x08007ac0        0xc ..\obj\Communication.o
 .ARM.extab.text._ZN6GlobalIfEC2EfPKc
                0x08007acc        0xc ..\obj\Communication.o
 .ARM.extab.text._ZN6GlobalIfE3setEf
                0x08007ad8        0xc ..\obj\Communication.o
 .ARM.extab.text._ZN13CommunicationD2Ev
                0x08007ae4        0x0 ..\obj\Communication.o
 .ARM.extab.text._ZN13CommunicationD0Ev
                0x08007ae4        0x0 ..\obj\Communication.o
 .ARM.extab.text._ZN6GlobalIfED2Ev
                0x08007ae4        0x0 ..\obj\Communication.o
 .ARM.extab.text._ZN12ControlInput3runEv
                0x08007ae4        0xc ..\obj\ControlInput.o
 .ARM.extab.text._ZN12ControlInputD2Ev
                0x08007af0        0x0 ..\obj\ControlInput.o
 .ARM.extab.text._ZN12ControlInputD0Ev
                0x08007af0        0x0 ..\obj\ControlInput.o
 .ARM.extab.text._ZN12MessageQueueC2Ett
                0x08007af0        0xc ..\obj\main.o
 .ARM.extab.text._ZN4TaskC2EPKcmh
                0x08007afc        0xc ..\obj\main.o
 .ARM.extab.text._ZN4Task7runFuncEPv
                0x08007b08        0xc ..\obj\main.o
 .ARM.extab.text._Z14schedulerStartv
                0x08007b14        0x0 ..\obj\main.o
 .ARM.extab.text._ZN6EEPROMC2EPKcm
                0x08007b14        0x0 ..\obj\main.o
 .ARM.extab.text._ZN9MessengerC2Ev
                0x08007b14        0xc ..\obj\main.o
 .ARM.extab.text._ZN17ApplicationModuleC2EPKcmhm
                0x08007b20       0x1c ..\obj\main.o
 .ARM.extab.text._ZN13HAL_InterfaceD2Ev
                0x08007b3c        0x0 ..\obj\main.o
 .ARM.extab.text._ZN13HAL_InterfaceD0Ev
                0x08007b3c        0x0 ..\obj\main.o
 .ARM.extab.text._ZN13HAL_InterfaceC2Ev
                0x08007b3c        0x0 ..\obj\main.o
 .ARM.extab.text._ZN19HAL_Accelerometer_IC2Ev
                0x08007b3c        0x0 ..\obj\main.o
 .ARM.extab.text._ZN19HAL_Accelerometer_ID2Ev
                0x08007b3c        0x0 ..\obj\main.o
 .ARM.extab.text._ZN19HAL_Accelerometer_ID0Ev
                0x08007b3c        0x0 ..\obj\main.o
 .ARM.extab.text._ZN7MPU9150C2Ev
                0x08007b3c        0x0 ..\obj\main.o
 .ARM.extab.text._ZN7MPU91508is_aliveEv
                0x08007b3c        0x0 ..\obj\main.o
 .ARM.extab.text._ZN7MPU91508is_errorEv
                0x08007b3c        0x0 ..\obj\main.o
 .ARM.extab.text._ZN7MPU91508get_dataERfS0_S0_
                0x08007b3c        0x0 ..\obj\main.o
 .ARM.extab.text._ZN7MPU91507restartEv
                0x08007b3c        0x0 ..\obj\main.o
 .ARM.extab.text._ZN7MPU915015set_calibrationER24AccelerometerCalibration
                0x08007b3c        0x0 ..\obj\main.o
 .ARM.extab.text._ZN7MPU915015get_calibrationER24AccelerometerCalibration
                0x08007b3c        0x0 ..\obj\main.o
 .ARM.extab.text._ZN14APP_Attitude_IC2Ev
                0x08007b3c        0xc ..\obj\main.o
 .ARM.extab.text._ZN13CommunicationC2EPKcmhm
                0x08007b48       0x20 ..\obj\main.o
 .ARM.extab.text._ZN12ControlInputC2EPKcmhm
                0x08007b68       0x1c ..\obj\main.o
 .ARM.extab.text._ZN13FlightControlC2EPKcmhm
                0x08007b84       0x1c ..\obj\main.o
 .ARM.extab.text._ZN14FlightDynamicsC2EPKcmhm
                0x08007ba0        0xc ..\obj\main.o
 .ARM.extab.text._ZN16FlightNavigationC2EPKcmhm
                0x08007bac       0x1c ..\obj\main.o
 .ARM.extab.text._ZN12SystemStatusC2EPKcmhm
                0x08007bc8        0xc ..\obj\main.o
 .ARM.extab.text._ZN14APP_Attitude_IC2ESt16initializer_listIPS_E
                0x08007bd4        0xc ..\obj\main.o
 .ARM.extab.text.main
                0x08007be0       0x48 ..\obj\main.o
 .ARM.extab.text._ZN17APP_InterfaceBaseC2Ev
                0x08007c28        0xc ..\obj\main.o
 .ARM.extab.text._ZN13APP_InterfaceI14APP_Attitude_IEC2Ev
                0x08007c34        0xc ..\obj\main.o
 .ARM.extab.text._ZNKSt16initializer_listIP14APP_Attitude_IE5beginEv
                0x08007c40        0x0 ..\obj\main.o
 .ARM.extab.text._ZNKSt16initializer_listIP14APP_Attitude_IE4sizeEv
                0x08007c40        0x0 ..\obj\main.o
 .ARM.extab.text._ZNKSt16initializer_listIP14APP_Attitude_IE3endEv
                0x08007c40        0x0 ..\obj\main.o
 .ARM.extab.text._ZN13APP_InterfaceI14APP_Attitude_IEC2ESt16initializer_listIPS0_E
                0x08007c40        0xc ..\obj\main.o
 .ARM.extab.text._ZN7MPU9150D2Ev
                0x08007c4c        0x0 ..\obj\main.o
 .ARM.extab.text._ZN7MPU9150D0Ev
                0x08007c4c        0x0 ..\obj\main.o
 .ARM.extab.text._ZN16FlightNavigationD2Ev
                0x08007c4c        0x0 ..\obj\main.o
 .ARM.extab.text._ZN16FlightNavigationD0Ev
                0x08007c4c        0x0 ..\obj\main.o
 .ARM.extab.text._ZN12SystemStatusD2Ev
                0x08007c4c        0x0 ..\obj\main.o
 .ARM.extab.text._ZN12SystemStatusD0Ev
                0x08007c4c        0x0 ..\obj\main.o
 .ARM.extab.text._ZN16FlightNavigation3runEv
                0x08007c4c        0xc ..\obj\FlightNavigation.o
 .ARM.extab.text._ZN9Messenger7send_toEPS_7Message
                0x08007c58        0xc ..\obj\SystemStatus.o
 .ARM.extab.text._ZN9Messenger7respondER7MessageS0_
                0x08007c64        0xc ..\obj\SystemStatus.o
 .ARM.extab.text._ZN12SystemStatus4initEv
                0x08007c70        0xc ..\obj\SystemStatus.o
 .ARM.extab.text._ZN12SystemStatus3runEv
                0x08007c7c        0xc ..\obj\SystemStatus.o
 .ARM.extab.text._ZN12SystemStatus14handle_messageER7Message
                0x08007c88        0xc ..\obj\SystemStatus.o
 .ARM.extab     0x08007c94        0xc c:/program files (x86)/gnu tools arm embedded/4.8 2014q2/bin/../lib/gcc/arm-none-eabi/4.8.4/armv7e-m/fpu\libgcc.a(unwind-arm.o)
 .ARM.extab     0x08007ca0       0x18 c:/program files (x86)/gnu tools arm embedded/4.8 2014q2/bin/../lib/gcc/arm-none-eabi/4.8.4/armv7e-m/fpu\libgcc.a(pr-support.o)
 .ARM.extab.text.__cxa_guard_acquire
                0x08007cb8        0xc C:\Program Files (x86)\GNU Tools ARM Embedded\4.8 2014q2\arm-none-eabi\lib\armv7e-m\fpu\libstdc++.a(guard.o)
 .ARM.extab.text._ZL21base_of_encoded_valuehP15_Unwind_Context
                0x08007cc4        0xc C:\Program Files (x86)\GNU Tools ARM Embedded\4.8 2014q2\arm-none-eabi\lib\armv7e-m\fpu\libstdc++.a(eh_personality.o)
 .ARM.extab.text.__gxx_personality_v0
                0x08007cd0       0x20 C:\Program Files (x86)\GNU Tools ARM Embedded\4.8 2014q2\arm-none-eabi\lib\armv7e-m\fpu\libstdc++.a(eh_personality.o)
 .ARM.extab.text.__cxa_call_unexpected
                0x08007cf0       0x28 C:\Program Files (x86)\GNU Tools ARM Embedded\4.8 2014q2\arm-none-eabi\lib\armv7e-m\fpu\libstdc++.a(eh_call.o)
 .ARM.extab.text._ZN10__cxxabiv111__terminateEPFvvE
                0x08007d18       0x2c C:\Program Files (x86)\GNU Tools ARM Embedded\4.8 2014q2\arm-none-eabi\lib\armv7e-m\fpu\libstdc++.a(eh_terminate.o)
 .ARM.extab.text._ZN10__cxxabiv112__unexpectedEPFvvE
                0x08007d44        0xc C:\Program Files (x86)\GNU Tools ARM Embedded\4.8 2014q2\arm-none-eabi\lib\armv7e-m\fpu\libstdc++.a(eh_terminate.o)
 .ARM.extab.text._ZSt10unexpectedv
                0x08007d50        0xc C:\Program Files (x86)\GNU Tools ARM Embedded\4.8 2014q2\arm-none-eabi\lib\armv7e-m\fpu\libstdc++.a(eh_terminate.o)
 .ARM.extab.text.__cxa_begin_catch
                0x08007d5c       0x20 C:\Program Files (x86)\GNU Tools ARM Embedded\4.8 2014q2\arm-none-eabi\lib\armv7e-m\fpu\libstdc++.a(eh_catch.o)
                0x08007d7c                __exidx_start = .

.eh_frame       0x08007d7c        0x0
 .eh_frame      0x08007d7c        0x0 c:/program files (x86)/gnu tools arm embedded/4.8 2014q2/bin/../lib/gcc/arm-none-eabi/4.8.4/armv7e-m/fpu/crtbegin.o

.ARM.exidx      0x08007d7c      0x3e0
 *(.ARM.exidx* .gnu.linkonce.armexidx.*)